Archive member included to satisfy reference by file (symbol)

c:/ac6/systemworkbench/plugins/fr.ac6.mcu.externaltools.arm-none.win32_1.13.3.201707031232/tools/compiler/bin/../lib/gcc/arm-none-eabi/5.4.1/../../../../arm-none-eabi/lib/armv6-m\libm.a(lib_a-s_log2.o)
                              Src/lcd.o (log2)
c:/ac6/systemworkbench/plugins/fr.ac6.mcu.externaltools.arm-none.win32_1.13.3.201707031232/tools/compiler/bin/../lib/gcc/arm-none-eabi/5.4.1/../../../../arm-none-eabi/lib/armv6-m\libm.a(lib_a-s_round.o)
                              Src/battery.o (round)
c:/ac6/systemworkbench/plugins/fr.ac6.mcu.externaltools.arm-none.win32_1.13.3.201707031232/tools/compiler/bin/../lib/gcc/arm-none-eabi/5.4.1/../../../../arm-none-eabi/lib/armv6-m\libm.a(lib_a-w_log.o)
                              c:/ac6/systemworkbench/plugins/fr.ac6.mcu.externaltools.arm-none.win32_1.13.3.201707031232/tools/compiler/bin/../lib/gcc/arm-none-eabi/5.4.1/../../../../arm-none-eabi/lib/armv6-m\libm.a(lib_a-s_log2.o) (log)
c:/ac6/systemworkbench/plugins/fr.ac6.mcu.externaltools.arm-none.win32_1.13.3.201707031232/tools/compiler/bin/../lib/gcc/arm-none-eabi/5.4.1/../../../../arm-none-eabi/lib/armv6-m\libm.a(lib_a-e_log.o)
                              c:/ac6/systemworkbench/plugins/fr.ac6.mcu.externaltools.arm-none.win32_1.13.3.201707031232/tools/compiler/bin/../lib/gcc/arm-none-eabi/5.4.1/../../../../arm-none-eabi/lib/armv6-m\libm.a(lib_a-w_log.o) (__ieee754_log)
c:/ac6/systemworkbench/plugins/fr.ac6.mcu.externaltools.arm-none.win32_1.13.3.201707031232/tools/compiler/bin/../lib/gcc/arm-none-eabi/5.4.1/../../../../arm-none-eabi/lib/armv6-m\libm.a(lib_a-s_lib_ver.o)
                              c:/ac6/systemworkbench/plugins/fr.ac6.mcu.externaltools.arm-none.win32_1.13.3.201707031232/tools/compiler/bin/../lib/gcc/arm-none-eabi/5.4.1/../../../../arm-none-eabi/lib/armv6-m\libm.a(lib_a-w_log.o) (__fdlib_version)
c:/ac6/systemworkbench/plugins/fr.ac6.mcu.externaltools.arm-none.win32_1.13.3.201707031232/tools/compiler/bin/../lib/gcc/arm-none-eabi/5.4.1/../../../../arm-none-eabi/lib/armv6-m\libm.a(lib_a-s_matherr.o)
                              c:/ac6/systemworkbench/plugins/fr.ac6.mcu.externaltools.arm-none.win32_1.13.3.201707031232/tools/compiler/bin/../lib/gcc/arm-none-eabi/5.4.1/../../../../arm-none-eabi/lib/armv6-m\libm.a(lib_a-w_log.o) (matherr)
c:/ac6/systemworkbench/plugins/fr.ac6.mcu.externaltools.arm-none.win32_1.13.3.201707031232/tools/compiler/bin/../lib/gcc/arm-none-eabi/5.4.1/../../../../arm-none-eabi/lib/armv6-m\libm.a(lib_a-s_nan.o)
                              c:/ac6/systemworkbench/plugins/fr.ac6.mcu.externaltools.arm-none.win32_1.13.3.201707031232/tools/compiler/bin/../lib/gcc/arm-none-eabi/5.4.1/../../../../arm-none-eabi/lib/armv6-m\libm.a(lib_a-w_log.o) (nan)
c:/ac6/systemworkbench/plugins/fr.ac6.mcu.externaltools.arm-none.win32_1.13.3.201707031232/tools/compiler/bin/../lib/gcc/arm-none-eabi/5.4.1/armv6-m\libgcc.a(_udivsi3.o)
                              Drivers/STM32L0xx_HAL_Driver/Src/stm32l0xx_hal.o (__aeabi_uidiv)
c:/ac6/systemworkbench/plugins/fr.ac6.mcu.externaltools.arm-none.win32_1.13.3.201707031232/tools/compiler/bin/../lib/gcc/arm-none-eabi/5.4.1/armv6-m\libgcc.a(_dvmd_tls.o)
                              c:/ac6/systemworkbench/plugins/fr.ac6.mcu.externaltools.arm-none.win32_1.13.3.201707031232/tools/compiler/bin/../lib/gcc/arm-none-eabi/5.4.1/armv6-m\libgcc.a(_udivsi3.o) (__aeabi_idiv0)
c:/ac6/systemworkbench/plugins/fr.ac6.mcu.externaltools.arm-none.win32_1.13.3.201707031232/tools/compiler/bin/../lib/gcc/arm-none-eabi/5.4.1/armv6-m\libgcc.a(_arm_cmpdf2.o)
                              c:/ac6/systemworkbench/plugins/fr.ac6.mcu.externaltools.arm-none.win32_1.13.3.201707031232/tools/compiler/bin/../lib/gcc/arm-none-eabi/5.4.1/../../../../arm-none-eabi/lib/armv6-m\libm.a(lib_a-w_log.o) (__aeabi_dcmpeq)
c:/ac6/systemworkbench/plugins/fr.ac6.mcu.externaltools.arm-none.win32_1.13.3.201707031232/tools/compiler/bin/../lib/gcc/arm-none-eabi/5.4.1/armv6-m\libgcc.a(_aeabi_uldivmod.o)
                              Drivers/STM32L0xx_HAL_Driver/Src/stm32l0xx_hal_uart.o (__aeabi_uldivmod)
c:/ac6/systemworkbench/plugins/fr.ac6.mcu.externaltools.arm-none.win32_1.13.3.201707031232/tools/compiler/bin/../lib/gcc/arm-none-eabi/5.4.1/armv6-m\libgcc.a(_fixunsdfsi.o)
                              Src/battery.o (__aeabi_d2uiz)
c:/ac6/systemworkbench/plugins/fr.ac6.mcu.externaltools.arm-none.win32_1.13.3.201707031232/tools/compiler/bin/../lib/gcc/arm-none-eabi/5.4.1/armv6-m\libgcc.a(_udivmoddi4.o)
                              c:/ac6/systemworkbench/plugins/fr.ac6.mcu.externaltools.arm-none.win32_1.13.3.201707031232/tools/compiler/bin/../lib/gcc/arm-none-eabi/5.4.1/armv6-m\libgcc.a(_aeabi_uldivmod.o) (__udivmoddi4)
c:/ac6/systemworkbench/plugins/fr.ac6.mcu.externaltools.arm-none.win32_1.13.3.201707031232/tools/compiler/bin/../lib/gcc/arm-none-eabi/5.4.1/armv6-m\libgcc.a(divsf3.o)
[...]
Memory Configuration

Name             Origin             Length             Attributes
RAM              0x20000000         0x00002000         xrw
FLASH            0x08000000         0x00010000         xr
*default*        0x00000000         0xffffffff

Linker script and memory map

LOAD c:/ac6/systemworkbench/plugins/fr.ac6.mcu.externaltools.arm-none.win32_1.13.3.201707031232/tools/compiler/bin/../lib/gcc/arm-none-eabi/5.4.1/armv6-m/crti.o
LOAD c:/ac6/systemworkbench/plugins/fr.ac6.mcu.externaltools.arm-none.win32_1.13.3.201707031232/tools/compiler/bin/../lib/gcc/arm-none-eabi/5.4.1/armv6-m/crtbegin.o
LOAD c:/ac6/systemworkbench/plugins/fr.ac6.mcu.externaltools.arm-none.win32_1.13.3.201707031232/tools/compiler/bin/../lib/gcc/arm-none-eabi/5.4.1/../../../../arm-none-eabi/lib/armv6-m/crt0.o
LOAD Drivers/STM32L0xx_HAL_Driver/Src/stm32l0xx_hal.o
LOAD Drivers/STM32L0xx_HAL_Driver/Src/stm32l0xx_hal_adc.o
LOAD Drivers/STM32L0xx_HAL_Driver/Src/stm32l0xx_hal_adc_ex.o
LOAD Drivers/STM32L0xx_HAL_Driver/Src/stm32l0xx_hal_cortex.o
LOAD Drivers/STM32L0xx_HAL_Driver/Src/stm32l0xx_hal_dma.o
LOAD Drivers/STM32L0xx_HAL_Driver/Src/stm32l0xx_hal_flash.o
LOAD Drivers/STM32L0xx_HAL_Driver/Src/stm32l0xx_hal_flash_ex.o
LOAD Drivers/STM32L0xx_HAL_Driver/Src/stm32l0xx_hal_flash_ramfunc.o
LOAD Drivers/STM32L0xx_HAL_Driver/Src/stm32l0xx_hal_gpio.o
LOAD Drivers/STM32L0xx_HAL_Driver/Src/stm32l0xx_hal_i2c.o
LOAD Drivers/STM32L0xx_HAL_Driver/Src/stm32l0xx_hal_i2c_ex.o
LOAD Drivers/STM32L0xx_HAL_Driver/Src/stm32l0xx_hal_lptim.o
LOAD Drivers/STM32L0xx_HAL_Driver/Src/stm32l0xx_hal_pwr.o
LOAD Drivers/STM32L0xx_HAL_Driver/Src/stm32l0xx_hal_pwr_ex.o
LOAD Drivers/STM32L0xx_HAL_Driver/Src/stm32l0xx_hal_rcc.o
LOAD Drivers/STM32L0xx_HAL_Driver/Src/stm32l0xx_hal_rcc_ex.o
LOAD Drivers/STM32L0xx_HAL_Driver/Src/stm32l0xx_hal_rtc.o
LOAD Drivers/STM32L0xx_HAL_Driver/Src/stm32l0xx_hal_rtc_ex.o
LOAD Drivers/STM32L0xx_HAL_Driver/Src/stm32l0xx_hal_spi.o
LOAD Drivers/STM32L0xx_HAL_Driver/Src/stm32l0xx_hal_tim.o
LOAD Drivers/STM32L0xx_HAL_Driver/Src/stm32l0xx_hal_tim_ex.o
LOAD Drivers/STM32L0xx_HAL_Driver/Src/stm32l0xx_hal_uart.o
LOAD Drivers/STM32L0xx_HAL_Driver/Src/stm32l0xx_hal_uart_ex.o
LOAD Drivers/freemodbus/modbus/functions/mbfunccoils.o
LOAD Drivers/freemodbus/modbus/functions/mbfuncdiag.o
LOAD Drivers/freemodbus/modbus/functions/mbfuncdisc.o
LOAD Drivers/freemodbus/modbus/functions/mbfuncholding.o
LOAD Drivers/freemodbus/modbus/functions/mbfuncinput.o
LOAD Drivers/freemodbus/modbus/functions/mbfuncother.o
LOAD Drivers/freemodbus/modbus/functions/mbutils.o
LOAD Drivers/freemodbus/modbus/mb.o
LOAD Drivers/freemodbus/modbus/rtu/mbrtu.o
LOAD Drivers/freemodbus/port/mbcrc.o
LOAD Drivers/freemodbus/port/portevent.o
LOAD Drivers/freemodbus/port/portserial.o
LOAD Drivers/freemodbus/port/porttimer.o
LOAD Src/BV1750FVI.o
LOAD Src/SoilMoisture.o
LOAD Src/adc.o
LOAD Src/am2302.o
LOAD Src/battery.o
LOAD Src/co2.o
LOAD Src/dma.o
LOAD Src/gpio.o
LOAD Src/i2c.o
LOAD Src/lcd.o
LOAD Src/lptim.o
LOAD Src/main.o
LOAD Src/mbtask.o
LOAD Src/power.o
LOAD Src/rtc.o
LOAD Src/rtctools.o
LOAD Src/spi.o
LOAD Src/stm32l0xx_hal_msp.o
LOAD Src/stm32l0xx_it.o
LOAD Src/system_stm32l0xx.o
LOAD Src/tim.o
LOAD Src/usart.o
LOAD startup/startup_stm32l053xx.o
LOAD c:/ac6/systemworkbench/plugins/fr.ac6.mcu.externaltools.arm-none.win32_1.13.3.201707031232/tools/compiler/bin/../lib/gcc/arm-none-eabi/5.4.1/../../../../arm-none-eabi/lib/armv6-m\libm.a
START GROUP
LOAD c:/ac6/systemworkbench/plugins/fr.ac6.mcu.externaltools.arm-none.win32_1.13.3.201707031232/tools/compiler/bin/../lib/gcc/arm-none-eabi/5.4.1/armv6-m\libgcc.a
LOAD c:/ac6/systemworkbench/plugins/fr.ac6.mcu.externaltools.arm-none.win32_1.13.3.201707031232/tools/compiler/bin/../lib/gcc/arm-none-eabi/5.4.1/../../../../arm-none-eabi/lib/armv6-m\libc_nano.a
END GROUP
START GROUP
LOAD c:/ac6/systemworkbench/plugins/fr.ac6.mcu.externaltools.arm-none.win32_1.13.3.201707031232/tools/compiler/bin/../lib/gcc/arm-none-eabi/5.4.1/armv6-m\libgcc.a
LOAD c:/ac6/systemworkbench/plugins/fr.ac6.mcu.externaltools.arm-none.win32_1.13.3.201707031232/tools/compiler/bin/../lib/gcc/arm-none-eabi/5.4.1/../../../../arm-none-eabi/lib/armv6-m\libc_nano.a
LOAD c:/ac6/systemworkbench/plugins/fr.ac6.mcu.externaltools.arm-none.win32_1.13.3.201707031232/tools/compiler/bin/../lib/gcc/arm-none-eabi/5.4.1/../../../../arm-none-eabi/lib/armv6-m\libnosys.a
END GROUP
START GROUP
LOAD c:/ac6/systemworkbench/plugins/fr.ac6.mcu.externaltools.arm-none.win32_1.13.3.201707031232/tools/compiler/bin/../lib/gcc/arm-none-eabi/5.4.1/armv6-m\libgcc.a
LOAD c:/ac6/systemworkbench/plugins/fr.ac6.mcu.externaltools.arm-none.win32_1.13.3.201707031232/tools/compiler/bin/../lib/gcc/arm-none-eabi/5.4.1/../../../../arm-none-eabi/lib/armv6-m\libc_nano.a
LOAD c:/ac6/systemworkbench/plugins/fr.ac6.mcu.externaltools.arm-none.win32_1.13.3.201707031232/tools/compiler/bin/../lib/gcc/arm-none-eabi/5.4.1/../../../../arm-none-eabi/lib/armv6-m\libnosys.a
END GROUP
LOAD c:/ac6/systemworkbench/plugins/fr.ac6.mcu.externaltools.arm-none.win32_1.13.3.201707031232/tools/compiler/bin/../lib/gcc/arm-none-eabi/5.4.1/armv6-m/crtend.o
LOAD c:/ac6/systemworkbench/plugins/fr.ac6.mcu.externaltools.arm-none.win32_1.13.3.201707031232/tools/compiler/bin/../lib/gcc/arm-none-eabi/5.4.1/armv6-m/crtn.o
                0x20002000                _estack = 0x20002000
                0x00000200                _Min_Heap_Size = 0x200
                0x00000400                _Min_Stack_Size = 0x400

.isr_vector     0x08000000       0xc0
                0x08000000                . = ALIGN (0x4)
 *(.isr_vector)
 .isr_vector    0x08000000       0xc0 startup/startup_stm32l053xx.o
                0x08000000                g_pfnVectors
                0x080000c0                . = ALIGN (0x4)

.text           0x080000c0     0xd4bc
                0x080000c0                . = ALIGN (0x4)
 *(.text)
 .text          0x080000c0       0x60 c:/ac6/systemworkbench/plugins/fr.ac6.mcu.externaltools.arm-none.win32_1.13.3.201707031232/tools/compiler/bin/../lib/gcc/arm-none-eabi/5.4.1/armv6-m/crtbegin.o
 .text          0x08000120      0x114 c:/ac6/systemworkbench/plugins/fr.ac6.mcu.externaltools.arm-none.win32_1.13.3.201707031232/tools/compiler/bin/../lib/gcc/arm-none-eabi/5.4.1/armv6-m\libgcc.a(_udivsi3.o)
                0x08000120                __aeabi_uidiv
                0x08000120                __udivsi3
                0x0800022c                __aeabi_uidivmod
 .text          0x08000234        0x4 c:/ac6/systemworkbench/plugins/fr.ac6.mcu.externaltools.arm-none.win32_1.13.3.201707031232/tools/compiler/bin/../lib/gcc/arm-none-eabi/5.4.1/armv6-m\libgcc.a(_dvmd_tls.o)
                0x08000234                __aeabi_idiv0
                0x08000234                __aeabi_ldiv0
 .text          0x08000238       0x7c c:/ac6/systemworkbench/plugins/fr.ac6.mcu.externaltools.arm-none.win32_1.13.3.201707031232/tools/compiler/bin/../lib/gcc/arm-none-eabi/5.4.1/armv6-m\libgcc.a(_arm_cmpdf2.o)
                0x08000238                __aeabi_cdrcmple
                0x08000248                __aeabi_cdcmple
                0x08000248                __aeabi_cdcmpeq
                0x08000258                __aeabi_dcmpeq
                0x08000264                __aeabi_dcmplt
                0x08000278                __aeabi_dcmple
                0x0800028c                __aeabi_dcmpgt
                0x080002a0                __aeabi_dcmpge
 .text          0x080002b4       0x40 c:/ac6/systemworkbench/plugins/fr.ac6.mcu.externaltools.arm-none.win32_1.13.3.201707031232/tools/compiler/bin/../lib/gcc/arm-none-eabi/5.4.1/armv6-m\libgcc.a(_aeabi_uldivmod.o)
                0x080002b4                __aeabi_uldivmod
 .text          0x080002f4       0x3c c:/ac6/systemworkbench/plugins/fr.ac6.mcu.externaltools.arm-none.win32_1.13.3.201707031232/tools/compiler/bin/../lib/gcc/arm-none-eabi/5.4.1/armv6-m\libgcc.a(_fixunsdfsi.o)
                0x080002f4                __aeabi_d2uiz
                0x080002f4                __fixunsdfsi
 .text          0x08000330      0x180 c:/ac6/systemworkbench/plugins/fr.ac6.mcu.externaltools.arm-none.win32_1.13.3.201707031232/tools/compiler/bin/../lib/gcc/arm-none-eabi/5.4.1/armv6-m\libgcc.a(_udivmoddi4.o)
                0x08000330                __udivmoddi4
 .text          0x080004b0      0x234 c:/ac6/systemworkbench/plugins/fr.ac6.mcu.externaltools.arm-none.win32_1.13.3.201707031232/tools/compiler/bin/../lib/gcc/arm-none-eabi/5.4.1/armv6-m\libgcc.a(divsf3.o)
                0x080004b0                __aeabi_fdiv
 .text          0x080006e4      0x228 c:/ac6/systemworkbench/plugins/fr.ac6.mcu.externaltools.arm-none.win32_1.13.3.201707031232/tools/compiler/bin/../lib/gcc/arm-none-eabi/5.4.1/armv6-m\libgcc.a(mulsf3.o)
                0x080006e4                __aeabi_fmul
 .text          0x0800090c      0x30c c:/ac6/systemworkbench/plugins/fr.ac6.mcu.externaltools.arm-none.win32_1.13.3.201707031232/tools/compiler/bin/../lib/gcc/arm-none-eabi/5.4.1/armv6-m\libgcc.a(subsf3.o)
                0x0800090c                __aeabi_fsub
 .text          0x08000c18       0x44 c:/ac6/systemworkbench/plugins/fr.ac6.mcu.externaltools.arm-none.win32_1.13.3.201707031232/tools/compiler/bin/../lib/gcc/arm-none-eabi/5.4.1/armv6-m\libgcc.a(fixsfsi.o)
                0x08000c18                __aeabi_f2iz
 .text          0x08000c5c       0x90 c:/ac6/systemworkbench/plugins/fr.ac6.mcu.externaltools.arm-none.win32_1.13.3.201707031232/tools/compiler/bin/../lib/gcc/arm-none-eabi/5.4.1/armv6-m\libgcc.a(floatsisf.o)
                0x08000c5c                __aeabi_i2f
 .text          0x08000cec       0x7c c:/ac6/systemworkbench/plugins/fr.ac6.mcu.externaltools.arm-none.win32_1.13.3.201707031232/tools/compiler/bin/../lib/gcc/arm-none-eabi/5.4.1/armv6-m\libgcc.a(floatunsisf.o)
                0x08000cec                __aeabi_ui2f
 .text          0x08000d68      0x658 c:/ac6/systemworkbench/plugins/fr.ac6.mcu.externaltools.arm-none.win32_1.13.3.201707031232/tools/compiler/bin/../lib/gcc/arm-none-eabi/5.4.1/armv6-m\libgcc.a(adddf3.o)
                0x08000d68                __aeabi_dadd
 .text          0x080013c0      0x62c c:/ac6/systemworkbench/plugins/fr.ac6.mcu.externaltools.arm-none.win32_1.13.3.201707031232/tools/compiler/bin/../lib/gcc/arm-none-eabi/5.4.1/armv6-m\libgcc.a(divdf3.o)
                0x080013c0                __aeabi_ddiv
 .text          0x080019ec       0x80 c:/ac6/systemworkbench/plugins/fr.ac6.mcu.externaltools.arm-none.win32_1.13.3.201707031232/tools/compiler/bin/../lib/gcc/arm-none-eabi/5.4.1/armv6-m\libgcc.a(eqdf2.o)
                0x080019ec                __nedf2
                0x080019ec                __eqdf2
 .text          0x08001a6c       0xc8 c:/ac6/systemworkbench/plugins/fr.ac6.mcu.externaltools.arm-none.win32_1.13.3.201707031232/tools/compiler/bin/../lib/gcc/arm-none-eabi/5.4.1/armv6-m\libgcc.a(gedf2.o)
                0x08001a6c                __gedf2
                0x08001a6c                __gtdf2
 .text          0x08001b34       0xd4 c:/ac6/systemworkbench/plugins/fr.ac6.mcu.externaltools.arm-none.win32_1.13.3.201707031232/tools/compiler/bin/../lib/gcc/arm-none-eabi/5.4.1/armv6-m\libgcc.a(ledf2.o)
                0x08001b34                __ledf2
                0x08001b34                __ltdf2
 .text          0x08001c08      0x4f4 c:/ac6/systemworkbench/plugins/fr.ac6.mcu.externaltools.arm-none.win32_1.13.3.201707031232/tools/compiler/bin/../lib/gcc/arm-none-eabi/5.4.1/armv6-m\libgcc.a(muldf3.o)
                0x08001c08                __aeabi_dmul
 .text          0x080020fc      0x6a8 c:/ac6/systemworkbench/plugins/fr.ac6.mcu.externaltools.arm-none.win32_1.13.3.201707031232/tools/compiler/bin/../lib/gcc/arm-none-eabi/5.4.1/armv6-m\libgcc.a(subdf3.o)
                0x080020fc                __aeabi_dsub
 .text          0x080027a4       0x40 c:/ac6/systemworkbench/plugins/fr.ac6.mcu.externaltools.arm-none.win32_1.13.3.201707031232/tools/compiler/bin/../lib/gcc/arm-none-eabi/5.4.1/armv6-m\libgcc.a(unorddf2.o)
                0x080027a4                __aeabi_dcmpun
 .text          0x080027e4       0x6c c:/ac6/systemworkbench/plugins/fr.ac6.mcu.externaltools.arm-none.win32_1.13.3.201707031232/tools/compiler/bin/../lib/gcc/arm-none-eabi/5.4.1/armv6-m\libgcc.a(fixdfsi.o)
                0x080027e4                __aeabi_d2iz
 .text          0x08002850       0x84 c:/ac6/systemworkbench/plugins/fr.ac6.mcu.externaltools.arm-none.win32_1.13.3.201707031232/tools/compiler/bin/../lib/gcc/arm-none-eabi/5.4.1/armv6-m\libgcc.a(floatsidf.o)
                0x08002850                __aeabi_i2d
 .text          0x080028d4       0x70 c:/ac6/systemworkbench/plugins/fr.ac6.mcu.externaltools.arm-none.win32_1.13.3.201707031232/tools/compiler/bin/../lib/gcc/arm-none-eabi/5.4.1/armv6-m\libgcc.a(floatunsidf.o)
                0x080028d4                __aeabi_ui2d
 .text          0x08002944      0x118 c:/ac6/systemworkbench/plugins/fr.ac6.mcu.externaltools.arm-none.win32_1.13.3.201707031232/tools/compiler/bin/../lib/gcc/arm-none-eabi/5.4.1/armv6-m\libgcc.a(truncdfsf2.o)
                0x08002944                __aeabi_d2f
 .text          0x08002a5c       0x3c c:/ac6/systemworkbench/plugins/fr.ac6.mcu.externaltools.arm-none.win32_1.13.3.201707031232/tools/compiler/bin/../lib/gcc/arm-none-eabi/5.4.1/armv6-m\libgcc.a(_clzsi2.o)
                0x08002a5c                __clzsi2
 .text          0x08002a98       0x18 c:/ac6/systemworkbench/plugins/fr.ac6.mcu.externaltools.arm-none.win32_1.13.3.201707031232/tools/compiler/bin/../lib/gcc/arm-none-eabi/5.4.1/armv6-m\libgcc.a(_clzdi2.o)
                0x08002a98                __clzdi2
 *(.text*)
 .text.HAL_InitTick
                0x08002ab0       0x28 Drivers/STM32L0xx_HAL_Driver/Src/stm32l0xx_hal.o
                0x08002ab0                HAL_InitTick
 .text.HAL_Init
                0x08002ad8       0x20 Drivers/STM32L0xx_HAL_Driver/Src/stm32l0xx_hal.o
                0x08002ad8                HAL_Init
 .text.HAL_IncTick
                0x08002af8       0x10 Drivers/STM32L0xx_HAL_Driver/Src/stm32l0xx_hal.o
                0x08002af8                HAL_IncTick
 .text.HAL_GetTick
                0x08002b08        0xc Drivers/STM32L0xx_HAL_Driver/Src/stm32l0xx_hal.o
                0x08002b08                HAL_GetTick
 .text.HAL_Delay
                0x08002b14       0x1c Drivers/STM32L0xx_HAL_Driver/Src/stm32l0xx_hal.o
                0x08002b14                HAL_Delay
 .text.HAL_SuspendTick
                0x08002b30       0x10 Drivers/STM32L0xx_HAL_Driver/Src/stm32l0xx_hal.o
                0x08002b30                HAL_SuspendTick
 .text.HAL_ResumeTick
                0x08002b40       0x10 Drivers/STM32L0xx_HAL_Driver/Src/stm32l0xx_hal.o
                0x08002b40                HAL_ResumeTick
 .text.ADC_DelayMicroSecond
                0x08002b50       0x30 Drivers/STM32L0xx_HAL_Driver/Src/stm32l0xx_hal_adc.o
 .text.ADC_ConversionStop
                0x08002b80       0x74 Drivers/STM32L0xx_HAL_Driver/Src/stm32l0xx_hal_adc.o
 .text.ADC_Disable
                0x08002bf4       0x88 Drivers/STM32L0xx_HAL_Driver/Src/stm32l0xx_hal_adc.o
 .text.ADC_Enable
                0x08002c7c       0x88 Drivers/STM32L0xx_HAL_Driver/Src/stm32l0xx_hal_adc.o
 .text.HAL_ADC_Init
                0x08002d04      0x458 Drivers/STM32L0xx_HAL_Driver/Src/stm32l0xx_hal_adc.o
                0x08002d04                HAL_ADC_Init
 .text.HAL_ADC_DeInit
                0x0800315c       0xd0 Drivers/STM32L0xx_HAL_Driver/Src/stm32l0xx_hal_adc.o
                0x0800315c                HAL_ADC_DeInit
 .text.HAL_ADC_PollForConversion
                0x0800322c       0xe4 Drivers/STM32L0xx_HAL_Driver/Src/stm32l0xx_hal_adc.o
                0x0800322c                HAL_ADC_PollForConversion
 .text.HAL_ADC_Start_DMA
                0x08003310       0xcc Drivers/STM32L0xx_HAL_Driver/Src/stm32l0xx_hal_adc.o
                0x08003310                HAL_ADC_Start_DMA
 .text.ADC_DMAConvCplt
                0x080033dc       0x70 Drivers/STM32L0xx_HAL_Driver/Src/stm32l0xx_hal_adc.o
 .text.HAL_ADC_ConvHalfCpltCallback
                0x0800344c        0x4 Drivers/STM32L0xx_HAL_Driver/Src/stm32l0xx_hal_adc.o
                0x0800344c                HAL_ADC_ConvHalfCpltCallback
 .text.ADC_DMAHalfConvCplt
                0x08003450        0xc Drivers/STM32L0xx_HAL_Driver/Src/stm32l0xx_hal_adc.o
 .text.HAL_ADC_ErrorCallback
                0x0800345c        0x4 Drivers/STM32L0xx_HAL_Driver/Src/stm32l0xx_hal_adc.o
                0x0800345c                HAL_ADC_ErrorCallback
 .text.ADC_DMAError
                0x08003460       0x1c Drivers/STM32L0xx_HAL_Driver/Src/stm32l0xx_hal_adc.o
 .text.HAL_ADC_ConfigChannel
                0x0800347c      0x1dc Drivers/STM32L0xx_HAL_Driver/Src/stm32l0xx_hal_adc.o
                0x0800347c                HAL_ADC_ConfigChannel
 .text.HAL_NVIC_SetPriority
                0x08003658       0x7c Drivers/STM32L0xx_HAL_Driver/Src/stm32l0xx_hal_cortex.o
                0x08003658                HAL_NVIC_SetPriority
 .text.HAL_NVIC_EnableIRQ
                0x080036d4       0x24 Drivers/STM32L0xx_HAL_Driver/Src/stm32l0xx_hal_cortex.o
                0x080036d4                HAL_NVIC_EnableIRQ
 .text.HAL_NVIC_DisableIRQ
                0x080036f8       0x28 Drivers/STM32L0xx_HAL_Driver/Src/stm32l0xx_hal_cortex.o
                0x080036f8                HAL_NVIC_DisableIRQ
 .text.HAL_SYSTICK_Config
                0x08003720       0x38 Drivers/STM32L0xx_HAL_Driver/Src/stm32l0xx_hal_cortex.o
                0x08003720                HAL_SYSTICK_Config
 .text.HAL_SYSTICK_CLKSourceConfig
                0x08003758       0x3c Drivers/STM32L0xx_HAL_Driver/Src/stm32l0xx_hal_cortex.o
                0x08003758                HAL_SYSTICK_CLKSourceConfig
 .text.HAL_SYSTICK_Callback
                0x08003794        0x4 Drivers/STM32L0xx_HAL_Driver/Src/stm32l0xx_hal_cortex.o
                0x08003794                HAL_SYSTICK_Callback
 .text.HAL_SYSTICK_IRQHandler
                0x08003798        0x8 Drivers/STM32L0xx_HAL_Driver/Src/stm32l0xx_hal_cortex.o
                0x08003798                HAL_SYSTICK_IRQHandler
 .text.DMA_SetConfig
                0x080037a0       0x20 Drivers/STM32L0xx_HAL_Driver/Src/stm32l0xx_hal_dma.o
 .text.HAL_DMA_Init
                0x080037c0      0x248 Drivers/STM32L0xx_HAL_Driver/Src/stm32l0xx_hal_dma.o
                0x080037c0                HAL_DMA_Init
 .text.HAL_DMA_DeInit
                0x08003a08      0x234 Drivers/STM32L0xx_HAL_Driver/Src/stm32l0xx_hal_dma.o
                0x08003a08                HAL_DMA_DeInit
 .text.HAL_DMA_Start_IT
                0x08003c3c       0x80 Drivers/STM32L0xx_HAL_Driver/Src/stm32l0xx_hal_dma.o
                0x08003c3c                HAL_DMA_Start_IT
 .text.HAL_DMA_Abort_IT
                0x08003cbc       0xac Drivers/STM32L0xx_HAL_Driver/Src/stm32l0xx_hal_dma.o
                0x08003cbc                HAL_DMA_Abort_IT
 .text.HAL_DMA_IRQHandler
                0x08003d68      0x280 Drivers/STM32L0xx_HAL_Driver/Src/stm32l0xx_hal_dma.o
                0x08003d68                HAL_DMA_IRQHandler
 .text.FLASH_SetErrorCode
                0x08003fe8       0xb4 Drivers/STM32L0xx_HAL_Driver/Src/stm32l0xx_hal_flash.o
 .text.FLASH_WaitForLastOperation
                0x0800409c       0x84 Drivers/STM32L0xx_HAL_Driver/Src/stm32l0xx_hal_flash.o
                0x0800409c                FLASH_WaitForLastOperation
 .text.HAL_FLASHEx_DATAEEPROM_Unlock
                0x08004120       0x28 Drivers/STM32L0xx_HAL_Driver/Src/stm32l0xx_hal_flash_ex.o
                0x08004120                HAL_FLASHEx_DATAEEPROM_Unlock
 .text.HAL_FLASHEx_DATAEEPROM_Lock
                0x08004148       0x14 Drivers/STM32L0xx_HAL_Driver/Src/stm32l0xx_hal_flash_ex.o
                0x08004148                HAL_FLASHEx_DATAEEPROM_Lock
 .text.HAL_FLASHEx_DATAEEPROM_Erase
                0x0800415c       0x48 Drivers/STM32L0xx_HAL_Driver/Src/stm32l0xx_hal_flash_ex.o
                0x0800415c                HAL_FLASHEx_DATAEEPROM_Erase
 .text.HAL_FLASHEx_DATAEEPROM_Program
                0x080041a4       0x94 Drivers/STM32L0xx_HAL_Driver/Src/stm32l0xx_hal_flash_ex.o
                0x080041a4                HAL_FLASHEx_DATAEEPROM_Program
 .text.HAL_GPIO_Init
                0x08004238      0x2a4 Drivers/STM32L0xx_HAL_Driver/Src/stm32l0xx_hal_gpio.o
                0x08004238                HAL_GPIO_Init
 .text.HAL_GPIO_DeInit
                0x080044dc      0x168 Drivers/STM32L0xx_HAL_Driver/Src/stm32l0xx_hal_gpio.o
                0x080044dc                HAL_GPIO_DeInit
 .text.HAL_GPIO_ReadPin
                0x08004644       0x74 Drivers/STM32L0xx_HAL_Driver/Src/stm32l0xx_hal_gpio.o
                0x08004644                HAL_GPIO_ReadPin
 .text.HAL_GPIO_WritePin
                0x080046b8       0x80 Drivers/STM32L0xx_HAL_Driver/Src/stm32l0xx_hal_gpio.o
                0x080046b8                HAL_GPIO_WritePin
 .text.HAL_GPIO_EXTI_IRQHandler
                0x08004738       0x18 Drivers/STM32L0xx_HAL_Driver/Src/stm32l0xx_hal_gpio.o
                0x08004738                HAL_GPIO_EXTI_IRQHandler
 .text.I2C_Flush_TXDR
                0x08004750       0x20 Drivers/STM32L0xx_HAL_Driver/Src/stm32l0xx_hal_i2c.o
 .text.I2C_TransferConfig
                0x08004770       0xa4 Drivers/STM32L0xx_HAL_Driver/Src/stm32l0xx_hal_i2c.o
 .text.I2C_IsAcknowledgeFailed
                0x08004814       0x78 Drivers/STM32L0xx_HAL_Driver/Src/stm32l0xx_hal_i2c.o
 .text.I2C_WaitOnTXISFlagUntilTimeout
                0x0800488c       0x54 Drivers/STM32L0xx_HAL_Driver/Src/stm32l0xx_hal_i2c.o
 .text.I2C_WaitOnFlagUntilTimeout
                0x080048e0       0x4c Drivers/STM32L0xx_HAL_Driver/Src/stm32l0xx_hal_i2c.o
 .text.I2C_WaitOnSTOPFlagUntilTimeout
                0x0800492c       0x50 Drivers/STM32L0xx_HAL_Driver/Src/stm32l0xx_hal_i2c.o
 .text.I2C_WaitOnRXNEFlagUntilTimeout
                0x0800497c       0x7c Drivers/STM32L0xx_HAL_Driver/Src/stm32l0xx_hal_i2c.o
 .text.HAL_I2C_Init
                0x080049f8      0x180 Drivers/STM32L0xx_HAL_Driver/Src/stm32l0xx_hal_i2c.o
                0x080049f8                HAL_I2C_Init
 .text.HAL_I2C_DeInit
                0x08004b78       0x58 Drivers/STM32L0xx_HAL_Driver/Src/stm32l0xx_hal_i2c.o
                0x08004b78                HAL_I2C_DeInit
 .text.HAL_I2C_Master_Transmit
                0x08004bd0      0x180 Drivers/STM32L0xx_HAL_Driver/Src/stm32l0xx_hal_i2c.o
                0x08004bd0                HAL_I2C_Master_Transmit
 .text.HAL_I2C_Master_Receive
                0x08004d50      0x180 Drivers/STM32L0xx_HAL_Driver/Src/stm32l0xx_hal_i2c.o
                0x08004d50                HAL_I2C_Master_Receive
 .text.HAL_I2CEx_ConfigAnalogFilter
                0x08004ed0       0x94 Drivers/STM32L0xx_HAL_Driver/Src/stm32l0xx_hal_i2c_ex.o
                0x08004ed0                HAL_I2CEx_ConfigAnalogFilter
 .text.HAL_I2CEx_ConfigDigitalFilter
                0x08004f64       0x88 Drivers/STM32L0xx_HAL_Driver/Src/stm32l0xx_hal_i2c_ex.o
                0x08004f64                HAL_I2CEx_ConfigDigitalFilter
 .text.HAL_LPTIM_Init
                0x08004fec      0x1f8 Drivers/STM32L0xx_HAL_Driver/Src/stm32l0xx_hal_lptim.o
                0x08004fec                HAL_LPTIM_Init
 .text.HAL_PWR_ConfigPVD
                0x080051e4       0xec Drivers/STM32L0xx_HAL_Driver/Src/stm32l0xx_hal_pwr.o
                0x080051e4                HAL_PWR_ConfigPVD
 .text.HAL_PWR_EnablePVD
                0x080052d0       0x10 Drivers/STM32L0xx_HAL_Driver/Src/stm32l0xx_hal_pwr.o
                0x080052d0                HAL_PWR_EnablePVD
 .text.HAL_PWR_EnterSTOPMode
                0x080052e0       0x64 Drivers/STM32L0xx_HAL_Driver/Src/stm32l0xx_hal_pwr.o
                0x080052e0                HAL_PWR_EnterSTOPMode
 .text.HAL_PWREx_EnableFastWakeUp
                0x08005344       0x14 Drivers/STM32L0xx_HAL_Driver/Src/stm32l0xx_hal_pwr_ex.o
                0x08005344                HAL_PWREx_EnableFastWakeUp
 .text.HAL_PWREx_EnableUltraLowPower
                0x08005358       0x14 Drivers/STM32L0xx_HAL_Driver/Src/stm32l0xx_hal_pwr_ex.o
                0x08005358                HAL_PWREx_EnableUltraLowPower
 .text.RCC_SetFlashLatencyFromMSIRange
                0x0800536c       0x88 Drivers/STM32L0xx_HAL_Driver/Src/stm32l0xx_hal_rcc.o
 .text.HAL_RCC_OscConfig
                0x080053f4      0x7c4 Drivers/STM32L0xx_HAL_Driver/Src/stm32l0xx_hal_rcc.o
                0x080053f4                HAL_RCC_OscConfig
 .text.HAL_RCC_GetSysClockFreq
                0x08005bb8       0x94 Drivers/STM32L0xx_HAL_Driver/Src/stm32l0xx_hal_rcc.o
                0x08005bb8                HAL_RCC_GetSysClockFreq
 .text.HAL_RCC_ClockConfig
                0x08005c4c      0x294 Drivers/STM32L0xx_HAL_Driver/Src/stm32l0xx_hal_rcc.o
                0x08005c4c                HAL_RCC_ClockConfig
 .text.HAL_RCC_GetHCLKFreq
                0x08005ee0        0xc Drivers/STM32L0xx_HAL_Driver/Src/stm32l0xx_hal_rcc.o
                0x08005ee0                HAL_RCC_GetHCLKFreq
 .text.HAL_RCC_GetPCLK1Freq
                0x08005eec       0x20 Drivers/STM32L0xx_HAL_Driver/Src/stm32l0xx_hal_rcc.o
                0x08005eec                HAL_RCC_GetPCLK1Freq
 .text.HAL_RCC_GetPCLK2Freq
                0x08005f0c       0x20 Drivers/STM32L0xx_HAL_Driver/Src/stm32l0xx_hal_rcc.o
                0x08005f0c                HAL_RCC_GetPCLK2Freq
 .text.HAL_RCCEx_PeriphCLKConfig
                0x08005f2c      0x348 Drivers/STM32L0xx_HAL_Driver/Src/stm32l0xx_hal_rcc_ex.o
                0x08005f2c                HAL_RCCEx_PeriphCLKConfig
 .text.HAL_RCCEx_GetPeriphCLKFreq
                0x08006274      0x290 Drivers/STM32L0xx_HAL_Driver/Src/stm32l0xx_hal_rcc_ex.o
                0x08006274                HAL_RCCEx_GetPeriphCLKFreq
 .text.HAL_RTC_WaitForSynchro
                0x08006504       0x34 Drivers/STM32L0xx_HAL_Driver/Src/stm32l0xx_hal_rtc.o
                0x08006504                HAL_RTC_WaitForSynchro
 .text.RTC_EnterInitMode
                0x08006538       0x3c Drivers/STM32L0xx_HAL_Driver/Src/stm32l0xx_hal_rtc.o
                0x08006538                RTC_EnterInitMode
 .text.HAL_RTC_Init
                0x08006574      0x158 Drivers/STM32L0xx_HAL_Driver/Src/stm32l0xx_hal_rtc.o
                0x08006574                HAL_RTC_Init
 .text.RTC_ByteToBcd2
                0x080066cc       0x18 Drivers/STM32L0xx_HAL_Driver/Src/stm32l0xx_hal_rtc.o
                0x080066cc                RTC_ByteToBcd2
 .text.RTC_Bcd2ToByte
                0x080066e4       0x14 Drivers/STM32L0xx_HAL_Driver/Src/stm32l0xx_hal_rtc.o
                0x080066e4                RTC_Bcd2ToByte
 .text.HAL_RTC_SetTime
                0x080066f8      0x21c Drivers/STM32L0xx_HAL_Driver/Src/stm32l0xx_hal_rtc.o
                0x080066f8                HAL_RTC_SetTime
 .text.HAL_RTC_GetTime
                0x08006914       0x70 Drivers/STM32L0xx_HAL_Driver/Src/stm32l0xx_hal_rtc.o
                0x08006914                HAL_RTC_GetTime
 .text.HAL_RTC_SetDate
                0x08006984      0x198 Drivers/STM32L0xx_HAL_Driver/Src/stm32l0xx_hal_rtc.o
                0x08006984                HAL_RTC_SetDate
 .text.HAL_RTC_GetDate
                0x08006b1c       0x60 Drivers/STM32L0xx_HAL_Driver/Src/stm32l0xx_hal_rtc.o
                0x08006b1c                HAL_RTC_GetDate
 .text.HAL_RTCEx_SetWakeUpTimer_IT
                0x08006b7c      0x140 Drivers/STM32L0xx_HAL_Driver/Src/stm32l0xx_hal_rtc_ex.o
                0x08006b7c                HAL_RTCEx_SetWakeUpTimer_IT
 .text.HAL_RTCEx_DeactivateWakeUpTimer
                0x08006cbc       0x8c Drivers/STM32L0xx_HAL_Driver/Src/stm32l0xx_hal_rtc_ex.o
                0x08006cbc                HAL_RTCEx_DeactivateWakeUpTimer
 .text.HAL_RTCEx_WakeUpTimerIRQHandler
                0x08006d48       0x38 Drivers/STM32L0xx_HAL_Driver/Src/stm32l0xx_hal_rtc_ex.o
                0x08006d48                HAL_RTCEx_WakeUpTimerIRQHandler
 .text.HAL_RTCEx_BKUPWrite
                0x08006d80       0x28 Drivers/STM32L0xx_HAL_Driver/Src/stm32l0xx_hal_rtc_ex.o
                0x08006d80                HAL_RTCEx_BKUPWrite
 .text.HAL_RTCEx_BKUPRead
                0x08006da8       0x28 Drivers/STM32L0xx_HAL_Driver/Src/stm32l0xx_hal_rtc_ex.o
                0x08006da8                HAL_RTCEx_BKUPRead
 .text.SPI_WaitOnFlagUntilTimeout
                0x08006dd0       0xf0 Drivers/STM32L0xx_HAL_Driver/Src/stm32l0xx_hal_spi.o
 .text.HAL_SPI_Init
                0x08006ec0      0x1b8 Drivers/STM32L0xx_HAL_Driver/Src/stm32l0xx_hal_spi.o
                0x08006ec0                HAL_SPI_Init
 .text.HAL_SPI_DeInit
                0x08007078       0x2c Drivers/STM32L0xx_HAL_Driver/Src/stm32l0xx_hal_spi.o
                0x08007078                HAL_SPI_DeInit
 .text.HAL_SPI_Transmit
                0x080070a4      0x200 Drivers/STM32L0xx_HAL_Driver/Src/stm32l0xx_hal_spi.o
                0x080070a4                HAL_SPI_Transmit
 .text.TIM_Base_SetConfig
                0x080072a4       0x7c Drivers/STM32L0xx_HAL_Driver/Src/stm32l0xx_hal_tim.o
 .text.TIM_OC1_SetConfig
                0x08007320       0x2c Drivers/STM32L0xx_HAL_Driver/Src/stm32l0xx_hal_tim.o
 .text.TIM_OC2_SetConfig
                0x0800734c       0x34 Drivers/STM32L0xx_HAL_Driver/Src/stm32l0xx_hal_tim.o
 .text.TIM_OC3_SetConfig
                0x08007380       0x38 Drivers/STM32L0xx_HAL_Driver/Src/stm32l0xx_hal_tim.o
 .text.TIM_OC4_SetConfig
                0x080073b8       0x3c Drivers/STM32L0xx_HAL_Driver/Src/stm32l0xx_hal_tim.o
 .text.TIM_TI1_ConfigInputStage
                0x080073f4       0x24 Drivers/STM32L0xx_HAL_Driver/Src/stm32l0xx_hal_tim.o
 .text.TIM_TI2_ConfigInputStage
                0x08007418       0x28 Drivers/STM32L0xx_HAL_Driver/Src/stm32l0xx_hal_tim.o
 .text.TIM_ITRx_SetConfig
                0x08007440       0x14 Drivers/STM32L0xx_HAL_Driver/Src/stm32l0xx_hal_tim.o
 .text.TIM_ETR_SetConfig
                0x08007454       0x18 Drivers/STM32L0xx_HAL_Driver/Src/stm32l0xx_hal_tim.o
 .text.TIM_CCxChannelCmd
                0x0800746c       0x68 Drivers/STM32L0xx_HAL_Driver/Src/stm32l0xx_hal_tim.o
 .text.HAL_TIM_Base_Init
                0x080074d4       0xc8 Drivers/STM32L0xx_HAL_Driver/Src/stm32l0xx_hal_tim.o
                0x080074d4                HAL_TIM_Base_Init
 .text.HAL_TIM_Base_DeInit
                0x0800759c       0x68 Drivers/STM32L0xx_HAL_Driver/Src/stm32l0xx_hal_tim.o
                0x0800759c                HAL_TIM_Base_DeInit
 .text.HAL_TIM_Base_Start
                0x08007604       0x50 Drivers/STM32L0xx_HAL_Driver/Src/stm32l0xx_hal_tim.o
                0x08007604                HAL_TIM_Base_Start
 .text.HAL_TIM_Base_Stop
                0x08007654       0x60 Drivers/STM32L0xx_HAL_Driver/Src/stm32l0xx_hal_tim.o
                0x08007654                HAL_TIM_Base_Stop
 .text.HAL_TIM_Base_Start_IT
                0x080076b4       0x50 Drivers/STM32L0xx_HAL_Driver/Src/stm32l0xx_hal_tim.o
                0x080076b4                HAL_TIM_Base_Start_IT
 .text.HAL_TIM_Base_Stop_IT
                0x08007704       0x60 Drivers/STM32L0xx_HAL_Driver/Src/stm32l0xx_hal_tim.o
                0x08007704                HAL_TIM_Base_Stop_IT
 .text.HAL_TIM_PWM_MspInit
                0x08007764        0x4 Drivers/STM32L0xx_HAL_Driver/Src/stm32l0xx_hal_tim.o
                0x08007764                HAL_TIM_PWM_MspInit
 .text.HAL_TIM_PWM_Init
                0x08007768       0xdc Drivers/STM32L0xx_HAL_Driver/Src/stm32l0xx_hal_tim.o
                0x08007768                HAL_TIM_PWM_Init
 .text.HAL_TIM_PWM_Start
                0x08007844       0x6c Drivers/STM32L0xx_HAL_Driver/Src/stm32l0xx_hal_tim.o
                0x08007844                HAL_TIM_PWM_Start
 .text.HAL_TIM_PWM_Stop
                0x080078b0       0x80 Drivers/STM32L0xx_HAL_Driver/Src/stm32l0xx_hal_tim.o
                0x080078b0                HAL_TIM_PWM_Stop
 .text.HAL_TIM_PWM_ConfigChannel
                0x08007930      0x1d0 Drivers/STM32L0xx_HAL_Driver/Src/stm32l0xx_hal_tim.o
                0x08007930                HAL_TIM_PWM_ConfigChannel
 .text.HAL_TIM_ConfigClockSource
                0x08007b00      0x448 Drivers/STM32L0xx_HAL_Driver/Src/stm32l0xx_hal_tim.o
                0x08007b00                HAL_TIM_ConfigClockSource
 .text.HAL_TIM_OC_DelayElapsedCallback
                0x08007f48        0x4 Drivers/STM32L0xx_HAL_Driver/Src/stm32l0xx_hal_tim.o
                0x08007f48                HAL_TIM_OC_DelayElapsedCallback
 .text.HAL_TIM_IC_CaptureCallback
                0x08007f4c        0x4 Drivers/STM32L0xx_HAL_Driver/Src/stm32l0xx_hal_tim.o
                0x08007f4c                HAL_TIM_IC_CaptureCallback
 .text.HAL_TIM_PWM_PulseFinishedCallback
                0x08007f50        0x4 Drivers/STM32L0xx_HAL_Driver/Src/stm32l0xx_hal_tim.o
                0x08007f50                HAL_TIM_PWM_PulseFinishedCallback
 .text.HAL_TIM_TriggerCallback
                0x08007f54        0x4 Drivers/STM32L0xx_HAL_Driver/Src/stm32l0xx_hal_tim.o
                0x08007f54                HAL_TIM_TriggerCallback
 .text.HAL_TIM_IRQHandler
                0x08007f58      0x120 Drivers/STM32L0xx_HAL_Driver/Src/stm32l0xx_hal_tim.o
                0x08007f58                HAL_TIM_IRQHandler
 .text.HAL_TIMEx_MasterConfigSynchronization
                0x08008078       0xc0 Drivers/STM32L0xx_HAL_Driver/Src/stm32l0xx_hal_tim_ex.o
                0x08008078                HAL_TIMEx_MasterConfigSynchronization
 .text.UART_EndRxTransfer
                0x08008138       0x20 Drivers/STM32L0xx_HAL_Driver/Src/stm32l0xx_hal_uart.o
 .text.UART_Transmit_IT
                0x08008158       0x6c Drivers/STM32L0xx_HAL_Driver/Src/stm32l0xx_hal_uart.o
 .text.HAL_UART_Transmit_IT
                0x080081c4       0x68 Drivers/STM32L0xx_HAL_Driver/Src/stm32l0xx_hal_uart.o
                0x080081c4                HAL_UART_Transmit_IT
 .text.HAL_UART_Receive_IT
                0x0800822c       0xd4 Drivers/STM32L0xx_HAL_Driver/Src/stm32l0xx_hal_uart.o
                0x0800822c                HAL_UART_Receive_IT
 .text.UART_EndTransmit_IT
                0x08008300       0x1c Drivers/STM32L0xx_HAL_Driver/Src/stm32l0xx_hal_uart.o
 .text.UART_Receive_IT
                0x0800831c       0x84 Drivers/STM32L0xx_HAL_Driver/Src/stm32l0xx_hal_uart.o
 .text.HAL_UART_IRQHandler
                0x080083a0      0x140 Drivers/STM32L0xx_HAL_Driver/Src/stm32l0xx_hal_uart.o
                0x080083a0                HAL_UART_IRQHandler
 .text.UART_DMAAbortOnError
                0x080084e0       0x14 Drivers/STM32L0xx_HAL_Driver/Src/stm32l0xx_hal_uart.o
 .text.UART_SetConfig
                0x080084f4      0x468 Drivers/STM32L0xx_HAL_Driver/Src/stm32l0xx_hal_uart.o
                0x080084f4                UART_SetConfig
 .text.UART_AdvFeatureConfig
                0x0800895c      0x214 Drivers/STM32L0xx_HAL_Driver/Src/stm32l0xx_hal_uart.o
                0x0800895c                UART_AdvFeatureConfig
 .text.UART_WaitOnFlagUntilTimeout
                0x08008b70       0x6c Drivers/STM32L0xx_HAL_Driver/Src/stm32l0xx_hal_uart.o
                0x08008b70                UART_WaitOnFlagUntilTimeout
 .text.HAL_UART_Transmit
                0x08008bdc       0xe4 Drivers/STM32L0xx_HAL_Driver/Src/stm32l0xx_hal_uart.o
                0x08008bdc                HAL_UART_Transmit
 .text.HAL_UART_Receive
                0x08008cc0      0x134 Drivers/STM32L0xx_HAL_Driver/Src/stm32l0xx_hal_uart.o
                0x08008cc0                HAL_UART_Receive
 .text.UART_CheckIdleState
                0x08008df4       0x70 Drivers/STM32L0xx_HAL_Driver/Src/stm32l0xx_hal_uart.o
                0x08008df4                UART_CheckIdleState
 .text.HAL_UART_Init
                0x08008e64       0xc0 Drivers/STM32L0xx_HAL_Driver/Src/stm32l0xx_hal_uart.o
                0x08008e64                HAL_UART_Init
 .text.HAL_RS485Ex_Init
                0x08008f24       0xc0 Drivers/STM32L0xx_HAL_Driver/Src/stm32l0xx_hal_uart_ex.o
                0x08008f24                HAL_RS485Ex_Init
 .text.HAL_UARTEx_WakeupCallback
                0x08008fe4        0x4 Drivers/STM32L0xx_HAL_Driver/Src/stm32l0xx_hal_uart_ex.o
                0x08008fe4                HAL_UARTEx_WakeupCallback
 .text.eMBFuncReadCoils
                0x08008fe8       0x7c Drivers/freemodbus/modbus/functions/mbfunccoils.o
                0x08008fe8                eMBFuncReadCoils
 .text.eMBFuncWriteCoil
                0x08009064       0x64 Drivers/freemodbus/modbus/functions/mbfunccoils.o
                0x08009064                eMBFuncWriteCoil
 .text.eMBFuncWriteMultipleCoils
                0x080090c8       0x6c Drivers/freemodbus/modbus/functions/mbfunccoils.o
                0x080090c8                eMBFuncWriteMultipleCoils
 .text.eMBFuncReadDiscreteInputs
                0x08009134       0x78 Drivers/freemodbus/modbus/functions/mbfuncdisc.o
                0x08009134                eMBFuncReadDiscreteInputs
 .text.eMBFuncWriteHoldingRegister
                0x080091ac       0x30 Drivers/freemodbus/modbus/functions/mbfuncholding.o
                0x080091ac                eMBFuncWriteHoldingRegister
 .text.eMBFuncWriteMultipleHoldingRegister
                0x080091dc       0x58 Drivers/freemodbus/modbus/functions/mbfuncholding.o
                0x080091dc                eMBFuncWriteMultipleHoldingRegister
 .text.eMBFuncReadHoldingRegister
                0x08009234       0x64 Drivers/freemodbus/modbus/functions/mbfuncholding.o
                0x08009234                eMBFuncReadHoldingRegister
 .text.eMBFuncReadWriteMultipleHoldingRegister
                0x08009298       0xac Drivers/freemodbus/modbus/functions/mbfuncholding.o
                0x08009298                eMBFuncReadWriteMultipleHoldingRegister
 .text.eMBFuncReadInputRegister
                0x08009344       0x68 Drivers/freemodbus/modbus/functions/mbfuncinput.o
                0x08009344                eMBFuncReadInputRegister
 .text.eMBFuncReportSlaveID
                0x080093ac       0x20 Drivers/freemodbus/modbus/functions/mbfuncother.o
                0x080093ac                eMBFuncReportSlaveID
 .text.prveMBError2Exception
                0x080093cc       0x20 Drivers/freemodbus/modbus/functions/mbutils.o
                0x080093cc                prveMBError2Exception
 .text.eMBInit  0x080093ec       0xa0 Drivers/freemodbus/modbus/mb.o
                0x080093ec                eMBInit
 .text.eMBEnable
                0x0800948c       0x28 Drivers/freemodbus/modbus/mb.o
                0x0800948c                eMBEnable
 .text.eMBPoll  0x080094b4       0xf8 Drivers/freemodbus/modbus/mb.o
                0x080094b4                eMBPoll
 .text.eMBRTUInit
                0x080095ac       0x44 Drivers/freemodbus/modbus/rtu/mbrtu.o
                0x080095ac                eMBRTUInit
 .text.eMBRTUStart
                0x080095f0       0x20 Drivers/freemodbus/modbus/rtu/mbrtu.o
                0x080095f0                eMBRTUStart
 .text.eMBRTUStop
                0x08009610       0x14 Drivers/freemodbus/modbus/rtu/mbrtu.o
                0x08009610                eMBRTUStop
 .text.eMBRTUReceive
                0x08009624       0x6c Drivers/freemodbus/modbus/rtu/mbrtu.o
                0x08009624                eMBRTUReceive
 .text.eMBRTUSend
                0x08009690       0x68 Drivers/freemodbus/modbus/rtu/mbrtu.o
                0x08009690                eMBRTUSend
 .text.xMBRTUReceiveFSM
                0x080096f8       0xac Drivers/freemodbus/modbus/rtu/mbrtu.o
                0x080096f8                xMBRTUReceiveFSM
 .text.xMBRTUTransmitFSM
                0x080097a4       0x8c Drivers/freemodbus/modbus/rtu/mbrtu.o
                0x080097a4                xMBRTUTransmitFSM
 .text.xMBRTUTimerT35Expired
                0x08009830       0x7c Drivers/freemodbus/modbus/rtu/mbrtu.o
                0x08009830                xMBRTUTimerT35Expired
 .text.usMBCRC16
                0x080098ac       0x34 Drivers/freemodbus/port/mbcrc.o
                0x080098ac                usMBCRC16
 .text.xMBPortEventInit
                0x080098e0       0x10 Drivers/freemodbus/port/portevent.o
                0x080098e0                xMBPortEventInit
 .text.xMBPortEventPost
                0x080098f0       0x10 Drivers/freemodbus/port/portevent.o
                0x080098f0                xMBPortEventPost
 .text.xMBPortEventGet
                0x08009900       0x20 Drivers/freemodbus/port/portevent.o
                0x08009900                xMBPortEventGet
 .text.vMBPortSerialEnable
                0x08009920       0x64 Drivers/freemodbus/port/portserial.o
                0x08009920                vMBPortSerialEnable
 .text.xMBPortSerialInit
                0x08009984        0x4 Drivers/freemodbus/port/portserial.o
                0x08009984                xMBPortSerialInit
 .text.xMBPortSerialPutByte
                0x08009988       0x24 Drivers/freemodbus/port/portserial.o
                0x08009988                xMBPortSerialPutByte
 .text.xMBPortSerialGetByte
                0x080099ac       0x10 Drivers/freemodbus/port/portserial.o
                0x080099ac                xMBPortSerialGetByte
 .text.xMBPortTimersInit
                0x080099bc       0x14 Drivers/freemodbus/port/porttimer.o
                0x080099bc                xMBPortTimersInit
 .text.vMBPortTimersEnable
                0x080099d0       0x2c Drivers/freemodbus/port/porttimer.o
                0x080099d0                vMBPortTimersEnable
 .text.vMBPortTimersDisable
                0x080099fc       0x10 Drivers/freemodbus/port/porttimer.o
                0x080099fc                vMBPortTimersDisable
 .text.BV_Init  0x08009a0c       0x38 Src/BV1750FVI.o
                0x08009a0c                BV_Init
 .text.BV_DeInit
                0x08009a44       0x30 Src/BV1750FVI.o
                0x08009a44                BV_DeInit
 .text.BV_ReadData
                0x08009a74       0x4c Src/BV1750FVI.o
                0x08009a74                BV_ReadData
 .text.SoilMap  0x08009ac0       0x2c Src/SoilMoisture.o
 .text.SoilInit
                0x08009aec       0x30 Src/SoilMoisture.o
                0x08009aec                SoilInit
 .text.SoilDeInit
                0x08009b1c       0x30 Src/SoilMoisture.o
                0x08009b1c                SoilDeInit
 .text.ReadValue
                0x08009b4c       0x10 Src/SoilMoisture.o
                0x08009b4c                ReadValue
 .text.SaveWetValue
                0x08009b5c       0x60 Src/SoilMoisture.o
                0x08009b5c                SaveWetValue
 .text.SaveDryValue
                0x08009bbc       0x5c Src/SoilMoisture.o
                0x08009bbc                SaveDryValue
 .text.MX_ADC_Init
                0x08009c18       0x98 Src/adc.o
                0x08009c18                MX_ADC_Init
 .text.HAL_ADC_MspInit
                0x08009cb0       0x80 Src/adc.o
                0x08009cb0                HAL_ADC_MspInit
 .text.HAL_ADC_MspDeInit
                0x08009d30       0x34 Src/adc.o
                0x08009d30                HAL_ADC_MspDeInit
 .text.am2302_getTemperature
                0x08009d64       0x28 Src/am2302.o
 .text.am2302_getHumidity
                0x08009d8c       0x28 Src/am2302.o
 .text.am2302_checkParity
                0x08009db4       0x28 Src/am2302.o
 .text.am2302_pinOut
                0x08009ddc       0x30 Src/am2302.o
 .text.am2302_pinInput
                0x08009e0c       0x30 Src/am2302.o
 .text.am2302_Init
                0x08009e3c        0xc Src/am2302.o
                0x08009e3c                am2302_Init
 .text.am2302_DeIninit
                0x08009e48       0x18 Src/am2302.o
                0x08009e48                am2302_DeIninit
 .text.am2302_ReadData
                0x08009e60      0x170 Src/am2302.o
                0x08009e60                am2302_ReadData
 .text.BatteryInit
                0x08009fd0       0x24 Src/battery.o
                0x08009fd0                BatteryInit
 .text.BatteryDeInit
                0x08009ff4       0x24 Src/battery.o
                0x08009ff4                BatteryDeInit
 .text.ReadBatteryValue
                0x0800a018       0x54 Src/battery.o
                0x0800a018                ReadBatteryValue
 .text.HAL_ADC_ConvCpltCallback
                0x0800a06c        0x4 Src/battery.o
                0x0800a06c                HAL_ADC_ConvCpltCallback
 .text.CO2_GetCheckSum
                0x0800a070       0x18 Src/co2.o
 .text.CO2_Init
                0x0800a088       0x18 Src/co2.o
                0x0800a088                CO2_Init
 .text.CO2_DeInit
                0x0800a0a0       0x38 Src/co2.o
                0x0800a0a0                CO2_DeInit
 .text.CO2_GetConcentration
                0x0800a0d8       0x68 Src/co2.o
                0x0800a0d8                CO2_GetConcentration
 .text.HAL_UART_RxCpltCallback
                0x0800a140       0x48 Src/co2.o
                0x0800a140                HAL_UART_RxCpltCallback
 .text.HAL_UART_TxCpltCallback
                0x0800a188       0x24 Src/co2.o
                0x0800a188                HAL_UART_TxCpltCallback
 .text.HAL_UART_ErrorCallback
                0x0800a1ac        0x4 Src/co2.o
                0x0800a1ac                HAL_UART_ErrorCallback
 .text.MX_DMA_Init
                0x0800a1b0       0x40 Src/dma.o
                0x0800a1b0                MX_DMA_Init
 .text.MX_GPIO_Init
                0x0800a1f0      0x120 Src/gpio.o
                0x0800a1f0                MX_GPIO_Init
 .text.MX_I2C1_Init
                0x0800a310       0x68 Src/i2c.o
                0x0800a310                MX_I2C1_Init
 .text.HAL_I2C_MspInit
                0x0800a378       0x84 Src/i2c.o
                0x0800a378                HAL_I2C_MspInit
 .text.HAL_I2C_MspDeInit
                0x0800a3fc       0x38 Src/i2c.o
                0x0800a3fc                HAL_I2C_MspDeInit
 .text.LCD_AdjustBrightness
                0x0800a434       0x70 Src/lcd.o
 .text.LCD_Reset
                0x0800a4a4       0x20 Src/lcd.o
                0x0800a4a4                LCD_Reset
 .text.LCD_send
                0x0800a4c4       0x1c Src/lcd.o
                0x0800a4c4                LCD_send
 .text.LCD_write
                0x0800a4e0       0x5c Src/lcd.o
                0x0800a4e0                LCD_write
 .text.LCD_Power_Down
                0x0800a53c        0xc Src/lcd.o
 .text.LCD_Off  0x0800a548       0x30 Src/lcd.o
                0x0800a548                LCD_Off
 .text.HAL_TIM_PeriodElapsedCallback
                0x0800a578       0x70 Src/lcd.o
                0x0800a578                HAL_TIM_PeriodElapsedCallback
 .text.LCD_putChar
                0x0800a5e8       0x58 Src/lcd.o
                0x0800a5e8                LCD_putChar
 .text.LCD_clrScr
                0x0800a640       0x24 Src/lcd.o
                0x0800a640                LCD_clrScr
 .text.LCD_init
                0x0800a664       0xa0 Src/lcd.o
                0x0800a664                LCD_init
 .text.LCD_goXY
                0x0800a704       0x24 Src/lcd.o
                0x0800a704                LCD_goXY
 .text.LCD_print
                0x0800a728       0x1c Src/lcd.o
                0x0800a728                LCD_print
 .text.MX_LPTIM1_Init
                0x0800a744       0x40 Src/lptim.o
                0x0800a744                MX_LPTIM1_Init
 .text.HAL_LPTIM_MspInit
                0x0800a784       0x20 Src/lptim.o
                0x0800a784                HAL_LPTIM_MspInit
 .text._Error_Handler
                0x0800a7a4        0x4 Src/main.o
                0x0800a7a4                _Error_Handler
 .text.SystemClock_Config
                0x0800a7a8       0xcc Src/main.o
                0x0800a7a8                SystemClock_Config
 .text.main     0x0800a874       0x7c Src/main.o
                0x0800a874                main
 .text.assert_failed
                0x0800a8f0        0x4 Src/main.o
                0x0800a8f0                assert_failed
 .text.eMBRegInputCB
                0x0800a8f4       0x4c Src/mbtask.o
                0x0800a8f4                eMBRegInputCB
 .text.eMBRegHoldingCB
                0x0800a940       0x90 Src/mbtask.o
                0x0800a940                eMBRegHoldingCB
 .text.eMBRegCoilsCB
                0x0800a9d0       0xc0 Src/mbtask.o
                0x0800a9d0                eMBRegCoilsCB
 .text.eMBRegDiscreteCB
                0x0800aa90        0x4 Src/mbtask.o
                0x0800aa90                eMBRegDiscreteCB
 .text.HAL_GPIO_EXTI_Callback
                0x0800aa94       0x4c Src/mbtask.o
                0x0800aa94                HAL_GPIO_EXTI_Callback
 .text.HAL_RTCEx_WakeUpTimerEventCallback
                0x0800aae0        0xc Src/mbtask.o
                0x0800aae0                HAL_RTCEx_WakeUpTimerEventCallback
 .text.ReadCalibrationData
                0x0800aaec       0x40 Src/mbtask.o
                0x0800aaec                ReadCalibrationData
 .text.MeasureAnalogs
                0x0800ab2c       0x6c Src/mbtask.o
                0x0800ab2c                MeasureAnalogs
 .text.PrintAnalogs
                0x0800ab98       0x90 Src/mbtask.o
                0x0800ab98                PrintAnalogs
 .text.MeasureLight
                0x0800ac28       0x3c Src/mbtask.o
                0x0800ac28                MeasureLight
 .text.PrintLightLevel
                0x0800ac64       0x68 Src/mbtask.o
                0x0800ac64                PrintLightLevel
 .text.MeasureCO2Level
                0x0800accc       0x3c Src/mbtask.o
                0x0800accc                MeasureCO2Level
 .text.PrintCO2Level
                0x0800ad08       0x68 Src/mbtask.o
                0x0800ad08                PrintCO2Level
 .text.MeasureTemperatureAndHumidity
                0x0800ad70       0xb4 Src/mbtask.o
                0x0800ad70                MeasureTemperatureAndHumidity
 .text.MeasureAll
                0x0800ae24       0x5c Src/mbtask.o
                0x0800ae24                MeasureAll
 .text.PrintTemperatureAndHumidity
                0x0800ae80      0x104 Src/mbtask.o
                0x0800ae80                PrintTemperatureAndHumidity
 .text.MeasureAndPrint
                0x0800af84       0xbc Src/mbtask.o
                0x0800af84                MeasureAndPrint
 .text.ModbusRTUTask
                0x0800b040       0xc4 Src/mbtask.o
                0x0800b040                ModbusRTUTask
 .text.PreparteLPUARTToStopMode
                0x0800b104       0x24 Src/power.o
 .text.SystemPower_Config
                0x0800b128       0x2c Src/power.o
 .text.GetRTCTimFromEEPROM
                0x0800b154        0xc Src/power.o
                0x0800b154                GetRTCTimFromEEPROM
 .text.StopMode
                0x0800b160      0x160 Src/power.o
                0x0800b160                StopMode
 .text.MX_RTC_Init
                0x0800b2c0       0xb8 Src/rtc.o
                0x0800b2c0                MX_RTC_Init
 .text.HAL_RTC_MspInit
                0x0800b378       0x30 Src/rtc.o
                0x0800b378                HAL_RTC_MspInit
 .text.ReloadRTC
                0x0800b3a8       0x10 Src/rtc.o
                0x0800b3a8                ReloadRTC
 .text.DifferenceBetweenTimePeriod
                0x0800b3b8       0x30 Src/rtctools.o
                0x0800b3b8                DifferenceBetweenTimePeriod
 .text.MX_SPI1_Init
                0x0800b3e8       0x48 Src/spi.o
                0x0800b3e8                MX_SPI1_Init
 .text.HAL_SPI_MspInit
                0x0800b430       0x58 Src/spi.o
                0x0800b430                HAL_SPI_MspInit
 .text.HAL_SPI_MspDeInit
                0x0800b488       0x38 Src/spi.o
                0x0800b488                HAL_SPI_MspDeInit
 .text.HAL_MspInit
                0x0800b4c0       0x54 Src/stm32l0xx_hal_msp.o
                0x0800b4c0                HAL_MspInit
 .text.SVC_Handler
                0x0800b514        0x4 Src/stm32l0xx_it.o
                0x0800b514                SVC_Handler
 .text.PendSV_Handler
                0x0800b518        0x4 Src/stm32l0xx_it.o
                0x0800b518                PendSV_Handler
 .text.SysTick_Handler
                0x0800b51c        0xc Src/stm32l0xx_it.o
                0x0800b51c                SysTick_Handler
 .text.RTC_IRQHandler
                0x0800b528       0x10 Src/stm32l0xx_it.o
                0x0800b528                RTC_IRQHandler
 .text.EXTI0_1_IRQHandler
                0x0800b538        0xc Src/stm32l0xx_it.o
                0x0800b538                EXTI0_1_IRQHandler
 .text.EXTI4_15_IRQHandler
                0x0800b544        0xc Src/stm32l0xx_it.o
                0x0800b544                EXTI4_15_IRQHandler
 .text.DMA1_Channel1_IRQHandler
                0x0800b550       0x10 Src/stm32l0xx_it.o
                0x0800b550                DMA1_Channel1_IRQHandler
 .text.DMA1_Channel2_3_IRQHandler
                0x0800b560       0x10 Src/stm32l0xx_it.o
                0x0800b560                DMA1_Channel2_3_IRQHandler
 .text.TIM2_IRQHandler
                0x0800b570       0x10 Src/stm32l0xx_it.o
                0x0800b570                TIM2_IRQHandler
 .text.TIM6_DAC_IRQHandler
                0x0800b580       0x10 Src/stm32l0xx_it.o
                0x0800b580                TIM6_DAC_IRQHandler
 .text.TIM22_IRQHandler
                0x0800b590       0x10 Src/stm32l0xx_it.o
                0x0800b590                TIM22_IRQHandler
 .text.USART1_IRQHandler
                0x0800b5a0       0x10 Src/stm32l0xx_it.o
                0x0800b5a0                USART1_IRQHandler
 .text.RNG_LPUART1_IRQHandler
                0x0800b5b0       0x50 Src/stm32l0xx_it.o
                0x0800b5b0                RNG_LPUART1_IRQHandler
 .text.SystemInit
                0x0800b600       0x5c Src/system_stm32l0xx.o
                0x0800b600                SystemInit
 .text.MX_TIM2_Init
                0x0800b65c       0x74 Src/tim.o
                0x0800b65c                MX_TIM2_Init
 .text.MX_TIM6_Init
                0x0800b6d0       0x50 Src/tim.o
                0x0800b6d0                MX_TIM6_Init
 .text.MX_TIM21_Init
                0x0800b720       0x70 Src/tim.o
                0x0800b720                MX_TIM21_Init
 .text.HAL_TIM_Base_MspInit
                0x0800b790       0x90 Src/tim.o
                0x0800b790                HAL_TIM_Base_MspInit
 .text.HAL_TIM_MspPostInit
                0x0800b820       0x34 Src/tim.o
                0x0800b820                HAL_TIM_MspPostInit
 .text.MX_TIM22_Init
                0x0800b854       0xa8 Src/tim.o
                0x0800b854                MX_TIM22_Init
 .text.HAL_TIM_Base_MspDeInit
                0x0800b8fc       0x70 Src/tim.o
                0x0800b8fc                HAL_TIM_Base_MspDeInit
 .text.StartSTOPTimer
                0x0800b96c       0x2c Src/tim.o
                0x0800b96c                StartSTOPTimer
 .text.ResetSTOPTimer
                0x0800b998       0x18 Src/tim.o
                0x0800b998                ResetSTOPTimer
 .text.MX_LPUART1_UART_Init
                0x0800b9b0       0x44 Src/usart.o
                0x0800b9b0                MX_LPUART1_UART_Init
 .text.MX_USART1_UART_Init
                0x0800b9f4       0x40 Src/usart.o
                0x0800b9f4                MX_USART1_UART_Init
 .text.HAL_UART_MspInit
                0x0800ba34       0xb4 Src/usart.o
                0x0800ba34                HAL_UART_MspInit
 .text.HAL_UART_MspDeInit
                0x0800bae8       0x6c Src/usart.o
                0x0800bae8                HAL_UART_MspDeInit
 .text.Reset_Handler
                0x0800bb54       0x50 startup/startup_stm32l053xx.o
                0x0800bb54                Reset_Handler
 .text.Default_Handler
                0x0800bba4        0x2 startup/startup_stm32l053xx.o
                0x0800bba4                TSC_IRQHandler
                0x0800bba4                HardFault_Handler
                0x0800bba4                ADC1_COMP_IRQHandler
                0x0800bba4                PVD_IRQHandler
                0x0800bba4                NMI_Handler
                0x0800bba4                I2C1_IRQHandler
                0x0800bba4                RCC_CRS_IRQHandler
                0x0800bba4                SPI1_IRQHandler
                0x0800bba4                EXTI2_3_IRQHandler
                0x0800bba4                I2C2_IRQHandler
                0x0800bba4                LCD_IRQHandler
                0x0800bba4                DMA1_Channel4_5_6_7_IRQHandler
                0x0800bba4                Default_Handler
                0x0800bba4                USB_IRQHandler
                0x0800bba4                SPI2_IRQHandler
                0x0800bba4                TIM21_IRQHandler
                0x0800bba4                WWDG_IRQHandler
                0x0800bba4                USART2_IRQHandler
                0x0800bba4                FLASH_IRQHandler
                0x0800bba4                LPTIM1_IRQHandler
 *fill*         0x0800bba6        0x2 
 .text.log2     0x0800bba8       0x18 c:/ac6/systemworkbench/plugins/fr.ac6.mcu.externaltools.arm-none.win32_1.13.3.201707031232/tools/compiler/bin/../lib/gcc/arm-none-eabi/5.4.1/../../../../arm-none-eabi/lib/armv6-m\libm.a(lib_a-s_log2.o)
                0x0800bba8                log2
 .text.round    0x0800bbc0       0xa8 c:/ac6/systemworkbench/plugins/fr.ac6.mcu.externaltools.arm-none.win32_1.13.3.201707031232/tools/compiler/bin/../lib/gcc/arm-none-eabi/5.4.1/../../../../arm-none-eabi/lib/armv6-m\libm.a(lib_a-s_round.o)
                0x0800bbc0                round
 .text.log      0x0800bc68      0x110 c:/ac6/systemworkbench/plugins/fr.ac6.mcu.externaltools.arm-none.win32_1.13.3.201707031232/tools/compiler/bin/../lib/gcc/arm-none-eabi/5.4.1/../../../../arm-none-eabi/lib/armv6-m\libm.a(lib_a-w_log.o)
                0x0800bc68                log
 .text.__ieee754_log
                0x0800bd78      0x404 c:/ac6/systemworkbench/plugins/fr.ac6.mcu.externaltools.arm-none.win32_1.13.3.201707031232/tools/compiler/bin/../lib/gcc/arm-none-eabi/5.4.1/../../../../arm-none-eabi/lib/armv6-m\libm.a(lib_a-e_log.o)
                0x0800bd78                __ieee754_log
 .text.matherr  0x0800c17c        0x4 c:/ac6/systemworkbench/plugins/fr.ac6.mcu.externaltools.arm-none.win32_1.13.3.201707031232/tools/compiler/bin/../lib/gcc/arm-none-eabi/5.4.1/../../../../arm-none-eabi/lib/armv6-m\libm.a(lib_a-s_matherr.o)
                0x0800c17c                matherr
 .text.nan      0x0800c180        0xc c:/ac6/systemworkbench/plugins/fr.ac6.mcu.externaltools.arm-none.win32_1.13.3.201707031232/tools/compiler/bin/../lib/gcc/arm-none-eabi/5.4.1/../../../../arm-none-eabi/lib/armv6-m\libm.a(lib_a-s_nan.o)
                0x0800c180                nan
 .text.__assert_func
                0x0800c18c       0x40 c:/ac6/systemworkbench/plugins/fr.ac6.mcu.externaltools.arm-none.win32_1.13.3.201707031232/tools/compiler/bin/../lib/gcc/arm-none-eabi/5.4.1/../../../../arm-none-eabi/lib/armv6-m\libc_nano.a(lib_a-assert.o)
                0x0800c18c                __assert_func
 .text.__errno  0x0800c1cc        0xc c:/ac6/systemworkbench/plugins/fr.ac6.mcu.externaltools.arm-none.win32_1.13.3.201707031232/tools/compiler/bin/../lib/gcc/arm-none-eabi/5.4.1/../../../../arm-none-eabi/lib/armv6-m\libc_nano.a(lib_a-errno.o)
                0x0800c1cc                __errno
 .text.fprintf  0x0800c1d8       0x20 c:/ac6/systemworkbench/plugins/fr.ac6.mcu.externaltools.arm-none.win32_1.13.3.201707031232/tools/compiler/bin/../lib/gcc/arm-none-eabi/5.4.1/../../../../arm-none-eabi/lib/armv6-m\libc_nano.a(lib_a-fprintf.o)
                0x0800c1d8                fiprintf
                0x0800c1d8                fprintf
 .text.__libc_init_array
                0x0800c1f8       0x4c c:/ac6/systemworkbench/plugins/fr.ac6.mcu.externaltools.arm-none.win32_1.13.3.201707031232/tools/compiler/bin/../lib/gcc/arm-none-eabi/5.4.1/../../../../arm-none-eabi/lib/armv6-m\libc_nano.a(lib_a-init.o)
                0x0800c1f8                __libc_init_array
 .text.memcpy   0x0800c244       0x12 c:/ac6/systemworkbench/plugins/fr.ac6.mcu.externaltools.arm-none.win32_1.13.3.201707031232/tools/compiler/bin/../lib/gcc/arm-none-eabi/5.4.1/../../../../arm-none-eabi/lib/armv6-m\libc_nano.a(lib_a-memcpy-stub.o)
                0x0800c244                memcpy
 .text.memset   0x0800c256       0x10 c:/ac6/systemworkbench/plugins/fr.ac6.mcu.externaltools.arm-none.win32_1.13.3.201707031232/tools/compiler/bin/../lib/gcc/arm-none-eabi/5.4.1/../../../../arm-none-eabi/lib/armv6-m\libc_nano.a(lib_a-memset.o)
                0x0800c256                memset
 .text.__sfputc_r
                0x0800c266       0x2a c:/ac6/systemworkbench/plugins/fr.ac6.mcu.externaltools.arm-none.win32_1.13.3.201707031232/tools/compiler/bin/../lib/gcc/arm-none-eabi/5.4.1/../../../../arm-none-eabi/lib/armv6-m\libc_nano.a(lib_a-nano-vfprintf.o)
 .text.__sfputs_r
                0x0800c290       0x24 c:/ac6/systemworkbench/plugins/fr.ac6.mcu.externaltools.arm-none.win32_1.13.3.201707031232/tools/compiler/bin/../lib/gcc/arm-none-eabi/5.4.1/../../../../arm-none-eabi/lib/armv6-m\libc_nano.a(lib_a-nano-vfprintf.o)
                0x0800c290                __sfputs_r
 .text._vfprintf_r
                0x0800c2b4      0x238 c:/ac6/systemworkbench/plugins/fr.ac6.mcu.externaltools.arm-none.win32_1.13.3.201707031232/tools/compiler/bin/../lib/gcc/arm-none-eabi/5.4.1/../../../../arm-none-eabi/lib/armv6-m\libc_nano.a(lib_a-nano-vfprintf.o)
                0x0800c2b4                _vfprintf_r
                0x0800c2b4                _vfiprintf_r
 .text._printf_common
                0x0800c4ec       0xdc c:/ac6/systemworkbench/plugins/fr.ac6.mcu.externaltools.arm-none.win32_1.13.3.201707031232/tools/compiler/bin/../lib/gcc/arm-none-eabi/5.4.1/../../../../arm-none-eabi/lib/armv6-m\libc_nano.a(lib_a-nano-vfprintf_i.o)
                0x0800c4ec                _printf_common
 .text._printf_i
                0x0800c5c8      0x244 c:/ac6/systemworkbench/plugins/fr.ac6.mcu.externaltools.arm-none.win32_1.13.3.201707031232/tools/compiler/bin/../lib/gcc/arm-none-eabi/5.4.1/../../../../arm-none-eabi/lib/armv6-m\libc_nano.a(lib_a-nano-vfprintf_i.o)
                0x0800c5c8                _printf_i
 .text.sprintf  0x0800c80c       0x44 c:/ac6/systemworkbench/plugins/fr.ac6.mcu.externaltools.arm-none.win32_1.13.3.201707031232/tools/compiler/bin/../lib/gcc/arm-none-eabi/5.4.1/../../../../arm-none-eabi/lib/armv6-m\libc_nano.a(lib_a-sprintf.o)
                0x0800c80c                siprintf
                0x0800c80c                sprintf
 .text.__swbuf_r
                0x0800c850       0xac c:/ac6/systemworkbench/plugins/fr.ac6.mcu.externaltools.arm-none.win32_1.13.3.201707031232/tools/compiler/bin/../lib/gcc/arm-none-eabi/5.4.1/../../../../arm-none-eabi/lib/armv6-m\libc_nano.a(lib_a-wbuf.o)
                0x0800c850                __swbuf_r
 .text.__swsetup_r
                0x0800c8fc       0xec c:/ac6/systemworkbench/plugins/fr.ac6.mcu.externaltools.arm-none.win32_1.13.3.201707031232/tools/compiler/bin/../lib/gcc/arm-none-eabi/5.4.1/../../../../arm-none-eabi/lib/armv6-m\libc_nano.a(lib_a-wsetup.o)
                0x0800c8fc                __swsetup_r
 .text.abort    0x0800c9e8        0xe c:/ac6/systemworkbench/plugins/fr.ac6.mcu.externaltools.arm-none.win32_1.13.3.201707031232/tools/compiler/bin/../lib/gcc/arm-none-eabi/5.4.1/../../../../arm-none-eabi/lib/armv6-m\libc_nano.a(lib_a-abort.o)
                0x0800c9e8                abort
 *fill*         0x0800c9f6        0x2 
 .text.__sflush_r
                0x0800c9f8      0x10c c:/ac6/systemworkbench/plugins/fr.ac6.mcu.externaltools.arm-none.win32_1.13.3.201707031232/tools/compiler/bin/../lib/gcc/arm-none-eabi/5.4.1/../../../../arm-none-eabi/lib/armv6-m\libc_nano.a(lib_a-fflush.o)
                0x0800c9f8                __sflush_r
 .text._fflush_r
                0x0800cb04       0x58 c:/ac6/systemworkbench/plugins/fr.ac6.mcu.externaltools.arm-none.win32_1.13.3.201707031232/tools/compiler/bin/../lib/gcc/arm-none-eabi/5.4.1/../../../../arm-none-eabi/lib/armv6-m\libc_nano.a(lib_a-fflush.o)
                0x0800cb04                _fflush_r
 .text._cleanup_r
                0x0800cb5c       0x10 c:/ac6/systemworkbench/plugins/fr.ac6.mcu.externaltools.arm-none.win32_1.13.3.201707031232/tools/compiler/bin/../lib/gcc/arm-none-eabi/5.4.1/../../../../arm-none-eabi/lib/armv6-m\libc_nano.a(lib_a-findfp.o)
                0x0800cb5c                _cleanup_r
 .text.std.isra.0
                0x0800cb6c       0x48 c:/ac6/systemworkbench/plugins/fr.ac6.mcu.externaltools.arm-none.win32_1.13.3.201707031232/tools/compiler/bin/../lib/gcc/arm-none-eabi/5.4.1/../../../../arm-none-eabi/lib/armv6-m\libc_nano.a(lib_a-findfp.o)
 .text.__sfmoreglue
                0x0800cbb4       0x2c c:/ac6/systemworkbench/plugins/fr.ac6.mcu.externaltools.arm-none.win32_1.13.3.201707031232/tools/compiler/bin/../lib/gcc/arm-none-eabi/5.4.1/../../../../arm-none-eabi/lib/armv6-m\libc_nano.a(lib_a-findfp.o)
                0x0800cbb4                __sfmoreglue
 .text.__sinit  0x0800cbe0       0x68 c:/ac6/systemworkbench/plugins/fr.ac6.mcu.externaltools.arm-none.win32_1.13.3.201707031232/tools/compiler/bin/../lib/gcc/arm-none-eabi/5.4.1/../../../../arm-none-eabi/lib/armv6-m\libc_nano.a(lib_a-findfp.o)
                0x0800cbe0                __sinit
 .text.__sfp    0x0800cc48       0x7c c:/ac6/systemworkbench/plugins/fr.ac6.mcu.externaltools.arm-none.win32_1.13.3.201707031232/tools/compiler/bin/../lib/gcc/arm-none-eabi/5.4.1/../../../../arm-none-eabi/lib/armv6-m\libc_nano.a(lib_a-findfp.o)
                0x0800cc48                __sfp
 .text._fwalk_reent
                0x0800ccc4       0x42 c:/ac6/systemworkbench/plugins/fr.ac6.mcu.externaltools.arm-none.win32_1.13.3.201707031232/tools/compiler/bin/../lib/gcc/arm-none-eabi/5.4.1/../../../../arm-none-eabi/lib/armv6-m\libc_nano.a(lib_a-fwalk.o)
                0x0800ccc4                _fwalk_reent
 *fill*         0x0800cd06        0x2 
 .text.__swhatbuf_r
                0x0800cd08       0x4c c:/ac6/systemworkbench/plugins/fr.ac6.mcu.externaltools.arm-none.win32_1.13.3.201707031232/tools/compiler/bin/../lib/gcc/arm-none-eabi/5.4.1/../../../../arm-none-eabi/lib/armv6-m\libc_nano.a(lib_a-makebuf.o)
                0x0800cd08                __swhatbuf_r
 .text.__smakebuf_r
                0x0800cd54       0x7c c:/ac6/systemworkbench/plugins/fr.ac6.mcu.externaltools.arm-none.win32_1.13.3.201707031232/tools/compiler/bin/../lib/gcc/arm-none-eabi/5.4.1/../../../../arm-none-eabi/lib/armv6-m\libc_nano.a(lib_a-makebuf.o)
                0x0800cd54                __smakebuf_r
 .text.memchr   0x0800cdd0       0x16 c:/ac6/systemworkbench/plugins/fr.ac6.mcu.externaltools.arm-none.win32_1.13.3.201707031232/tools/compiler/bin/../lib/gcc/arm-none-eabi/5.4.1/../../../../arm-none-eabi/lib/armv6-m\libc_nano.a(lib_a-memchr-stub.o)
                0x0800cdd0                memchr
 .text.memmove  0x0800cde6       0x2a c:/ac6/systemworkbench/plugins/fr.ac6.mcu.externaltools.arm-none.win32_1.13.3.201707031232/tools/compiler/bin/../lib/gcc/arm-none-eabi/5.4.1/../../../../arm-none-eabi/lib/armv6-m\libc_nano.a(lib_a-memmove.o)
                0x0800cde6                memmove
 .text._free_r  0x0800ce10       0x98 c:/ac6/systemworkbench/plugins/fr.ac6.mcu.externaltools.arm-none.win32_1.13.3.201707031232/tools/compiler/bin/../lib/gcc/arm-none-eabi/5.4.1/../../../../arm-none-eabi/lib/armv6-m\libc_nano.a(lib_a-nano-freer.o)
                0x0800ce10                _free_r
 .text._malloc_r
                0x0800cea8       0xc0 c:/ac6/systemworkbench/plugins/fr.ac6.mcu.externaltools.arm-none.win32_1.13.3.201707031232/tools/compiler/bin/../lib/gcc/arm-none-eabi/5.4.1/../../../../arm-none-eabi/lib/armv6-m\libc_nano.a(lib_a-nano-mallocr.o)
                0x0800cea8                _malloc_r
 .text._realloc_r
                0x0800cf68       0x4c c:/ac6/systemworkbench/plugins/fr.ac6.mcu.externaltools.arm-none.win32_1.13.3.201707031232/tools/compiler/bin/../lib/gcc/arm-none-eabi/5.4.1/../../../../arm-none-eabi/lib/armv6-m\libc_nano.a(lib_a-nano-reallocr.o)
                0x0800cf68                _realloc_r
 .text.__ssputs_r
                0x0800cfb4       0xc4 c:/ac6/systemworkbench/plugins/fr.ac6.mcu.externaltools.arm-none.win32_1.13.3.201707031232/tools/compiler/bin/../lib/gcc/arm-none-eabi/5.4.1/../../../../arm-none-eabi/lib/armv6-m\libc_nano.a(lib_a-nano-svfprintf.o)
                0x0800cfb4                __ssputs_r
 .text._svfprintf_r
                0x0800d078      0x1fc c:/ac6/systemworkbench/plugins/fr.ac6.mcu.externaltools.arm-none.win32_1.13.3.201707031232/tools/compiler/bin/../lib/gcc/arm-none-eabi/5.4.1/../../../../arm-none-eabi/lib/armv6-m\libc_nano.a(lib_a-nano-svfprintf.o)
                0x0800d078                _svfiprintf_r
                0x0800d078                _svfprintf_r
 .text._sbrk_r  0x0800d274       0x24 c:/ac6/systemworkbench/plugins/fr.ac6.mcu.externaltools.arm-none.win32_1.13.3.201707031232/tools/compiler/bin/../lib/gcc/arm-none-eabi/5.4.1/../../../../arm-none-eabi/lib/armv6-m\libc_nano.a(lib_a-sbrkr.o)
                0x0800d274                _sbrk_r
 .text._raise_r
                0x0800d298       0x54 c:/ac6/systemworkbench/plugins/fr.ac6.mcu.externaltools.arm-none.win32_1.13.3.201707031232/tools/compiler/bin/../lib/gcc/arm-none-eabi/5.4.1/../../../../arm-none-eabi/lib/armv6-m\libc_nano.a(lib_a-signal.o)
                0x0800d298                _raise_r
 .text.raise    0x0800d2ec       0x14 c:/ac6/systemworkbench/plugins/fr.ac6.mcu.externaltools.arm-none.win32_1.13.3.201707031232/tools/compiler/bin/../lib/gcc/arm-none-eabi/5.4.1/../../../../arm-none-eabi/lib/armv6-m\libc_nano.a(lib_a-signal.o)
                0x0800d2ec                raise
 .text._kill_r  0x0800d300       0x24 c:/ac6/systemworkbench/plugins/fr.ac6.mcu.externaltools.arm-none.win32_1.13.3.201707031232/tools/compiler/bin/../lib/gcc/arm-none-eabi/5.4.1/../../../../arm-none-eabi/lib/armv6-m\libc_nano.a(lib_a-signalr.o)
                0x0800d300                _kill_r
 .text._getpid_r
                0x0800d324        0x8 c:/ac6/systemworkbench/plugins/fr.ac6.mcu.externaltools.arm-none.win32_1.13.3.201707031232/tools/compiler/bin/../lib/gcc/arm-none-eabi/5.4.1/../../../../arm-none-eabi/lib/armv6-m\libc_nano.a(lib_a-signalr.o)
                0x0800d324                _getpid_r
 .text.__sread  0x0800d32c       0x28 c:/ac6/systemworkbench/plugins/fr.ac6.mcu.externaltools.arm-none.win32_1.13.3.201707031232/tools/compiler/bin/../lib/gcc/arm-none-eabi/5.4.1/../../../../arm-none-eabi/lib/armv6-m\libc_nano.a(lib_a-stdio.o)
                0x0800d32c                __sread
 .text.__swrite
                0x0800d354       0x38 c:/ac6/systemworkbench/plugins/fr.ac6.mcu.externaltools.arm-none.win32_1.13.3.201707031232/tools/compiler/bin/../lib/gcc/arm-none-eabi/5.4.1/../../../../arm-none-eabi/lib/armv6-m\libc_nano.a(lib_a-stdio.o)
                0x0800d354                __swrite
 .text.__sseek  0x0800d38c       0x2c c:/ac6/systemworkbench/plugins/fr.ac6.mcu.externaltools.arm-none.win32_1.13.3.201707031232/tools/compiler/bin/../lib/gcc/arm-none-eabi/5.4.1/../../../../arm-none-eabi/lib/armv6-m\libc_nano.a(lib_a-stdio.o)
                0x0800d38c                __sseek
 .text.__sclose
                0x0800d3b8        0xc c:/ac6/systemworkbench/plugins/fr.ac6.mcu.externaltools.arm-none.win32_1.13.3.201707031232/tools/compiler/bin/../lib/gcc/arm-none-eabi/5.4.1/../../../../arm-none-eabi/lib/armv6-m\libc_nano.a(lib_a-stdio.o)
                0x0800d3b8                __sclose
 .text._write_r
                0x0800d3c4       0x28 c:/ac6/systemworkbench/plugins/fr.ac6.mcu.externaltools.arm-none.win32_1.13.3.201707031232/tools/compiler/bin/../lib/gcc/arm-none-eabi/5.4.1/../../../../arm-none-eabi/lib/armv6-m\libc_nano.a(lib_a-writer.o)
                0x0800d3c4                _write_r
 .text._close_r
                0x0800d3ec       0x24 c:/ac6/systemworkbench/plugins/fr.ac6.mcu.externaltools.arm-none.win32_1.13.3.201707031232/tools/compiler/bin/../lib/gcc/arm-none-eabi/5.4.1/../../../../arm-none-eabi/lib/armv6-m\libc_nano.a(lib_a-closer.o)
                0x0800d3ec                _close_r
 .text._fstat_r
                0x0800d410       0x24 c:/ac6/systemworkbench/plugins/fr.ac6.mcu.externaltools.arm-none.win32_1.13.3.201707031232/tools/compiler/bin/../lib/gcc/arm-none-eabi/5.4.1/../../../../arm-none-eabi/lib/armv6-m\libc_nano.a(lib_a-fstatr.o)
                0x0800d410                _fstat_r
 .text._isatty_r
                0x0800d434       0x24 c:/ac6/systemworkbench/plugins/fr.ac6.mcu.externaltools.arm-none.win32_1.13.3.201707031232/tools/compiler/bin/../lib/gcc/arm-none-eabi/5.4.1/../../../../arm-none-eabi/lib/armv6-m\libc_nano.a(lib_a-isattyr.o)
                0x0800d434                _isatty_r
 .text._lseek_r
                0x0800d458       0x28 c:/ac6/systemworkbench/plugins/fr.ac6.mcu.externaltools.arm-none.win32_1.13.3.201707031232/tools/compiler/bin/../lib/gcc/arm-none-eabi/5.4.1/../../../../arm-none-eabi/lib/armv6-m\libc_nano.a(lib_a-lseekr.o)
                0x0800d458                _lseek_r
 .text.__malloc_lock
                0x0800d480        0x2 c:/ac6/systemworkbench/plugins/fr.ac6.mcu.externaltools.arm-none.win32_1.13.3.201707031232/tools/compiler/bin/../lib/gcc/arm-none-eabi/5.4.1/../../../../arm-none-eabi/lib/armv6-m\libc_nano.a(lib_a-mlock.o)
                0x0800d480                __malloc_lock
 .text.__malloc_unlock
                0x0800d482        0x2 c:/ac6/systemworkbench/plugins/fr.ac6.mcu.externaltools.arm-none.win32_1.13.3.201707031232/tools/compiler/bin/../lib/gcc/arm-none-eabi/5.4.1/../../../../arm-none-eabi/lib/armv6-m\libc_nano.a(lib_a-mlock.o)
                0x0800d482                __malloc_unlock
 .text._malloc_usable_size_r
                0x0800d484       0x16 c:/ac6/systemworkbench/plugins/fr.ac6.mcu.externaltools.arm-none.win32_1.13.3.201707031232/tools/compiler/bin/../lib/gcc/arm-none-eabi/5.4.1/../../../../arm-none-eabi/lib/armv6-m\libc_nano.a(lib_a-nano-msizer.o)
                0x0800d484                _malloc_usable_size_r
 *fill*         0x0800d49a        0x2 
 .text._read_r  0x0800d49c       0x28 c:/ac6/systemworkbench/plugins/fr.ac6.mcu.externaltools.arm-none.win32_1.13.3.201707031232/tools/compiler/bin/../lib/gcc/arm-none-eabi/5.4.1/../../../../arm-none-eabi/lib/armv6-m\libc_nano.a(lib_a-readr.o)
                0x0800d49c                _read_r
 .text._close   0x0800d4c4       0x10 c:/ac6/systemworkbench/plugins/fr.ac6.mcu.externaltools.arm-none.win32_1.13.3.201707031232/tools/compiler/bin/../lib/gcc/arm-none-eabi/5.4.1/../../../../arm-none-eabi/lib/armv6-m\libnosys.a(close.o)
                0x0800d4c4                _close
 .text._fstat   0x0800d4d4       0x10 c:/ac6/systemworkbench/plugins/fr.ac6.mcu.externaltools.arm-none.win32_1.13.3.201707031232/tools/compiler/bin/../lib/gcc/arm-none-eabi/5.4.1/../../../../arm-none-eabi/lib/armv6-m\libnosys.a(fstat.o)
                0x0800d4d4                _fstat
 .text._getpid  0x0800d4e4       0x10 c:/ac6/systemworkbench/plugins/fr.ac6.mcu.externaltools.arm-none.win32_1.13.3.201707031232/tools/compiler/bin/../lib/gcc/arm-none-eabi/5.4.1/../../../../arm-none-eabi/lib/armv6-m\libnosys.a(getpid.o)
                0x0800d4e4                _getpid
 .text._isatty  0x0800d4f4       0x10 c:/ac6/systemworkbench/plugins/fr.ac6.mcu.externaltools.arm-none.win32_1.13.3.201707031232/tools/compiler/bin/../lib/gcc/arm-none-eabi/5.4.1/../../../../arm-none-eabi/lib/armv6-m\libnosys.a(isatty.o)
                0x0800d4f4                _isatty
 .text._kill    0x0800d504       0x10 c:/ac6/systemworkbench/plugins/fr.ac6.mcu.externaltools.arm-none.win32_1.13.3.201707031232/tools/compiler/bin/../lib/gcc/arm-none-eabi/5.4.1/../../../../arm-none-eabi/lib/armv6-m\libnosys.a(kill.o)
                0x0800d504                _kill
 .text._lseek   0x0800d514       0x10 c:/ac6/systemworkbench/plugins/fr.ac6.mcu.externaltools.arm-none.win32_1.13.3.201707031232/tools/compiler/bin/../lib/gcc/arm-none-eabi/5.4.1/../../../../arm-none-eabi/lib/armv6-m\libnosys.a(lseek.o)
                0x0800d514                _lseek
 .text._read    0x0800d524       0x10 c:/ac6/systemworkbench/plugins/fr.ac6.mcu.externaltools.arm-none.win32_1.13.3.201707031232/tools/compiler/bin/../lib/gcc/arm-none-eabi/5.4.1/../../../../arm-none-eabi/lib/armv6-m\libnosys.a(read.o)
                0x0800d524                _read
 .text._sbrk    0x0800d534       0x1c c:/ac6/systemworkbench/plugins/fr.ac6.mcu.externaltools.arm-none.win32_1.13.3.201707031232/tools/compiler/bin/../lib/gcc/arm-none-eabi/5.4.1/../../../../arm-none-eabi/lib/armv6-m\libnosys.a(sbrk.o)
                0x0800d534                _sbrk
 .text._write   0x0800d550       0x10 c:/ac6/systemworkbench/plugins/fr.ac6.mcu.externaltools.arm-none.win32_1.13.3.201707031232/tools/compiler/bin/../lib/gcc/arm-none-eabi/5.4.1/../../../../arm-none-eabi/lib/armv6-m\libnosys.a(write.o)
                0x0800d550                _write
 .text._exit    0x0800d560        0x4 c:/ac6/systemworkbench/plugins/fr.ac6.mcu.externaltools.arm-none.win32_1.13.3.201707031232/tools/compiler/bin/../lib/gcc/arm-none-eabi/5.4.1/../../../../arm-none-eabi/lib/armv6-m\libnosys.a(_exit.o)
                0x0800d560                _exit
 *(.glue_7)
 .glue_7        0x0800d564        0x0 linker stubs
 *(.glue_7t)
 .glue_7t       0x0800d564        0x0 linker stubs
 *(.eh_frame)
 .eh_frame      0x0800d564        0x0 c:/ac6/systemworkbench/plugins/fr.ac6.mcu.externaltools.arm-none.win32_1.13.3.201707031232/tools/compiler/bin/../lib/gcc/arm-none-eabi/5.4.1/armv6-m/crtbegin.o
 *(.init)
 .init          0x0800d564        0x4 c:/ac6/systemworkbench/plugins/fr.ac6.mcu.externaltools.arm-none.win32_1.13.3.201707031232/tools/compiler/bin/../lib/gcc/arm-none-eabi/5.4.1/armv6-m/crti.o
                0x0800d564                _init
 .init          0x0800d568        0x8 c:/ac6/systemworkbench/plugins/fr.ac6.mcu.externaltools.arm-none.win32_1.13.3.201707031232/tools/compiler/bin/../lib/gcc/arm-none-eabi/5.4.1/armv6-m/crtn.o
 *(.fini)
 .fini          0x0800d570        0x4 c:/ac6/systemworkbench/plugins/fr.ac6.mcu.externaltools.arm-none.win32_1.13.3.201707031232/tools/compiler/bin/../lib/gcc/arm-none-eabi/5.4.1/armv6-m/crti.o
                0x0800d570                _fini
 .fini          0x0800d574        0x8 c:/ac6/systemworkbench/plugins/fr.ac6.mcu.externaltools.arm-none.win32_1.13.3.201707031232/tools/compiler/bin/../lib/gcc/arm-none-eabi/5.4.1/armv6-m/crtn.o
                0x0800d57c                . = ALIGN (0x4)
                0x0800d57c                _etext = .

.vfp11_veneer   0x0800d57c        0x0
 .vfp11_veneer  0x0800d57c        0x0 linker stubs

.v4_bx          0x0800d57c        0x0
 .v4_bx         0x0800d57c        0x0 linker stubs

.iplt           0x0800d57c        0x0
 .iplt          0x0800d57c        0x0 c:/ac6/systemworkbench/plugins/fr.ac6.mcu.externaltools.arm-none.win32_1.13.3.201707031232/tools/compiler/bin/../lib/gcc/arm-none-eabi/5.4.1/armv6-m/crtbegin.o

.rodata         0x0800d57c      0xdbc
                0x0800d57c                . = ALIGN (0x4)
 *(.rodata)
 .rodata        0x0800d57c       0x48 Drivers/STM32L0xx_HAL_Driver/Src/stm32l0xx_hal_uart.o
 .rodata        0x0800d5c4       0x4e Drivers/freemodbus/modbus/rtu/mbrtu.o
 *fill*         0x0800d612        0x2 
 .rodata        0x0800d614      0x200 Drivers/freemodbus/port/mbcrc.o
 .rodata        0x0800d814        0x9 Src/co2.o
 *fill*         0x0800d81d        0x3 
 .rodata        0x0800d820      0x240 Src/lcd.o
 .rodata        0x0800da60       0x24 Src/system_stm32l0xx.o
                0x0800da60                PLLMulTable
                0x0800da6c                AHBPrescTable
                0x0800da7c                APBPrescTable
 .rodata        0x0800da84       0x80 c:/ac6/systemworkbench/plugins/fr.ac6.mcu.externaltools.arm-none.win32_1.13.3.201707031232/tools/compiler/bin/../lib/gcc/arm-none-eabi/5.4.1/armv6-m\libgcc.a(divsf3.o)
 .rodata        0x0800db04       0x40 c:/ac6/systemworkbench/plugins/fr.ac6.mcu.externaltools.arm-none.win32_1.13.3.201707031232/tools/compiler/bin/../lib/gcc/arm-none-eabi/5.4.1/armv6-m\libgcc.a(mulsf3.o)
 .rodata        0x0800db44       0x40 c:/ac6/systemworkbench/plugins/fr.ac6.mcu.externaltools.arm-none.win32_1.13.3.201707031232/tools/compiler/bin/../lib/gcc/arm-none-eabi/5.4.1/armv6-m\libgcc.a(divdf3.o)
 .rodata        0x0800db84       0x40 c:/ac6/systemworkbench/plugins/fr.ac6.mcu.externaltools.arm-none.win32_1.13.3.201707031232/tools/compiler/bin/../lib/gcc/arm-none-eabi/5.4.1/armv6-m\libgcc.a(muldf3.o)
 *(.rodata*)
 .rodata.str1.4
                0x0800dbc4       0x38 Drivers/STM32L0xx_HAL_Driver/Src/stm32l0xx_hal_adc.o
 .rodata.str1.4
                0x0800dbfc       0x3b Drivers/STM32L0xx_HAL_Driver/Src/stm32l0xx_hal_cortex.o
 *fill*         0x0800dc37        0x1 
 .rodata.str1.4
                0x0800dc38       0x38 Drivers/STM32L0xx_HAL_Driver/Src/stm32l0xx_hal_dma.o
 .rodata.str1.4
                0x0800dc70       0x3d Drivers/STM32L0xx_HAL_Driver/Src/stm32l0xx_hal_flash_ex.o
 *fill*         0x0800dcad        0x3 
 .rodata.str1.4
                0x0800dcb0       0x39 Drivers/STM32L0xx_HAL_Driver/Src/stm32l0xx_hal_gpio.o
 *fill*         0x0800dce9        0x3 
 .rodata.str1.4
                0x0800dcec       0x38 Drivers/STM32L0xx_HAL_Driver/Src/stm32l0xx_hal_i2c.o
 .rodata.str1.4
                0x0800dd24       0x3b Drivers/STM32L0xx_HAL_Driver/Src/stm32l0xx_hal_i2c_ex.o
 *fill*         0x0800dd5f        0x1 
 .rodata.str1.4
                0x0800dd60       0x3a Drivers/STM32L0xx_HAL_Driver/Src/stm32l0xx_hal_lptim.o
 *fill*         0x0800dd9a        0x2 
 .rodata.str1.4
                0x0800dd9c       0x38 Drivers/STM32L0xx_HAL_Driver/Src/stm32l0xx_hal_pwr.o
 .rodata.str1.4
                0x0800ddd4       0x38 Drivers/STM32L0xx_HAL_Driver/Src/stm32l0xx_hal_rcc.o
 .rodata.str1.4
                0x0800de0c       0x3b Drivers/STM32L0xx_HAL_Driver/Src/stm32l0xx_hal_rcc_ex.o
 *fill*         0x0800de47        0x1 
 .rodata.str1.4
                0x0800de48       0x38 Drivers/STM32L0xx_HAL_Driver/Src/stm32l0xx_hal_rtc.o
 .rodata.str1.4
                0x0800de80       0x3b Drivers/STM32L0xx_HAL_Driver/Src/stm32l0xx_hal_rtc_ex.o
 *fill*         0x0800debb        0x1 
 .rodata.str1.4
                0x0800debc       0x38 Drivers/STM32L0xx_HAL_Driver/Src/stm32l0xx_hal_spi.o
 .rodata.str1.4
                0x0800def4       0x38 Drivers/STM32L0xx_HAL_Driver/Src/stm32l0xx_hal_tim.o
 .rodata.str1.4
                0x0800df2c       0x3b Drivers/STM32L0xx_HAL_Driver/Src/stm32l0xx_hal_tim_ex.o
 *fill*         0x0800df67        0x1 
 .rodata.str1.4
                0x0800df68       0x39 Drivers/STM32L0xx_HAL_Driver/Src/stm32l0xx_hal_uart.o
 *fill*         0x0800dfa1        0x3 
 .rodata.str1.4
                0x0800dfa4       0x3c Drivers/STM32L0xx_HAL_Driver/Src/stm32l0xx_hal_uart_ex.o
 .rodata.str1.4
                0x0800dfe0       0xef Drivers/freemodbus/modbus/rtu/mbrtu.o
 *fill*         0x0800e0cf        0x1 
 .rodata.str1.4
                0x0800e0d0        0xd Src/adc.o
 *fill*         0x0800e0dd        0x3 
 .rodata.str1.4
                0x0800e0e0        0xd Src/i2c.o
 *fill*         0x0800e0ed        0x3 
 .rodata.str1.4
                0x0800e0f0        0xf Src/lptim.o
 *fill*         0x0800e0ff        0x1 
 .rodata.str1.4
                0x0800e100       0x14 Src/main.o
 .rodata.str1.4
                0x0800e114      0x109 Src/mbtask.o
 *fill*         0x0800e21d        0x3 
 .rodata.str1.4
                0x0800e220        0xd Src/rtc.o
 *fill*         0x0800e22d        0x3 
 .rodata.str1.4
                0x0800e230        0xd Src/spi.o
 *fill*         0x0800e23d        0x3 
 .rodata.str1.4
                0x0800e240        0xd Src/tim.o
 *fill*         0x0800e24d        0x3 
 .rodata.str1.4
                0x0800e250        0xf Src/usart.o
 *fill*         0x0800e25f        0x1 
 .rodata.str1.4
                0x0800e260        0x4 c:/ac6/systemworkbench/plugins/fr.ac6.mcu.externaltools.arm-none.win32_1.13.3.201707031232/tools/compiler/bin/../lib/gcc/arm-none-eabi/5.4.1/../../../../arm-none-eabi/lib/armv6-m\libm.a(lib_a-w_log.o)
                                  0x5 (size before relaxing)
 .rodata.str1.1
                0x0800e264       0x3c c:/ac6/systemworkbench/plugins/fr.ac6.mcu.externaltools.arm-none.win32_1.13.3.201707031232/tools/compiler/bin/../lib/gcc/arm-none-eabi/5.4.1/../../../../arm-none-eabi/lib/armv6-m\libc_nano.a(lib_a-assert.o)
                                 0x3d (size before relaxing)
 .rodata._global_impure_ptr
                0x0800e2a0        0x4 c:/ac6/systemworkbench/plugins/fr.ac6.mcu.externaltools.arm-none.win32_1.13.3.201707031232/tools/compiler/bin/../lib/gcc/arm-none-eabi/5.4.1/../../../../arm-none-eabi/lib/armv6-m\libc_nano.a(lib_a-impure.o)
                0x0800e2a0                _global_impure_ptr
 .rodata.str1.1
                0x0800e2a4       0x11 c:/ac6/systemworkbench/plugins/fr.ac6.mcu.externaltools.arm-none.win32_1.13.3.201707031232/tools/compiler/bin/../lib/gcc/arm-none-eabi/5.4.1/../../../../arm-none-eabi/lib/armv6-m\libc_nano.a(lib_a-nano-vfprintf.o)
 .rodata.str1.1
                0x0800e2b5       0x22 c:/ac6/systemworkbench/plugins/fr.ac6.mcu.externaltools.arm-none.win32_1.13.3.201707031232/tools/compiler/bin/../lib/gcc/arm-none-eabi/5.4.1/../../../../arm-none-eabi/lib/armv6-m\libc_nano.a(lib_a-nano-vfprintf_i.o)
 *fill*         0x0800e2d7        0x1 
 .rodata.__sf_fake_stdin
                0x0800e2d8       0x20 c:/ac6/systemworkbench/plugins/fr.ac6.mcu.externaltools.arm-none.win32_1.13.3.201707031232/tools/compiler/bin/../lib/gcc/arm-none-eabi/5.4.1/../../../../arm-none-eabi/lib/armv6-m\libc_nano.a(lib_a-findfp.o)
                0x0800e2d8                __sf_fake_stdin
 .rodata.__sf_fake_stdout
                0x0800e2f8       0x20 c:/ac6/systemworkbench/plugins/fr.ac6.mcu.externaltools.arm-none.win32_1.13.3.201707031232/tools/compiler/bin/../lib/gcc/arm-none-eabi/5.4.1/../../../../arm-none-eabi/lib/armv6-m\libc_nano.a(lib_a-findfp.o)
                0x0800e2f8                __sf_fake_stdout
 .rodata.__sf_fake_stderr
                0x0800e318       0x20 c:/ac6/systemworkbench/plugins/fr.ac6.mcu.externaltools.arm-none.win32_1.13.3.201707031232/tools/compiler/bin/../lib/gcc/arm-none-eabi/5.4.1/../../../../arm-none-eabi/lib/armv6-m\libc_nano.a(lib_a-findfp.o)
                0x0800e318                __sf_fake_stderr
 .rodata.str1.1
                0x0800e338       0x11 c:/ac6/systemworkbench/plugins/fr.ac6.mcu.externaltools.arm-none.win32_1.13.3.201707031232/tools/compiler/bin/../lib/gcc/arm-none-eabi/5.4.1/../../../../arm-none-eabi/lib/armv6-m\libc_nano.a(lib_a-nano-svfprintf.o)
                0x0800e34c                . = ALIGN (0x4)

.ARM.extab
 *(.ARM.extab* .gnu.linkonce.armextab.*)

.ARM            0x0800e338        0x8
                0x0800e338                __exidx_start = .
 *(.ARM.exidx*)
 .ARM.exidx     0x0800e338        0x8 c:/ac6/systemworkbench/plugins/fr.ac6.mcu.externaltools.arm-none.win32_1.13.3.201707031232/tools/compiler/bin/../lib/gcc/arm-none-eabi/5.4.1/armv6-m\libgcc.a(_udivmoddi4.o)
                0x0800e340                __exidx_end = .

.rel.dyn        0x0800e340        0x0
 .rel.iplt      0x0800e340        0x0 c:/ac6/systemworkbench/plugins/fr.ac6.mcu.externaltools.arm-none.win32_1.13.3.201707031232/tools/compiler/bin/../lib/gcc/arm-none-eabi/5.4.1/armv6-m/crtbegin.o

.preinit_array  0x0800e340        0x0
                0x0800e340                PROVIDE (__preinit_array_start, .)
 *(.preinit_array*)
                0x0800e340                PROVIDE (__preinit_array_end, .)

.init_array     0x0800e340        0x4
                0x0800e340                PROVIDE (__init_array_start, .)
 *(SORT(.init_array.*))
 *(.init_array*)
 .init_array    0x0800e340        0x4 c:/ac6/systemworkbench/plugins/fr.ac6.mcu.externaltools.arm-none.win32_1.13.3.201707031232/tools/compiler/bin/../lib/gcc/arm-none-eabi/5.4.1/armv6-m/crtbegin.o
                0x0800e344                PROVIDE (__init_array_end, .)

.fini_array     0x0800e344        0x4
                [!provide]                PROVIDE (__fini_array_start, .)
 *(SORT(.fini_array.*))
 *(.fini_array*)
 .fini_array    0x0800e344        0x4 c:/ac6/systemworkbench/plugins/fr.ac6.mcu.externaltools.arm-none.win32_1.13.3.201707031232/tools/compiler/bin/../lib/gcc/arm-none-eabi/5.4.1/armv6-m/crtbegin.o
                [!provide]                PROVIDE (__fini_array_end, .)
                0x0800e348                _sidata = LOADADDR (.data)

.data           0x20000000      0x100 load address 0x0800e348
                0x20000000                . = ALIGN (0x4)
                0x20000000                _sdata = .
 *(.data)
 .data          0x20000000       0x84 Drivers/freemodbus/modbus/mb.o
 .data          0x20000084        0x2 Src/BV1750FVI.o
 *fill*         0x20000086        0x2 
 .data          0x20000088        0xc Src/mbtask.o
                0x20000088                coils
 .data          0x20000094        0x4 Src/system_stm32l0xx.o
                0x20000094                SystemCoreClock
 *(.data*)
 .data.__fdlib_version
                0x20000098        0x1 c:/ac6/systemworkbench/plugins/fr.ac6.mcu.externaltools.arm-none.win32_1.13.3.201707031232/tools/compiler/bin/../lib/gcc/arm-none-eabi/5.4.1/../../../../arm-none-eabi/lib/armv6-m\libm.a(lib_a-s_lib_ver.o)
                0x20000098                __fdlib_version
 *fill*         0x20000099        0x3 
 .data.impure_data
                0x2000009c       0x60 c:/ac6/systemworkbench/plugins/fr.ac6.mcu.externaltools.arm-none.win32_1.13.3.201707031232/tools/compiler/bin/../lib/gcc/arm-none-eabi/5.4.1/../../../../arm-none-eabi/lib/armv6-m\libc_nano.a(lib_a-impure.o)
 .data._impure_ptr
                0x200000fc        0x4 c:/ac6/systemworkbench/plugins/fr.ac6.mcu.externaltools.arm-none.win32_1.13.3.201707031232/tools/compiler/bin/../lib/gcc/arm-none-eabi/5.4.1/../../../../arm-none-eabi/lib/armv6-m\libc_nano.a(lib_a-impure.o)
                0x200000fc                _impure_ptr
                0x20000100                . = ALIGN (0x4)
                0x20000100                _edata = .

.jcr            0x20000100        0x0 load address 0x0800e448
 .jcr           0x20000100        0x0 c:/ac6/systemworkbench/plugins/fr.ac6.mcu.externaltools.arm-none.win32_1.13.3.201707031232/tools/compiler/bin/../lib/gcc/arm-none-eabi/5.4.1/armv6-m/crtbegin.o

.igot.plt       0x20000100        0x0 load address 0x0800e448
 .igot.plt      0x20000100        0x0 c:/ac6/systemworkbench/plugins/fr.ac6.mcu.externaltools.arm-none.win32_1.13.3.201707031232/tools/compiler/bin/../lib/gcc/arm-none-eabi/5.4.1/armv6-m/crtbegin.o
                0x20000100                . = ALIGN (0x4)

.bss            0x20000100      0x7fc load address 0x0800e448
                0x20000100                _sbss = .
                0x20000100                __bss_start__ = _sbss
 *(.bss)
 .bss           0x20000100       0x1c c:/ac6/systemworkbench/plugins/fr.ac6.mcu.externaltools.arm-none.win32_1.13.3.201707031232/tools/compiler/bin/../lib/gcc/arm-none-eabi/5.4.1/armv6-m/crtbegin.o
 .bss           0x2000011c       0x24 Drivers/freemodbus/modbus/functions/mbfuncother.o
 .bss           0x20000140       0x23 Drivers/freemodbus/modbus/mb.o
 *fill*         0x20000163        0x1 
 .bss           0x20000164        0xb Drivers/freemodbus/modbus/rtu/mbrtu.o
 .bss           0x2000016f        0x2 Drivers/freemodbus/port/portevent.o
 *fill*         0x20000171        0x1 
 .bss           0x20000172        0x4 Drivers/freemodbus/port/porttimer.o
                0x20000174                downcounter
 .bss           0x20000176        0x1 Src/BV1750FVI.o
 .bss           0x20000177        0x1 Src/SoilMoisture.o
                0x20000177                lastCalibrated
 .bss           0x20000178        0x1 Src/co2.o
                0x20000178                CO2_state
 *fill*         0x20000179        0x3 
 .bss           0x2000017c        0x8 Src/lcd.o
                0x2000017c                isOn
                0x20000180                cnt
 .bss           0x20000184       0x22 Src/mbtask.o
                0x20000184                measurementRequested
                0x20000188                printCoils
                0x2000018d                lcdPrintRequested
                0x2000018e                calibrationRequested
                0x20000190                data
                0x2000019c                STOPRequested
                0x200001a0                LCD_request
                0x200001a4                timcnt
 *(.bss*)
 *fill*         0x200001a6        0x2 
 .bss.__malloc_sbrk_start
                0x200001a8        0x4 c:/ac6/systemworkbench/plugins/fr.ac6.mcu.externaltools.arm-none.win32_1.13.3.201707031232/tools/compiler/bin/../lib/gcc/arm-none-eabi/5.4.1/../../../../arm-none-eabi/lib/armv6-m\libc_nano.a(lib_a-nano-mallocr.o)
                0x200001a8                __malloc_sbrk_start
 .bss.__malloc_free_list