Archive member included to satisfy reference by file (symbol)

c:/ac6/systemworkbench/plugins/fr.ac6.mcu.externaltools.arm-none.win32_1.13.3.201707031232/tools/compiler/bin/../lib/gcc/arm-none-eabi/5.4.1/../../../../arm-none-eabi/lib/armv6-m\libm.a(lib_a-s_log2.o)
                              Src/lcd.o (log2)
c:/ac6/systemworkbench/plugins/fr.ac6.mcu.externaltools.arm-none.win32_1.13.3.201707031232/tools/compiler/bin/../lib/gcc/arm-none-eabi/5.4.1/../../../../arm-none-eabi/lib/armv6-m\libm.a(lib_a-w_log.o)
                              c:/ac6/systemworkbench/plugins/fr.ac6.mcu.externaltools.arm-none.win32_1.13.3.201707031232/tools/compiler/bin/../lib/gcc/arm-none-eabi/5.4.1/../../../../arm-none-eabi/lib/armv6-m\libm.a(lib_a-s_log2.o) (log)
c:/ac6/systemworkbench/plugins/fr.ac6.mcu.externaltools.arm-none.win32_1.13.3.201707031232/tools/compiler/bin/../lib/gcc/arm-none-eabi/5.4.1/../../../../arm-none-eabi/lib/armv6-m\libm.a(lib_a-e_log.o)
                              c:/ac6/systemworkbench/plugins/fr.ac6.mcu.externaltools.arm-none.win32_1.13.3.201707031232/tools/compiler/bin/../lib/gcc/arm-none-eabi/5.4.1/../../../../arm-none-eabi/lib/armv6-m\libm.a(lib_a-w_log.o) (__ieee754_log)
c:/ac6/systemworkbench/plugins/fr.ac6.mcu.externaltools.arm-none.win32_1.13.3.201707031232/tools/compiler/bin/../lib/gcc/arm-none-eabi/5.4.1/../../../../arm-none-eabi/lib/armv6-m\libm.a(lib_a-s_lib_ver.o)
                              c:/ac6/systemworkbench/plugins/fr.ac6.mcu.externaltools.arm-none.win32_1.13.3.201707031232/tools/compiler/bin/../lib/gcc/arm-none-eabi/5.4.1/../../../../arm-none-eabi/lib/armv6-m\libm.a(lib_a-w_log.o) (__fdlib_version)
c:/ac6/systemworkbench/plugins/fr.ac6.mcu.externaltools.arm-none.win32_1.13.3.201707031232/tools/compiler/bin/../lib/gcc/arm-none-eabi/5.4.1/../../../../arm-none-eabi/lib/armv6-m\libm.a(lib_a-s_matherr.o)
                              c:/ac6/systemworkbench/plugins/fr.ac6.mcu.externaltools.arm-none.win32_1.13.3.201707031232/tools/compiler/bin/../lib/gcc/arm-none-eabi/5.4.1/../../../../arm-none-eabi/lib/armv6-m\libm.a(lib_a-w_log.o) (matherr)
c:/ac6/systemworkbench/plugins/fr.ac6.mcu.externaltools.arm-none.win32_1.13.3.201707031232/tools/compiler/bin/../lib/gcc/arm-none-eabi/5.4.1/../../../../arm-none-eabi/lib/armv6-m\libm.a(lib_a-s_nan.o)
                              c:/ac6/systemworkbench/plugins/fr.ac6.mcu.externaltools.arm-none.win32_1.13.3.201707031232/tools/compiler/bin/../lib/gcc/arm-none-eabi/5.4.1/../../../../arm-none-eabi/lib/armv6-m\libm.a(lib_a-w_log.o) (nan)
c:/ac6/systemworkbench/plugins/fr.ac6.mcu.externaltools.arm-none.win32_1.13.3.201707031232/tools/compiler/bin/../lib/gcc/arm-none-eabi/5.4.1/armv6-m\libgcc.a(_udivsi3.o)
                              Drivers/STM32L0xx_HAL_Driver/Src/stm32l0xx_hal.o (__aeabi_uidiv)
c:/ac6/systemworkbench/plugins/fr.ac6.mcu.externaltools.arm-none.win32_1.13.3.201707031232/tools/compiler/bin/../lib/gcc/arm-none-eabi/5.4.1/armv6-m\libgcc.a(_dvmd_tls.o)
                              c:/ac6/systemworkbench/plugins/fr.ac6.mcu.externaltools.arm-none.win32_1.13.3.201707031232/tools/compiler/bin/../lib/gcc/arm-none-eabi/5.4.1/armv6-m\libgcc.a(_udivsi3.o) (__aeabi_idiv0)
c:/ac6/systemworkbench/plugins/fr.ac6.mcu.externaltools.arm-none.win32_1.13.3.201707031232/tools/compiler/bin/../lib/gcc/arm-none-eabi/5.4.1/armv6-m\libgcc.a(_arm_cmpdf2.o)
                              c:/ac6/systemworkbench/plugins/fr.ac6.mcu.externaltools.arm-none.win32_1.13.3.201707031232/tools/compiler/bin/../lib/gcc/arm-none-eabi/5.4.1/../../../../arm-none-eabi/lib/armv6-m\libm.a(lib_a-w_log.o) (__aeabi_dcmpeq)
c:/ac6/systemworkbench/plugins/fr.ac6.mcu.externaltools.arm-none.win32_1.13.3.201707031232/tools/compiler/bin/../lib/gcc/arm-none-eabi/5.4.1/armv6-m\libgcc.a(_aeabi_uldivmod.o)
                              Drivers/STM32L0xx_HAL_Driver/Src/stm32l0xx_hal_uart.o (__aeabi_uldivmod)
c:/ac6/systemworkbench/plugins/fr.ac6.mcu.externaltools.arm-none.win32_1.13.3.201707031232/tools/compiler/bin/../lib/gcc/arm-none-eabi/5.4.1/armv6-m\libgcc.a(_fixunsdfsi.o)
                              Src/battery.o (__aeabi_d2uiz)
c:/ac6/systemworkbench/plugins/fr.ac6.mcu.externaltools.arm-none.win32_1.13.3.201707031232/tools/compiler/bin/../lib/gcc/arm-none-eabi/5.4.1/armv6-m\libgcc.a(_udivmoddi4.o)
                              c:/ac6/systemworkbench/plugins/fr.ac6.mcu.externaltools.arm-none.win32_1.13.3.201707031232/tools/compiler/bin/../lib/gcc/arm-none-eabi/5.4.1/armv6-m\libgcc.a(_aeabi_uldivmod.o) (__udivmoddi4)
c:/ac6/systemworkbench/plugins/fr.ac6.mcu.externaltools.arm-none.win32_1.13.3.201707031232/tools/compiler/bin/../lib/gcc/arm-none-eabi/5.4.1/armv6-m\libgcc.a(divsf3.o)
                              Src/am2302.o (__aeabi_fdiv)
c:/ac6/systemworkbench/plugins/fr.ac6.mcu.externaltools.arm-none.win32_1.13.3.201707031232/tools/compiler/bin/../lib/gcc/arm-none-eabi/5.4.1/armv6-m\libgcc.a(mulsf3.o)
                              Src/mbtask.o (__aeabi_fmul)
[...]
Memory Configuration

Name             Origin             Length             Attributes
RAM              0x20000000         0x00002000         xrw
FLASH            0x08000000         0x00010000         xr
*default*        0x00000000         0xffffffff

Linker script and memory map

LOAD c:/ac6/systemworkbench/plugins/fr.ac6.mcu.externaltools.arm-none.win32_1.13.3.201707031232/tools/compiler/bin/../lib/gcc/arm-none-eabi/5.4.1/armv6-m/crti.o
LOAD c:/ac6/systemworkbench/plugins/fr.ac6.mcu.externaltools.arm-none.win32_1.13.3.201707031232/tools/compiler/bin/../lib/gcc/arm-none-eabi/5.4.1/armv6-m/crtbegin.o
LOAD c:/ac6/systemworkbench/plugins/fr.ac6.mcu.externaltools.arm-none.win32_1.13.3.201707031232/tools/compiler/bin/../lib/gcc/arm-none-eabi/5.4.1/../../../../arm-none-eabi/lib/armv6-m/crt0.o
LOAD Drivers/STM32L0xx_HAL_Driver/Src/stm32l0xx_hal.o
LOAD Drivers/STM32L0xx_HAL_Driver/Src/stm32l0xx_hal_adc.o
LOAD Drivers/STM32L0xx_HAL_Driver/Src/stm32l0xx_hal_adc_ex.o
LOAD Drivers/STM32L0xx_HAL_Driver/Src/stm32l0xx_hal_comp.o
LOAD Drivers/STM32L0xx_HAL_Driver/Src/stm32l0xx_hal_comp_ex.o
LOAD Drivers/STM32L0xx_HAL_Driver/Src/stm32l0xx_hal_cortex.o
LOAD Drivers/STM32L0xx_HAL_Driver/Src/stm32l0xx_hal_dma.o
LOAD Drivers/STM32L0xx_HAL_Driver/Src/stm32l0xx_hal_flash.o
LOAD Drivers/STM32L0xx_HAL_Driver/Src/stm32l0xx_hal_flash_ex.o
LOAD Drivers/STM32L0xx_HAL_Driver/Src/stm32l0xx_hal_flash_ramfunc.o
LOAD Drivers/STM32L0xx_HAL_Driver/Src/stm32l0xx_hal_gpio.o
LOAD Drivers/STM32L0xx_HAL_Driver/Src/stm32l0xx_hal_i2c.o
LOAD Drivers/STM32L0xx_HAL_Driver/Src/stm32l0xx_hal_i2c_ex.o
LOAD Drivers/STM32L0xx_HAL_Driver/Src/stm32l0xx_hal_pwr.o
LOAD Drivers/STM32L0xx_HAL_Driver/Src/stm32l0xx_hal_pwr_ex.o
LOAD Drivers/STM32L0xx_HAL_Driver/Src/stm32l0xx_hal_rcc.o
LOAD Drivers/STM32L0xx_HAL_Driver/Src/stm32l0xx_hal_rcc_ex.o
LOAD Drivers/STM32L0xx_HAL_Driver/Src/stm32l0xx_hal_rtc.o
LOAD Drivers/STM32L0xx_HAL_Driver/Src/stm32l0xx_hal_rtc_ex.o
LOAD Drivers/STM32L0xx_HAL_Driver/Src/stm32l0xx_hal_spi.o
LOAD Drivers/STM32L0xx_HAL_Driver/Src/stm32l0xx_hal_tim.o
LOAD Drivers/STM32L0xx_HAL_Driver/Src/stm32l0xx_hal_tim_ex.o
LOAD Drivers/STM32L0xx_HAL_Driver/Src/stm32l0xx_hal_uart.o
LOAD Drivers/STM32L0xx_HAL_Driver/Src/stm32l0xx_hal_uart_ex.o
LOAD Drivers/freemodbus/modbus/functions/mbfunccoils.o
LOAD Drivers/freemodbus/modbus/functions/mbfuncdiag.o
LOAD Drivers/freemodbus/modbus/functions/mbfuncdisc.o
LOAD Drivers/freemodbus/modbus/functions/mbfuncholding.o
LOAD Drivers/freemodbus/modbus/functions/mbfuncinput.o
LOAD Drivers/freemodbus/modbus/functions/mbfuncother.o
LOAD Drivers/freemodbus/modbus/functions/mbutils.o
LOAD Drivers/freemodbus/modbus/mb.o
LOAD Drivers/freemodbus/modbus/rtu/mbrtu.o
LOAD Drivers/freemodbus/port/mbcrc.o
LOAD Drivers/freemodbus/port/portevent.o
LOAD Drivers/freemodbus/port/portserial.o
LOAD Drivers/freemodbus/port/porttimer.o
LOAD Src/BV1750FVI.o
LOAD Src/SoilMoisture.o
LOAD Src/adc.o
LOAD Src/am2302.o
LOAD Src/battery.o
LOAD Src/co2.o
LOAD Src/comp.o
LOAD Src/dma.o
LOAD Src/gpio.o
LOAD Src/i2c.o
LOAD Src/lcd.o
LOAD Src/main.o
LOAD Src/mbtask.o
LOAD Src/power.o
LOAD Src/rtc.o
LOAD Src/rtctools.o
LOAD Src/spi.o
LOAD Src/stm32l0xx_hal_msp.o
LOAD Src/stm32l0xx_it.o
LOAD Src/system_stm32l0xx.o
LOAD Src/tim.o
LOAD Src/usart.o
LOAD startup/startup_stm32l053xx.o
LOAD c:/ac6/systemworkbench/plugins/fr.ac6.mcu.externaltools.arm-none.win32_1.13.3.201707031232/tools/compiler/bin/../lib/gcc/arm-none-eabi/5.4.1/../../../../arm-none-eabi/lib/armv6-m\libm.a
START GROUP
LOAD c:/ac6/systemworkbench/plugins/fr.ac6.mcu.externaltools.arm-none.win32_1.13.3.201707031232/tools/compiler/bin/../lib/gcc/arm-none-eabi/5.4.1/armv6-m\libgcc.a
LOAD c:/ac6/systemworkbench/plugins/fr.ac6.mcu.externaltools.arm-none.win32_1.13.3.201707031232/tools/compiler/bin/../lib/gcc/arm-none-eabi/5.4.1/../../../../arm-none-eabi/lib/armv6-m\libc_nano.a
END GROUP
START GROUP
LOAD c:/ac6/systemworkbench/plugins/fr.ac6.mcu.externaltools.arm-none.win32_1.13.3.201707031232/tools/compiler/bin/../lib/gcc/arm-none-eabi/5.4.1/armv6-m\libgcc.a
LOAD c:/ac6/systemworkbench/plugins/fr.ac6.mcu.externaltools.arm-none.win32_1.13.3.201707031232/tools/compiler/bin/../lib/gcc/arm-none-eabi/5.4.1/../../../../arm-none-eabi/lib/armv6-m\libc_nano.a
LOAD c:/ac6/systemworkbench/plugins/fr.ac6.mcu.externaltools.arm-none.win32_1.13.3.201707031232/tools/compiler/bin/../lib/gcc/arm-none-eabi/5.4.1/../../../../arm-none-eabi/lib/armv6-m\libnosys.a
END GROUP
START GROUP
LOAD c:/ac6/systemworkbench/plugins/fr.ac6.mcu.externaltools.arm-none.win32_1.13.3.201707031232/tools/compiler/bin/../lib/gcc/arm-none-eabi/5.4.1/armv6-m\libgcc.a
LOAD c:/ac6/systemworkbench/plugins/fr.ac6.mcu.externaltools.arm-none.win32_1.13.3.201707031232/tools/compiler/bin/../lib/gcc/arm-none-eabi/5.4.1/../../../../arm-none-eabi/lib/armv6-m\libc_nano.a
LOAD c:/ac6/systemworkbench/plugins/fr.ac6.mcu.externaltools.arm-none.win32_1.13.3.201707031232/tools/compiler/bin/../lib/gcc/arm-none-eabi/5.4.1/../../../../arm-none-eabi/lib/armv6-m\libnosys.a
END GROUP
LOAD c:/ac6/systemworkbench/plugins/fr.ac6.mcu.externaltools.arm-none.win32_1.13.3.201707031232/tools/compiler/bin/../lib/gcc/arm-none-eabi/5.4.1/armv6-m/crtend.o
LOAD c:/ac6/systemworkbench/plugins/fr.ac6.mcu.externaltools.arm-none.win32_1.13.3.201707031232/tools/compiler/bin/../lib/gcc/arm-none-eabi/5.4.1/armv6-m/crtn.o
                0x20002000                _estack = 0x20002000
                0x00000200                _Min_Heap_Size = 0x200
                0x00000400                _Min_Stack_Size = 0x400

.isr_vector     0x08000000       0xc0
                0x08000000                . = ALIGN (0x4)
 *(.isr_vector)
 .isr_vector    0x08000000       0xc0 startup/startup_stm32l053xx.o
                0x08000000                g_pfnVectors
                0x080000c0                . = ALIGN (0x4)

.text           0x080000c0     0xd15c
                0x080000c0                . = ALIGN (0x4)
 *(.text)
 .text          0x080000c0       0x60 c:/ac6/systemworkbench/plugins/fr.ac6.mcu.externaltools.arm-none.win32_1.13.3.201707031232/tools/compiler/bin/../lib/gcc/arm-none-eabi/5.4.1/armv6-m/crtbegin.o
 .text          0x08000120      0x114 c:/ac6/systemworkbench/plugins/fr.ac6.mcu.externaltools.arm-none.win32_1.13.3.201707031232/tools/compiler/bin/../lib/gcc/arm-none-eabi/5.4.1/armv6-m\libgcc.a(_udivsi3.o)
                0x08000120                __aeabi_uidiv
                0x08000120                __udivsi3
                0x0800022c                __aeabi_uidivmod
 .text          0x08000234        0x4 c:/ac6/systemworkbench/plugins/fr.ac6.mcu.externaltools.arm-none.win32_1.13.3.201707031232/tools/compiler/bin/../lib/gcc/arm-none-eabi/5.4.1/armv6-m\libgcc.a(_dvmd_tls.o)
                0x08000234                __aeabi_idiv0
                0x08000234                __aeabi_ldiv0
 .text          0x08000238       0x7c c:/ac6/systemworkbench/plugins/fr.ac6.mcu.externaltools.arm-none.win32_1.13.3.201707031232/tools/compiler/bin/../lib/gcc/arm-none-eabi/5.4.1/armv6-m\libgcc.a(_arm_cmpdf2.o)
                0x08000238                __aeabi_cdrcmple
                0x08000248                __aeabi_cdcmple
                0x08000248                __aeabi_cdcmpeq
                0x08000258                __aeabi_dcmpeq
                0x08000264                __aeabi_dcmplt
                0x08000278                __aeabi_dcmple
                0x0800028c                __aeabi_dcmpgt
                0x080002a0                __aeabi_dcmpge
 .text          0x080002b4       0x40 c:/ac6/systemworkbench/plugins/fr.ac6.mcu.externaltools.arm-none.win32_1.13.3.201707031232/tools/compiler/bin/../lib/gcc/arm-none-eabi/5.4.1/armv6-m\libgcc.a(_aeabi_uldivmod.o)
                0x080002b4                __aeabi_uldivmod
 .text          0x080002f4       0x3c c:/ac6/systemworkbench/plugins/fr.ac6.mcu.externaltools.arm-none.win32_1.13.3.201707031232/tools/compiler/bin/../lib/gcc/arm-none-eabi/5.4.1/armv6-m\libgcc.a(_fixunsdfsi.o)
                0x080002f4                __aeabi_d2uiz
                0x080002f4                __fixunsdfsi
 .text          0x08000330      0x180 c:/ac6/systemworkbench/plugins/fr.ac6.mcu.externaltools.arm-none.win32_1.13.3.201707031232/tools/compiler/bin/../lib/gcc/arm-none-eabi/5.4.1/armv6-m\libgcc.a(_udivmoddi4.o)
                0x08000330                __udivmoddi4
 .text          0x080004b0      0x234 c:/ac6/systemworkbench/plugins/fr.ac6.mcu.externaltools.arm-none.win32_1.13.3.201707031232/tools/compiler/bin/../lib/gcc/arm-none-eabi/5.4.1/armv6-m\libgcc.a(divsf3.o)
                0x080004b0                __aeabi_fdiv
 .text          0x080006e4      0x228 c:/ac6/systemworkbench/plugins/fr.ac6.mcu.externaltools.arm-none.win32_1.13.3.201707031232/tools/compiler/bin/../lib/gcc/arm-none-eabi/5.4.1/armv6-m\libgcc.a(mulsf3.o)
                0x080006e4                __aeabi_fmul
 .text          0x0800090c      0x30c c:/ac6/systemworkbench/plugins/fr.ac6.mcu.externaltools.arm-none.win32_1.13.3.201707031232/tools/compiler/bin/../lib/gcc/arm-none-eabi/5.4.1/armv6-m\libgcc.a(subsf3.o)
                0x0800090c                __aeabi_fsub
 .text          0x08000c18       0x44 c:/ac6/systemworkbench/plugins/fr.ac6.mcu.externaltools.arm-none.win32_1.13.3.201707031232/tools/compiler/bin/../lib/gcc/arm-none-eabi/5.4.1/armv6-m\libgcc.a(fixsfsi.o)
                0x08000c18                __aeabi_f2iz
 .text          0x08000c5c       0x90 c:/ac6/systemworkbench/plugins/fr.ac6.mcu.externaltools.arm-none.win32_1.13.3.201707031232/tools/compiler/bin/../lib/gcc/arm-none-eabi/5.4.1/armv6-m\libgcc.a(floatsisf.o)
                0x08000c5c                __aeabi_i2f
 .text          0x08000cec       0x7c c:/ac6/systemworkbench/plugins/fr.ac6.mcu.externaltools.arm-none.win32_1.13.3.201707031232/tools/compiler/bin/../lib/gcc/arm-none-eabi/5.4.1/armv6-m\libgcc.a(floatunsisf.o)
                0x08000cec                __aeabi_ui2f
 .text          0x08000d68      0x658 c:/ac6/systemworkbench/plugins/fr.ac6.mcu.externaltools.arm-none.win32_1.13.3.201707031232/tools/compiler/bin/../lib/gcc/arm-none-eabi/5.4.1/armv6-m\libgcc.a(adddf3.o)
                0x08000d68                __aeabi_dadd
 .text          0x080013c0      0x62c c:/ac6/systemworkbench/plugins/fr.ac6.mcu.externaltools.arm-none.win32_1.13.3.201707031232/tools/compiler/bin/../lib/gcc/arm-none-eabi/5.4.1/armv6-m\libgcc.a(divdf3.o)
                0x080013c0                __aeabi_ddiv
 .text          0x080019ec       0x80 c:/ac6/systemworkbench/plugins/fr.ac6.mcu.externaltools.arm-none.win32_1.13.3.201707031232/tools/compiler/bin/../lib/gcc/arm-none-eabi/5.4.1/armv6-m\libgcc.a(eqdf2.o)
                0x080019ec                __nedf2
                0x080019ec                __eqdf2
 .text          0x08001a6c       0xc8 c:/ac6/systemworkbench/plugins/fr.ac6.mcu.externaltools.arm-none.win32_1.13.3.201707031232/tools/compiler/bin/../lib/gcc/arm-none-eabi/5.4.1/armv6-m\libgcc.a(gedf2.o)
                0x08001a6c                __gedf2
                0x08001a6c                __gtdf2
 .text          0x08001b34       0xd4 c:/ac6/systemworkbench/plugins/fr.ac6.mcu.externaltools.arm-none.win32_1.13.3.201707031232/tools/compiler/bin/../lib/gcc/arm-none-eabi/5.4.1/armv6-m\libgcc.a(ledf2.o)
                0x08001b34                __ledf2
                0x08001b34                __ltdf2
 .text          0x08001c08      0x4f4 c:/ac6/systemworkbench/plugins/fr.ac6.mcu.externaltools.arm-none.win32_1.13.3.201707031232/tools/compiler/bin/../lib/gcc/arm-none-eabi/5.4.1/armv6-m\libgcc.a(muldf3.o)
                0x08001c08                __aeabi_dmul
 .text          0x080020fc      0x6a8 c:/ac6/systemworkbench/plugins/fr.ac6.mcu.externaltools.arm-none.win32_1.13.3.201707031232/tools/compiler/bin/../lib/gcc/arm-none-eabi/5.4.1/armv6-m\libgcc.a(subdf3.o)
                0x080020fc                __aeabi_dsub
 .text          0x080027a4       0x40 c:/ac6/systemworkbench/plugins/fr.ac6.mcu.externaltools.arm-none.win32_1.13.3.201707031232/tools/compiler/bin/../lib/gcc/arm-none-eabi/5.4.1/armv6-m\libgcc.a(unorddf2.o)
                0x080027a4                __aeabi_dcmpun
 .text          0x080027e4       0x6c c:/ac6/systemworkbench/plugins/fr.ac6.mcu.externaltools.arm-none.win32_1.13.3.201707031232/tools/compiler/bin/../lib/gcc/arm-none-eabi/5.4.1/armv6-m\libgcc.a(fixdfsi.o)
                0x080027e4                __aeabi_d2iz
 .text          0x08002850       0x84 c:/ac6/systemworkbench/plugins/fr.ac6.mcu.externaltools.arm-none.win32_1.13.3.201707031232/tools/compiler/bin/../lib/gcc/arm-none-eabi/5.4.1/armv6-m\libgcc.a(floatsidf.o)
                0x08002850                __aeabi_i2d
 .text          0x080028d4       0x70 c:/ac6/systemworkbench/plugins/fr.ac6.mcu.externaltools.arm-none.win32_1.13.3.201707031232/tools/compiler/bin/../lib/gcc/arm-none-eabi/5.4.1/armv6-m\libgcc.a(floatunsidf.o)
                0x080028d4                __aeabi_ui2d
 .text          0x08002944      0x118 c:/ac6/systemworkbench/plugins/fr.ac6.mcu.externaltools.arm-none.win32_1.13.3.201707031232/tools/compiler/bin/../lib/gcc/arm-none-eabi/5.4.1/armv6-m\libgcc.a(truncdfsf2.o)
                0x08002944                __aeabi_d2f
 .text          0x08002a5c       0x3c c:/ac6/systemworkbench/plugins/fr.ac6.mcu.externaltools.arm-none.win32_1.13.3.201707031232/tools/compiler/bin/../lib/gcc/arm-none-eabi/5.4.1/armv6-m\libgcc.a(_clzsi2.o)
                0x08002a5c                __clzsi2
 .text          0x08002a98       0x18 c:/ac6/systemworkbench/plugins/fr.ac6.mcu.externaltools.arm-none.win32_1.13.3.201707031232/tools/compiler/bin/../lib/gcc/arm-none-eabi/5.4.1/armv6-m\libgcc.a(_clzdi2.o)
                0x08002a98                __clzdi2
 *(.text*)
 .text.HAL_InitTick
                0x08002ab0       0x28 Drivers/STM32L0xx_HAL_Driver/Src/stm32l0xx_hal.o
                0x08002ab0                HAL_InitTick
 .text.HAL_Init
                0x08002ad8       0x20 Drivers/STM32L0xx_HAL_Driver/Src/stm32l0xx_hal.o
                0x08002ad8                HAL_Init
 .text.HAL_IncTick
                0x08002af8       0x10 Drivers/STM32L0xx_HAL_Driver/Src/stm32l0xx_hal.o
                0x08002af8                HAL_IncTick
 .text.HAL_GetTick
                0x08002b08        0xc Drivers/STM32L0xx_HAL_Driver/Src/stm32l0xx_hal.o
                0x08002b08                HAL_GetTick
 .text.HAL_Delay
                0x08002b14       0x1c Drivers/STM32L0xx_HAL_Driver/Src/stm32l0xx_hal.o
                0x08002b14                HAL_Delay
 .text.HAL_SuspendTick
                0x08002b30       0x10 Drivers/STM32L0xx_HAL_Driver/Src/stm32l0xx_hal.o
                0x08002b30                HAL_SuspendTick
 .text.HAL_ResumeTick
                0x08002b40       0x10 Drivers/STM32L0xx_HAL_Driver/Src/stm32l0xx_hal.o
                0x08002b40                HAL_ResumeTick
 .text.HAL_GetREVID
                0x08002b50        0xc Drivers/STM32L0xx_HAL_Driver/Src/stm32l0xx_hal.o
                0x08002b50                HAL_GetREVID
 .text.HAL_GetDEVID
                0x08002b5c       0x10 Drivers/STM32L0xx_HAL_Driver/Src/stm32l0xx_hal.o
                0x08002b5c                HAL_GetDEVID
 .text.ADC_DelayMicroSecond
                0x08002b6c       0x30 Drivers/STM32L0xx_HAL_Driver/Src/stm32l0xx_hal_adc.o
 .text.ADC_ConversionStop
                0x08002b9c       0x74 Drivers/STM32L0xx_HAL_Driver/Src/stm32l0xx_hal_adc.o
 .text.ADC_Disable
                0x08002c10       0x88 Drivers/STM32L0xx_HAL_Driver/Src/stm32l0xx_hal_adc.o
 .text.ADC_Enable
                0x08002c98       0x88 Drivers/STM32L0xx_HAL_Driver/Src/stm32l0xx_hal_adc.o
 .text.HAL_ADC_Init
                0x08002d20      0x458 Drivers/STM32L0xx_HAL_Driver/Src/stm32l0xx_hal_adc.o
                0x08002d20                HAL_ADC_Init
 .text.HAL_ADC_DeInit
                0x08003178       0xd0 Drivers/STM32L0xx_HAL_Driver/Src/stm32l0xx_hal_adc.o
                0x08003178                HAL_ADC_DeInit
 .text.HAL_ADC_Start
                0x08003248       0x80 Drivers/STM32L0xx_HAL_Driver/Src/stm32l0xx_hal_adc.o
                0x08003248                HAL_ADC_Start
 .text.HAL_ADC_Stop
                0x080032c8       0x5c Drivers/STM32L0xx_HAL_Driver/Src/stm32l0xx_hal_adc.o
                0x080032c8                HAL_ADC_Stop
 .text.HAL_ADC_PollForConversion
                0x08003324       0xe4 Drivers/STM32L0xx_HAL_Driver/Src/stm32l0xx_hal_adc.o
                0x08003324                HAL_ADC_PollForConversion
 .text.HAL_ADC_GetValue
                0x08003408       0x24 Drivers/STM32L0xx_HAL_Driver/Src/stm32l0xx_hal_adc.o
                0x08003408                HAL_ADC_GetValue
 .text.HAL_ADC_ConvCpltCallback
                0x0800342c        0x4 Drivers/STM32L0xx_HAL_Driver/Src/stm32l0xx_hal_adc.o
                0x0800342c                HAL_ADC_ConvCpltCallback
 .text.HAL_ADC_LevelOutOfWindowCallback
                0x08003430        0x4 Drivers/STM32L0xx_HAL_Driver/Src/stm32l0xx_hal_adc.o
                0x08003430                HAL_ADC_LevelOutOfWindowCallback
 .text.HAL_ADC_ErrorCallback
                0x08003434        0x4 Drivers/STM32L0xx_HAL_Driver/Src/stm32l0xx_hal_adc.o
                0x08003434                HAL_ADC_ErrorCallback
 .text.HAL_ADC_IRQHandler
                0x08003438      0x128 Drivers/STM32L0xx_HAL_Driver/Src/stm32l0xx_hal_adc.o
                0x08003438                HAL_ADC_IRQHandler
 .text.HAL_ADC_ConfigChannel
                0x08003560      0x1dc Drivers/STM32L0xx_HAL_Driver/Src/stm32l0xx_hal_adc.o
                0x08003560                HAL_ADC_ConfigChannel
 .text.HAL_COMP_Init
                0x0800373c      0x3c0 Drivers/STM32L0xx_HAL_Driver/Src/stm32l0xx_hal_comp.o
                0x0800373c                HAL_COMP_Init
 .text.HAL_NVIC_SetPriority
                0x08003afc       0x7c Drivers/STM32L0xx_HAL_Driver/Src/stm32l0xx_hal_cortex.o
                0x08003afc                HAL_NVIC_SetPriority
 .text.HAL_NVIC_EnableIRQ
                0x08003b78       0x24 Drivers/STM32L0xx_HAL_Driver/Src/stm32l0xx_hal_cortex.o
                0x08003b78                HAL_NVIC_EnableIRQ
 .text.HAL_NVIC_DisableIRQ
                0x08003b9c       0x28 Drivers/STM32L0xx_HAL_Driver/Src/stm32l0xx_hal_cortex.o
                0x08003b9c                HAL_NVIC_DisableIRQ
 .text.HAL_SYSTICK_Config
                0x08003bc4       0x38 Drivers/STM32L0xx_HAL_Driver/Src/stm32l0xx_hal_cortex.o
                0x08003bc4                HAL_SYSTICK_Config
 .text.HAL_SYSTICK_CLKSourceConfig
                0x08003bfc       0x3c Drivers/STM32L0xx_HAL_Driver/Src/stm32l0xx_hal_cortex.o
                0x08003bfc                HAL_SYSTICK_CLKSourceConfig
 .text.HAL_SYSTICK_Callback
                0x08003c38        0x4 Drivers/STM32L0xx_HAL_Driver/Src/stm32l0xx_hal_cortex.o
                0x08003c38                HAL_SYSTICK_Callback
 .text.HAL_SYSTICK_IRQHandler
                0x08003c3c        0x8 Drivers/STM32L0xx_HAL_Driver/Src/stm32l0xx_hal_cortex.o
                0x08003c3c                HAL_SYSTICK_IRQHandler
 .text.HAL_DMA_Init
                0x08003c44      0x248 Drivers/STM32L0xx_HAL_Driver/Src/stm32l0xx_hal_dma.o
                0x08003c44                HAL_DMA_Init
 .text.HAL_DMA_DeInit
                0x08003e8c      0x234 Drivers/STM32L0xx_HAL_Driver/Src/stm32l0xx_hal_dma.o
                0x08003e8c                HAL_DMA_DeInit
 .text.HAL_DMA_Abort_IT
                0x080040c0       0xac Drivers/STM32L0xx_HAL_Driver/Src/stm32l0xx_hal_dma.o
                0x080040c0                HAL_DMA_Abort_IT
 .text.HAL_DMA_IRQHandler
                0x0800416c      0x280 Drivers/STM32L0xx_HAL_Driver/Src/stm32l0xx_hal_dma.o
                0x0800416c                HAL_DMA_IRQHandler
 .text.FLASH_SetErrorCode
                0x080043ec       0xb4 Drivers/STM32L0xx_HAL_Driver/Src/stm32l0xx_hal_flash.o
 .text.FLASH_WaitForLastOperation
                0x080044a0       0x84 Drivers/STM32L0xx_HAL_Driver/Src/stm32l0xx_hal_flash.o
                0x080044a0                FLASH_WaitForLastOperation
 .text.HAL_FLASHEx_DATAEEPROM_Unlock
                0x08004524       0x28 Drivers/STM32L0xx_HAL_Driver/Src/stm32l0xx_hal_flash_ex.o
                0x08004524                HAL_FLASHEx_DATAEEPROM_Unlock
 .text.HAL_FLASHEx_DATAEEPROM_Lock
                0x0800454c       0x14 Drivers/STM32L0xx_HAL_Driver/Src/stm32l0xx_hal_flash_ex.o
                0x0800454c                HAL_FLASHEx_DATAEEPROM_Lock
 .text.HAL_FLASHEx_DATAEEPROM_Erase
                0x08004560       0x48 Drivers/STM32L0xx_HAL_Driver/Src/stm32l0xx_hal_flash_ex.o
                0x08004560                HAL_FLASHEx_DATAEEPROM_Erase
 .text.HAL_FLASHEx_DATAEEPROM_Program
                0x080045a8       0x94 Drivers/STM32L0xx_HAL_Driver/Src/stm32l0xx_hal_flash_ex.o
                0x080045a8                HAL_FLASHEx_DATAEEPROM_Program
 .text.HAL_GPIO_Init
                0x0800463c      0x2a4 Drivers/STM32L0xx_HAL_Driver/Src/stm32l0xx_hal_gpio.o
                0x0800463c                HAL_GPIO_Init
 .text.HAL_GPIO_DeInit
                0x080048e0      0x168 Drivers/STM32L0xx_HAL_Driver/Src/stm32l0xx_hal_gpio.o
                0x080048e0                HAL_GPIO_DeInit
 .text.HAL_GPIO_ReadPin
                0x08004a48       0x74 Drivers/STM32L0xx_HAL_Driver/Src/stm32l0xx_hal_gpio.o
                0x08004a48                HAL_GPIO_ReadPin
 .text.HAL_GPIO_WritePin
                0x08004abc       0x80 Drivers/STM32L0xx_HAL_Driver/Src/stm32l0xx_hal_gpio.o
                0x08004abc                HAL_GPIO_WritePin
 .text.HAL_GPIO_EXTI_IRQHandler
                0x08004b3c       0x18 Drivers/STM32L0xx_HAL_Driver/Src/stm32l0xx_hal_gpio.o
                0x08004b3c                HAL_GPIO_EXTI_IRQHandler
 .text.I2C_Flush_TXDR
                0x08004b54       0x20 Drivers/STM32L0xx_HAL_Driver/Src/stm32l0xx_hal_i2c.o
 .text.I2C_TransferConfig
                0x08004b74       0xa4 Drivers/STM32L0xx_HAL_Driver/Src/stm32l0xx_hal_i2c.o
 .text.I2C_IsAcknowledgeFailed
                0x08004c18       0x78 Drivers/STM32L0xx_HAL_Driver/Src/stm32l0xx_hal_i2c.o
 .text.I2C_WaitOnTXISFlagUntilTimeout
                0x08004c90       0x54 Drivers/STM32L0xx_HAL_Driver/Src/stm32l0xx_hal_i2c.o
 .text.I2C_WaitOnFlagUntilTimeout
                0x08004ce4       0x4c Drivers/STM32L0xx_HAL_Driver/Src/stm32l0xx_hal_i2c.o
 .text.I2C_WaitOnSTOPFlagUntilTimeout
                0x08004d30       0x50 Drivers/STM32L0xx_HAL_Driver/Src/stm32l0xx_hal_i2c.o
 .text.I2C_WaitOnRXNEFlagUntilTimeout
                0x08004d80       0x7c Drivers/STM32L0xx_HAL_Driver/Src/stm32l0xx_hal_i2c.o
 .text.HAL_I2C_Init
                0x08004dfc      0x180 Drivers/STM32L0xx_HAL_Driver/Src/stm32l0xx_hal_i2c.o
                0x08004dfc                HAL_I2C_Init
 .text.HAL_I2C_DeInit
                0x08004f7c       0x58 Drivers/STM32L0xx_HAL_Driver/Src/stm32l0xx_hal_i2c.o
                0x08004f7c                HAL_I2C_DeInit
 .text.HAL_I2C_Master_Transmit
                0x08004fd4      0x180 Drivers/STM32L0xx_HAL_Driver/Src/stm32l0xx_hal_i2c.o
                0x08004fd4                HAL_I2C_Master_Transmit
 .text.HAL_I2C_Master_Receive
                0x08005154      0x180 Drivers/STM32L0xx_HAL_Driver/Src/stm32l0xx_hal_i2c.o
                0x08005154                HAL_I2C_Master_Receive
 .text.HAL_I2CEx_ConfigAnalogFilter
                0x080052d4       0x94 Drivers/STM32L0xx_HAL_Driver/Src/stm32l0xx_hal_i2c_ex.o
                0x080052d4                HAL_I2CEx_ConfigAnalogFilter
 .text.HAL_I2CEx_ConfigDigitalFilter
                0x08005368       0x88 Drivers/STM32L0xx_HAL_Driver/Src/stm32l0xx_hal_i2c_ex.o
                0x08005368                HAL_I2CEx_ConfigDigitalFilter
 .text.HAL_PWR_EnterSTOPMode
                0x080053f0       0x64 Drivers/STM32L0xx_HAL_Driver/Src/stm32l0xx_hal_pwr.o
                0x080053f0                HAL_PWR_EnterSTOPMode
 .text.HAL_PWREx_EnableFastWakeUp
                0x08005454       0x14 Drivers/STM32L0xx_HAL_Driver/Src/stm32l0xx_hal_pwr_ex.o
                0x08005454                HAL_PWREx_EnableFastWakeUp
 .text.HAL_PWREx_EnableUltraLowPower
                0x08005468       0x14 Drivers/STM32L0xx_HAL_Driver/Src/stm32l0xx_hal_pwr_ex.o
                0x08005468                HAL_PWREx_EnableUltraLowPower
 .text.RCC_SetFlashLatencyFromMSIRange
                0x0800547c       0x88 Drivers/STM32L0xx_HAL_Driver/Src/stm32l0xx_hal_rcc.o
 .text.HAL_RCC_OscConfig
                0x08005504      0x7c4 Drivers/STM32L0xx_HAL_Driver/Src/stm32l0xx_hal_rcc.o
                0x08005504                HAL_RCC_OscConfig
 .text.HAL_RCC_GetSysClockFreq
                0x08005cc8       0x94 Drivers/STM32L0xx_HAL_Driver/Src/stm32l0xx_hal_rcc.o
                0x08005cc8                HAL_RCC_GetSysClockFreq
 .text.HAL_RCC_ClockConfig
                0x08005d5c      0x294 Drivers/STM32L0xx_HAL_Driver/Src/stm32l0xx_hal_rcc.o
                0x08005d5c                HAL_RCC_ClockConfig
 .text.HAL_RCC_GetHCLKFreq
                0x08005ff0        0xc Drivers/STM32L0xx_HAL_Driver/Src/stm32l0xx_hal_rcc.o
                0x08005ff0                HAL_RCC_GetHCLKFreq
 .text.HAL_RCC_GetPCLK1Freq
                0x08005ffc       0x20 Drivers/STM32L0xx_HAL_Driver/Src/stm32l0xx_hal_rcc.o
                0x08005ffc                HAL_RCC_GetPCLK1Freq
 .text.HAL_RCC_GetPCLK2Freq
                0x0800601c       0x20 Drivers/STM32L0xx_HAL_Driver/Src/stm32l0xx_hal_rcc.o
                0x0800601c                HAL_RCC_GetPCLK2Freq
 .text.HAL_RCCEx_PeriphCLKConfig
                0x0800603c      0x348 Drivers/STM32L0xx_HAL_Driver/Src/stm32l0xx_hal_rcc_ex.o
                0x0800603c                HAL_RCCEx_PeriphCLKConfig
 .text.HAL_RCCEx_GetPeriphCLKFreq
                0x08006384      0x290 Drivers/STM32L0xx_HAL_Driver/Src/stm32l0xx_hal_rcc_ex.o
                0x08006384                HAL_RCCEx_GetPeriphCLKFreq
 .text.HAL_RTC_WaitForSynchro
                0x08006614       0x34 Drivers/STM32L0xx_HAL_Driver/Src/stm32l0xx_hal_rtc.o
                0x08006614                HAL_RTC_WaitForSynchro
 .text.RTC_EnterInitMode
                0x08006648       0x3c Drivers/STM32L0xx_HAL_Driver/Src/stm32l0xx_hal_rtc.o
                0x08006648                RTC_EnterInitMode
 .text.HAL_RTC_Init
                0x08006684      0x158 Drivers/STM32L0xx_HAL_Driver/Src/stm32l0xx_hal_rtc.o
                0x08006684                HAL_RTC_Init
 .text.RTC_ByteToBcd2
                0x080067dc       0x18 Drivers/STM32L0xx_HAL_Driver/Src/stm32l0xx_hal_rtc.o
                0x080067dc                RTC_ByteToBcd2
 .text.RTC_Bcd2ToByte
                0x080067f4       0x14 Drivers/STM32L0xx_HAL_Driver/Src/stm32l0xx_hal_rtc.o
                0x080067f4                RTC_Bcd2ToByte
 .text.HAL_RTC_SetTime
                0x08006808      0x21c Drivers/STM32L0xx_HAL_Driver/Src/stm32l0xx_hal_rtc.o
                0x08006808                HAL_RTC_SetTime
 .text.HAL_RTC_GetTime
                0x08006a24       0x70 Drivers/STM32L0xx_HAL_Driver/Src/stm32l0xx_hal_rtc.o
                0x08006a24                HAL_RTC_GetTime
 .text.HAL_RTC_SetDate
                0x08006a94      0x198 Drivers/STM32L0xx_HAL_Driver/Src/stm32l0xx_hal_rtc.o
                0x08006a94                HAL_RTC_SetDate
 .text.HAL_RTC_GetDate
                0x08006c2c       0x60 Drivers/STM32L0xx_HAL_Driver/Src/stm32l0xx_hal_rtc.o
                0x08006c2c                HAL_RTC_GetDate
 .text.HAL_RTCEx_SetWakeUpTimer_IT
                0x08006c8c      0x140 Drivers/STM32L0xx_HAL_Driver/Src/stm32l0xx_hal_rtc_ex.o
                0x08006c8c                HAL_RTCEx_SetWakeUpTimer_IT
 .text.HAL_RTCEx_DeactivateWakeUpTimer
                0x08006dcc       0x8c Drivers/STM32L0xx_HAL_Driver/Src/stm32l0xx_hal_rtc_ex.o
                0x08006dcc                HAL_RTCEx_DeactivateWakeUpTimer
 .text.HAL_RTCEx_WakeUpTimerIRQHandler
                0x08006e58       0x38 Drivers/STM32L0xx_HAL_Driver/Src/stm32l0xx_hal_rtc_ex.o
                0x08006e58                HAL_RTCEx_WakeUpTimerIRQHandler
 .text.HAL_RTCEx_BKUPWrite
                0x08006e90       0x28 Drivers/STM32L0xx_HAL_Driver/Src/stm32l0xx_hal_rtc_ex.o
                0x08006e90                HAL_RTCEx_BKUPWrite
 .text.HAL_RTCEx_BKUPRead
                0x08006eb8       0x28 Drivers/STM32L0xx_HAL_Driver/Src/stm32l0xx_hal_rtc_ex.o
                0x08006eb8                HAL_RTCEx_BKUPRead
 .text.SPI_WaitOnFlagUntilTimeout
                0x08006ee0       0xf0 Drivers/STM32L0xx_HAL_Driver/Src/stm32l0xx_hal_spi.o
 .text.HAL_SPI_Init
                0x08006fd0      0x1b8 Drivers/STM32L0xx_HAL_Driver/Src/stm32l0xx_hal_spi.o
                0x08006fd0                HAL_SPI_Init
 .text.HAL_SPI_DeInit
                0x08007188       0x2c Drivers/STM32L0xx_HAL_Driver/Src/stm32l0xx_hal_spi.o
                0x08007188                HAL_SPI_DeInit
 .text.HAL_SPI_Transmit
                0x080071b4      0x200 Drivers/STM32L0xx_HAL_Driver/Src/stm32l0xx_hal_spi.o
                0x080071b4                HAL_SPI_Transmit
 .text.TIM_Base_SetConfig
                0x080073b4       0x7c Drivers/STM32L0xx_HAL_Driver/Src/stm32l0xx_hal_tim.o
 .text.TIM_OC1_SetConfig
                0x08007430       0x2c Drivers/STM32L0xx_HAL_Driver/Src/stm32l0xx_hal_tim.o
 .text.TIM_OC2_SetConfig
                0x0800745c       0x34 Drivers/STM32L0xx_HAL_Driver/Src/stm32l0xx_hal_tim.o
 .text.TIM_OC3_SetConfig
                0x08007490       0x38 Drivers/STM32L0xx_HAL_Driver/Src/stm32l0xx_hal_tim.o
 .text.TIM_OC4_SetConfig
                0x080074c8       0x3c Drivers/STM32L0xx_HAL_Driver/Src/stm32l0xx_hal_tim.o
 .text.TIM_TI1_ConfigInputStage
                0x08007504       0x24 Drivers/STM32L0xx_HAL_Driver/Src/stm32l0xx_hal_tim.o
 .text.TIM_TI2_ConfigInputStage
                0x08007528       0x28 Drivers/STM32L0xx_HAL_Driver/Src/stm32l0xx_hal_tim.o
 .text.TIM_ITRx_SetConfig
                0x08007550       0x14 Drivers/STM32L0xx_HAL_Driver/Src/stm32l0xx_hal_tim.o
 .text.TIM_ETR_SetConfig
                0x08007564       0x18 Drivers/STM32L0xx_HAL_Driver/Src/stm32l0xx_hal_tim.o
 .text.TIM_CCxChannelCmd
                0x0800757c       0x68 Drivers/STM32L0xx_HAL_Driver/Src/stm32l0xx_hal_tim.o
 .text.HAL_TIM_Base_Init
                0x080075e4       0xc8 Drivers/STM32L0xx_HAL_Driver/Src/stm32l0xx_hal_tim.o
                0x080075e4                HAL_TIM_Base_Init
 .text.HAL_TIM_Base_DeInit
                0x080076ac       0x68 Drivers/STM32L0xx_HAL_Driver/Src/stm32l0xx_hal_tim.o
                0x080076ac                HAL_TIM_Base_DeInit
 .text.HAL_TIM_Base_Start
                0x08007714       0x50 Drivers/STM32L0xx_HAL_Driver/Src/stm32l0xx_hal_tim.o
                0x08007714                HAL_TIM_Base_Start
 .text.HAL_TIM_Base_Stop
                0x08007764       0x60 Drivers/STM32L0xx_HAL_Driver/Src/stm32l0xx_hal_tim.o
                0x08007764                HAL_TIM_Base_Stop
 .text.HAL_TIM_Base_Start_IT
                0x080077c4       0x50 Drivers/STM32L0xx_HAL_Driver/Src/stm32l0xx_hal_tim.o
                0x080077c4                HAL_TIM_Base_Start_IT
 .text.HAL_TIM_Base_Stop_IT
                0x08007814       0x60 Drivers/STM32L0xx_HAL_Driver/Src/stm32l0xx_hal_tim.o
                0x08007814                HAL_TIM_Base_Stop_IT
 .text.HAL_TIM_PWM_MspInit
                0x08007874        0x4 Drivers/STM32L0xx_HAL_Driver/Src/stm32l0xx_hal_tim.o
                0x08007874                HAL_TIM_PWM_MspInit
 .text.HAL_TIM_PWM_Init
                0x08007878       0xdc Drivers/STM32L0xx_HAL_Driver/Src/stm32l0xx_hal_tim.o
                0x08007878                HAL_TIM_PWM_Init
 .text.HAL_TIM_PWM_Start
                0x08007954       0x6c Drivers/STM32L0xx_HAL_Driver/Src/stm32l0xx_hal_tim.o
                0x08007954                HAL_TIM_PWM_Start
 .text.HAL_TIM_PWM_Stop
                0x080079c0       0x80 Drivers/STM32L0xx_HAL_Driver/Src/stm32l0xx_hal_tim.o
                0x080079c0                HAL_TIM_PWM_Stop
 .text.HAL_TIM_PWM_ConfigChannel
                0x08007a40      0x1d0 Drivers/STM32L0xx_HAL_Driver/Src/stm32l0xx_hal_tim.o
                0x08007a40                HAL_TIM_PWM_ConfigChannel
 .text.HAL_TIM_ConfigClockSource
                0x08007c10      0x448 Drivers/STM32L0xx_HAL_Driver/Src/stm32l0xx_hal_tim.o
                0x08007c10                HAL_TIM_ConfigClockSource
 .text.HAL_TIM_OC_DelayElapsedCallback
                0x08008058        0x4 Drivers/STM32L0xx_HAL_Driver/Src/stm32l0xx_hal_tim.o
                0x08008058                HAL_TIM_OC_DelayElapsedCallback
 .text.HAL_TIM_IC_CaptureCallback
                0x0800805c        0x4 Drivers/STM32L0xx_HAL_Driver/Src/stm32l0xx_hal_tim.o
                0x0800805c                HAL_TIM_IC_CaptureCallback
 .text.HAL_TIM_PWM_PulseFinishedCallback
                0x08008060        0x4 Drivers/STM32L0xx_HAL_Driver/Src/stm32l0xx_hal_tim.o
                0x08008060                HAL_TIM_PWM_PulseFinishedCallback
 .text.HAL_TIM_TriggerCallback
                0x08008064        0x4 Drivers/STM32L0xx_HAL_Driver/Src/stm32l0xx_hal_tim.o
                0x08008064                HAL_TIM_TriggerCallback
 .text.HAL_TIM_IRQHandler
                0x08008068      0x120 Drivers/STM32L0xx_HAL_Driver/Src/stm32l0xx_hal_tim.o
                0x08008068                HAL_TIM_IRQHandler
 .text.HAL_TIMEx_MasterConfigSynchronization
                0x08008188       0xc0 Drivers/STM32L0xx_HAL_Driver/Src/stm32l0xx_hal_tim_ex.o
                0x08008188                HAL_TIMEx_MasterConfigSynchronization
 .text.UART_EndRxTransfer
                0x08008248       0x20 Drivers/STM32L0xx_HAL_Driver/Src/stm32l0xx_hal_uart.o
 .text.UART_Transmit_IT
                0x08008268       0x6c Drivers/STM32L0xx_HAL_Driver/Src/stm32l0xx_hal_uart.o
 .text.HAL_UART_TxCpltCallback
                0x080082d4        0x4 Drivers/STM32L0xx_HAL_Driver/Src/stm32l0xx_hal_uart.o
                0x080082d4                HAL_UART_TxCpltCallback
 .text.UART_EndTransmit_IT
                0x080082d8       0x1c Drivers/STM32L0xx_HAL_Driver/Src/stm32l0xx_hal_uart.o
 .text.UART_Receive_IT
                0x080082f4       0x84 Drivers/STM32L0xx_HAL_Driver/Src/stm32l0xx_hal_uart.o
 .text.HAL_UART_ErrorCallback
                0x08008378        0x4 Drivers/STM32L0xx_HAL_Driver/Src/stm32l0xx_hal_uart.o
                0x08008378                HAL_UART_ErrorCallback
 .text.HAL_UART_IRQHandler
                0x0800837c      0x140 Drivers/STM32L0xx_HAL_Driver/Src/stm32l0xx_hal_uart.o
                0x0800837c                HAL_UART_IRQHandler
 .text.UART_DMAAbortOnError
                0x080084bc       0x14 Drivers/STM32L0xx_HAL_Driver/Src/stm32l0xx_hal_uart.o
 .text.UART_SetConfig
                0x080084d0      0x468 Drivers/STM32L0xx_HAL_Driver/Src/stm32l0xx_hal_uart.o
                0x080084d0                UART_SetConfig
 .text.UART_AdvFeatureConfig
                0x08008938      0x214 Drivers/STM32L0xx_HAL_Driver/Src/stm32l0xx_hal_uart.o
                0x08008938                UART_AdvFeatureConfig
 .text.UART_WaitOnFlagUntilTimeout
                0x08008b4c       0x6c Drivers/STM32L0xx_HAL_Driver/Src/stm32l0xx_hal_uart.o
                0x08008b4c                UART_WaitOnFlagUntilTimeout
 .text.HAL_UART_Transmit
                0x08008bb8       0xe4 Drivers/STM32L0xx_HAL_Driver/Src/stm32l0xx_hal_uart.o
                0x08008bb8                HAL_UART_Transmit
 .text.HAL_UART_Receive
                0x08008c9c      0x134 Drivers/STM32L0xx_HAL_Driver/Src/stm32l0xx_hal_uart.o
                0x08008c9c                HAL_UART_Receive
 .text.UART_CheckIdleState
                0x08008dd0       0x70 Drivers/STM32L0xx_HAL_Driver/Src/stm32l0xx_hal_uart.o
                0x08008dd0                UART_CheckIdleState
 .text.HAL_UART_Init
                0x08008e40       0xc0 Drivers/STM32L0xx_HAL_Driver/Src/stm32l0xx_hal_uart.o
                0x08008e40                HAL_UART_Init
 .text.HAL_UARTEx_WakeupCallback
                0x08008f00        0x4 Drivers/STM32L0xx_HAL_Driver/Src/stm32l0xx_hal_uart_ex.o
                0x08008f00                HAL_UARTEx_WakeupCallback
 .text.eMBFuncReadCoils
                0x08008f04       0x7c Drivers/freemodbus/modbus/functions/mbfunccoils.o
                0x08008f04                eMBFuncReadCoils
 .text.eMBFuncWriteCoil
                0x08008f80       0x64 Drivers/freemodbus/modbus/functions/mbfunccoils.o
                0x08008f80                eMBFuncWriteCoil
 .text.eMBFuncWriteMultipleCoils
                0x08008fe4       0x6c Drivers/freemodbus/modbus/functions/mbfunccoils.o
                0x08008fe4                eMBFuncWriteMultipleCoils
 .text.eMBFuncReadDiscreteInputs
                0x08009050       0x78 Drivers/freemodbus/modbus/functions/mbfuncdisc.o
                0x08009050                eMBFuncReadDiscreteInputs
 .text.eMBFuncWriteHoldingRegister
                0x080090c8       0x30 Drivers/freemodbus/modbus/functions/mbfuncholding.o
                0x080090c8                eMBFuncWriteHoldingRegister
 .text.eMBFuncWriteMultipleHoldingRegister
                0x080090f8       0x58 Drivers/freemodbus/modbus/functions/mbfuncholding.o
                0x080090f8                eMBFuncWriteMultipleHoldingRegister
 .text.eMBFuncReadHoldingRegister
                0x08009150       0x64 Drivers/freemodbus/modbus/functions/mbfuncholding.o
                0x08009150                eMBFuncReadHoldingRegister
 .text.eMBFuncReadWriteMultipleHoldingRegister
                0x080091b4       0xac Drivers/freemodbus/modbus/functions/mbfuncholding.o
                0x080091b4                eMBFuncReadWriteMultipleHoldingRegister
 .text.eMBFuncReadInputRegister
                0x08009260       0x68 Drivers/freemodbus/modbus/functions/mbfuncinput.o
                0x08009260                eMBFuncReadInputRegister
 .text.eMBFuncReportSlaveID
                0x080092c8       0x20 Drivers/freemodbus/modbus/functions/mbfuncother.o
                0x080092c8                eMBFuncReportSlaveID
 .text.prveMBError2Exception
                0x080092e8       0x20 Drivers/freemodbus/modbus/functions/mbutils.o
                0x080092e8                prveMBError2Exception
 .text.eMBInit  0x08009308       0xa0 Drivers/freemodbus/modbus/mb.o
                0x08009308                eMBInit
 .text.eMBEnable
                0x080093a8       0x28 Drivers/freemodbus/modbus/mb.o
                0x080093a8                eMBEnable
 .text.eMBPoll  0x080093d0       0xf8 Drivers/freemodbus/modbus/mb.o
                0x080093d0                eMBPoll
 .text.eMBRTUInit
                0x080094c8       0x44 Drivers/freemodbus/modbus/rtu/mbrtu.o
                0x080094c8                eMBRTUInit
 .text.eMBRTUStart
                0x0800950c       0x20 Drivers/freemodbus/modbus/rtu/mbrtu.o
                0x0800950c                eMBRTUStart
 .text.eMBRTUStop
                0x0800952c       0x14 Drivers/freemodbus/modbus/rtu/mbrtu.o
                0x0800952c                eMBRTUStop
 .text.eMBRTUReceive
                0x08009540       0x6c Drivers/freemodbus/modbus/rtu/mbrtu.o
                0x08009540                eMBRTUReceive
 .text.eMBRTUSend
                0x080095ac       0x68 Drivers/freemodbus/modbus/rtu/mbrtu.o
                0x080095ac                eMBRTUSend
 .text.xMBRTUReceiveFSM
                0x08009614       0xac Drivers/freemodbus/modbus/rtu/mbrtu.o
                0x08009614                xMBRTUReceiveFSM
 .text.xMBRTUTransmitFSM
                0x080096c0       0x8c Drivers/freemodbus/modbus/rtu/mbrtu.o
                0x080096c0                xMBRTUTransmitFSM
 .text.xMBRTUTimerT35Expired
                0x0800974c       0x7c Drivers/freemodbus/modbus/rtu/mbrtu.o
                0x0800974c                xMBRTUTimerT35Expired
 .text.usMBCRC16
                0x080097c8       0x34 Drivers/freemodbus/port/mbcrc.o
                0x080097c8                usMBCRC16
 .text.xMBPortEventInit
                0x080097fc       0x10 Drivers/freemodbus/port/portevent.o
                0x080097fc                xMBPortEventInit
 .text.xMBPortEventPost
                0x0800980c       0x10 Drivers/freemodbus/port/portevent.o
                0x0800980c                xMBPortEventPost
 .text.xMBPortEventGet
                0x0800981c       0x20 Drivers/freemodbus/port/portevent.o
                0x0800981c                xMBPortEventGet
 .text.vMBPortSerialEnable
                0x0800983c       0x64 Drivers/freemodbus/port/portserial.o
                0x0800983c                vMBPortSerialEnable
 .text.xMBPortSerialInit
                0x080098a0        0x4 Drivers/freemodbus/port/portserial.o
                0x080098a0                xMBPortSerialInit
 .text.xMBPortSerialPutByte
                0x080098a4       0x24 Drivers/freemodbus/port/portserial.o
                0x080098a4                xMBPortSerialPutByte
 .text.xMBPortSerialGetByte
                0x080098c8       0x10 Drivers/freemodbus/port/portserial.o
                0x080098c8                xMBPortSerialGetByte
 .text.xMBPortTimersInit
                0x080098d8       0x14 Drivers/freemodbus/port/porttimer.o
                0x080098d8                xMBPortTimersInit
 .text.vMBPortTimersEnable
                0x080098ec       0x2c Drivers/freemodbus/port/porttimer.o
                0x080098ec                vMBPortTimersEnable
 .text.vMBPortTimersDisable
                0x08009918       0x10 Drivers/freemodbus/port/porttimer.o
                0x08009918                vMBPortTimersDisable
 .text.BV_Init  0x08009928       0x38 Src/BV1750FVI.o
                0x08009928                BV_Init
 .text.BV_DeInit
                0x08009960       0x30 Src/BV1750FVI.o
                0x08009960                BV_DeInit
 .text.BV_ReadData
                0x08009990       0x48 Src/BV1750FVI.o
                0x08009990                BV_ReadData
 .text.SoilMap  0x080099d8       0x2c Src/SoilMoisture.o
 .text.SoilInit
                0x08009a04       0x20 Src/SoilMoisture.o
                0x08009a04                SoilInit
 .text.ReadValue
                0x08009a24       0x44 Src/SoilMoisture.o
                0x08009a24                ReadValue
 .text.SaveWetValue
                0x08009a68       0x44 Src/SoilMoisture.o
                0x08009a68                SaveWetValue
 .text.SaveDryValue
                0x08009aac       0x44 Src/SoilMoisture.o
                0x08009aac                SaveDryValue
 .text.MX_ADC_Init
                0x08009af0       0x98 Src/adc.o
                0x08009af0                MX_ADC_Init
 .text.HAL_ADC_MspInit
                0x08009b88       0x4c Src/adc.o
                0x08009b88                HAL_ADC_MspInit
 .text.HAL_ADC_MspDeInit
                0x08009bd4       0x34 Src/adc.o
                0x08009bd4                HAL_ADC_MspDeInit
 .text.am2302_getTemperature
                0x08009c08       0x28 Src/am2302.o
 .text.am2302_getHumidity
                0x08009c30       0x28 Src/am2302.o
 .text.am2302_checkParity
                0x08009c58       0x28 Src/am2302.o
 .text.am2302_pinOut
                0x08009c80       0x30 Src/am2302.o
 .text.am2302_pinInput
                0x08009cb0       0x30 Src/am2302.o
 .text.am2302_Init
                0x08009ce0        0xc Src/am2302.o
                0x08009ce0                am2302_Init
 .text.am2302_DeIninit
                0x08009cec       0x18 Src/am2302.o
                0x08009cec                am2302_DeIninit
 .text.am2302_ReadData
                0x08009d04      0x160 Src/am2302.o
                0x08009d04                am2302_ReadData
 .text.BatteryInit
                0x08009e64       0x1c Src/battery.o
                0x08009e64                BatteryInit
 .text.ReadBatteryValue
                0x08009e80       0x64 Src/battery.o
                0x08009e80                ReadBatteryValue
 .text.CO2_GetCheckSum
                0x08009ee4       0x18 Src/co2.o
 .text.CO2_Init
                0x08009efc       0x18 Src/co2.o
                0x08009efc                CO2_Init
 .text.CO2_DeInit
                0x08009f14       0x38 Src/co2.o
                0x08009f14                CO2_DeInit
 .text.CO2_GetConcentration
                0x08009f4c       0x5c Src/co2.o
                0x08009f4c                CO2_GetConcentration
 .text.HAL_UART_RxCpltCallback
                0x08009fa8        0x4 Src/co2.o
                0x08009fa8                HAL_UART_RxCpltCallback
 .text.MX_COMP2_Init
                0x08009fac       0x3c Src/comp.o
                0x08009fac                MX_COMP2_Init
 .text.HAL_COMP_MspInit
                0x08009fe8       0x48 Src/comp.o
                0x08009fe8                HAL_COMP_MspInit
 .text.MX_DMA_Init
                0x0800a030       0x30 Src/dma.o
                0x0800a030                MX_DMA_Init
 .text.MX_GPIO_Init
                0x0800a060      0x104 Src/gpio.o
                0x0800a060                MX_GPIO_Init
 .text.MX_I2C1_Init
                0x0800a164       0x68 Src/i2c.o
                0x0800a164                MX_I2C1_Init
 .text.HAL_I2C_MspInit
                0x0800a1cc       0x84 Src/i2c.o
                0x0800a1cc                HAL_I2C_MspInit
 .text.HAL_I2C_MspDeInit
                0x0800a250       0x38 Src/i2c.o
                0x0800a250                HAL_I2C_MspDeInit
 .text.LCD_AdjustBrightness
                0x0800a288       0x70 Src/lcd.o
 .text.LCD_Reset
                0x0800a2f8       0x20 Src/lcd.o
                0x0800a2f8                LCD_Reset
 .text.LCD_send
                0x0800a318       0x1c Src/lcd.o
                0x0800a318                LCD_send
 .text.LCD_write
                0x0800a334       0x5c Src/lcd.o
                0x0800a334                LCD_write
 .text.LCD_Power_Down
                0x0800a390        0xc Src/lcd.o
 .text.LCD_Off  0x0800a39c       0x30 Src/lcd.o
                0x0800a39c                LCD_Off
 .text.HAL_TIM_PeriodElapsedCallback
                0x0800a3cc       0x70 Src/lcd.o
                0x0800a3cc                HAL_TIM_PeriodElapsedCallback
 .text.LCD_putChar
                0x0800a43c       0x58 Src/lcd.o
                0x0800a43c                LCD_putChar
 .text.LCD_clrScr
                0x0800a494       0x24 Src/lcd.o
                0x0800a494                LCD_clrScr
 .text.LCD_init
                0x0800a4b8       0xa0 Src/lcd.o
                0x0800a4b8                LCD_init
 .text.LCD_goXY
                0x0800a558       0x24 Src/lcd.o
                0x0800a558                LCD_goXY
 .text.LCD_print
                0x0800a57c       0x1c Src/lcd.o
                0x0800a57c                LCD_print
 .text._Error_Handler
                0x0800a598        0x4 Src/main.o
                0x0800a598                _Error_Handler
 .text.SystemClock_Config
                0x0800a59c       0xc8 Src/main.o
                0x0800a59c                SystemClock_Config
 .text.main     0x0800a664       0x5c Src/main.o
                0x0800a664                main
 .text.assert_failed
                0x0800a6c0        0x4 Src/main.o
                0x0800a6c0                assert_failed
 .text.eMBRegInputCB
                0x0800a6c4       0x4c Src/mbtask.o
                0x0800a6c4                eMBRegInputCB
 .text.eMBRegHoldingCB
                0x0800a710       0x90 Src/mbtask.o
                0x0800a710                eMBRegHoldingCB
 .text.eMBRegCoilsCB
                0x0800a7a0       0xc0 Src/mbtask.o
                0x0800a7a0                eMBRegCoilsCB
 .text.eMBRegDiscreteCB
                0x0800a860        0x4 Src/mbtask.o
                0x0800a860                eMBRegDiscreteCB
 .text.HAL_GPIO_EXTI_Callback
                0x0800a864       0x4c Src/mbtask.o
                0x0800a864                HAL_GPIO_EXTI_Callback
 .text.HAL_RTCEx_WakeUpTimerEventCallback
                0x0800a8b0        0xc Src/mbtask.o
                0x0800a8b0                HAL_RTCEx_WakeUpTimerEventCallback
 .text.ReadCalibrationData
                0x0800a8bc       0x4c Src/mbtask.o
                0x0800a8bc                ReadCalibrationData
 .text.MeasureBattery
                0x0800a908       0x38 Src/mbtask.o
                0x0800a908                MeasureBattery
 .text.PrintBatteryLevel
                0x0800a940       0x2c Src/mbtask.o
                0x0800a940                PrintBatteryLevel
 .text.MeasureSoilLevel
                0x0800a96c       0x38 Src/mbtask.o
                0x0800a96c                MeasureSoilLevel
 .text.PrintSoilLevel
                0x0800a9a4       0x2c Src/mbtask.o
                0x0800a9a4                PrintSoilLevel
 .text.MeasureCO2Level
                0x0800a9d0       0x40 Src/mbtask.o
                0x0800a9d0                MeasureCO2Level
 .text.PrintCO2Level
                0x0800aa10       0x40 Src/mbtask.o
                0x0800aa10                PrintCO2Level
 .text.MeasureLight
                0x0800aa50       0x40 Src/mbtask.o
                0x0800aa50                MeasureLight
 .text.PrintLightLevel
                0x0800aa90       0x40 Src/mbtask.o
                0x0800aa90                PrintLightLevel
 .text.MeasureTemperatureAndHumidity
                0x0800aad0       0xb4 Src/mbtask.o
                0x0800aad0                MeasureTemperatureAndHumidity
 .text.MeasureAll
                0x0800ab84       0x6c Src/mbtask.o
                0x0800ab84                MeasureAll
 .text.PrintTemperatureAndHumidity
                0x0800abf0       0xe8 Src/mbtask.o
                0x0800abf0                PrintTemperatureAndHumidity
 .text.MeasureAndPrint
                0x0800acd8       0xcc Src/mbtask.o
                0x0800acd8                MeasureAndPrint
 .text.ModbusRTUTask
                0x0800ada4       0xc4 Src/mbtask.o
                0x0800ada4                ModbusRTUTask
 .text.PreparteLPUARTToStopMode
                0x0800ae68       0x24 Src/power.o
 .text.SystemPower_Config
                0x0800ae8c       0x2c Src/power.o
 .text.GetRTCTimFromEEPROM
                0x0800aeb8        0xc Src/power.o
                0x0800aeb8                GetRTCTimFromEEPROM
 .text.StopMode
                0x0800aec4      0x15c Src/power.o
                0x0800aec4                StopMode
 .text.MX_RTC_Init
                0x0800b020       0xb8 Src/rtc.o
                0x0800b020                MX_RTC_Init
 .text.HAL_RTC_MspInit
                0x0800b0d8       0x30 Src/rtc.o
                0x0800b0d8                HAL_RTC_MspInit
 .text.ReloadRTC
                0x0800b108       0x10 Src/rtc.o
                0x0800b108                ReloadRTC
 .text.DifferenceBetweenTimePeriod
                0x0800b118       0x30 Src/rtctools.o
                0x0800b118                DifferenceBetweenTimePeriod
 .text.MX_SPI1_Init
                0x0800b148       0x48 Src/spi.o
                0x0800b148                MX_SPI1_Init
 .text.HAL_SPI_MspInit
                0x0800b190       0x58 Src/spi.o
                0x0800b190                HAL_SPI_MspInit
 .text.HAL_SPI_MspDeInit
                0x0800b1e8       0x38 Src/spi.o
                0x0800b1e8                HAL_SPI_MspDeInit
 .text.HAL_MspInit
                0x0800b220       0x40 Src/stm32l0xx_hal_msp.o
                0x0800b220                HAL_MspInit
 .text.SVC_Handler
                0x0800b260        0x4 Src/stm32l0xx_it.o
                0x0800b260                SVC_Handler
 .text.PendSV_Handler
                0x0800b264        0x4 Src/stm32l0xx_it.o
                0x0800b264                PendSV_Handler
 .text.SysTick_Handler
                0x0800b268        0xc Src/stm32l0xx_it.o
                0x0800b268                SysTick_Handler
 .text.RTC_IRQHandler
                0x0800b274       0x10 Src/stm32l0xx_it.o
                0x0800b274                RTC_IRQHandler
 .text.EXTI0_1_IRQHandler
                0x0800b284        0xc Src/stm32l0xx_it.o
                0x0800b284                EXTI0_1_IRQHandler
 .text.EXTI4_15_IRQHandler
                0x0800b290        0xc Src/stm32l0xx_it.o
                0x0800b290                EXTI4_15_IRQHandler
 .text.DMA1_Channel2_3_IRQHandler
                0x0800b29c       0x10 Src/stm32l0xx_it.o
                0x0800b29c                DMA1_Channel2_3_IRQHandler
 .text.ADC1_COMP_IRQHandler
                0x0800b2ac       0x10 Src/stm32l0xx_it.o
                0x0800b2ac                ADC1_COMP_IRQHandler
 .text.TIM2_IRQHandler
                0x0800b2bc       0x10 Src/stm32l0xx_it.o
                0x0800b2bc                TIM2_IRQHandler
 .text.TIM6_DAC_IRQHandler
                0x0800b2cc       0x10 Src/stm32l0xx_it.o
                0x0800b2cc                TIM6_DAC_IRQHandler
 .text.TIM22_IRQHandler
                0x0800b2dc       0x10 Src/stm32l0xx_it.o
                0x0800b2dc                TIM22_IRQHandler
 .text.USART1_IRQHandler
                0x0800b2ec       0x10 Src/stm32l0xx_it.o
                0x0800b2ec                USART1_IRQHandler
 .text.RNG_LPUART1_IRQHandler
                0x0800b2fc       0x50 Src/stm32l0xx_it.o
                0x0800b2fc                RNG_LPUART1_IRQHandler
 .text.SystemInit
                0x0800b34c       0x5c Src/system_stm32l0xx.o
                0x0800b34c                SystemInit
 .text.MX_TIM2_Init
                0x0800b3a8       0x74 Src/tim.o
                0x0800b3a8                MX_TIM2_Init
 .text.MX_TIM6_Init
                0x0800b41c       0x50 Src/tim.o
                0x0800b41c                MX_TIM6_Init
 .text.MX_TIM21_Init
                0x0800b46c       0x70 Src/tim.o
                0x0800b46c                MX_TIM21_Init
 .text.HAL_TIM_Base_MspInit
                0x0800b4dc       0x90 Src/tim.o
                0x0800b4dc                HAL_TIM_Base_MspInit
 .text.HAL_TIM_MspPostInit
                0x0800b56c       0x34 Src/tim.o
                0x0800b56c                HAL_TIM_MspPostInit
 .text.MX_TIM22_Init
                0x0800b5a0       0xa8 Src/tim.o
                0x0800b5a0                MX_TIM22_Init
 .text.HAL_TIM_Base_MspDeInit
                0x0800b648       0x70 Src/tim.o
                0x0800b648                HAL_TIM_Base_MspDeInit
 .text.StartSTOPTimer
                0x0800b6b8       0x2c Src/tim.o
                0x0800b6b8                StartSTOPTimer
 .text.ResetSTOPTimer
                0x0800b6e4       0x18 Src/tim.o
                0x0800b6e4                ResetSTOPTimer
 .text.MX_LPUART1_UART_Init
                0x0800b6fc       0x40 Src/usart.o
                0x0800b6fc                MX_LPUART1_UART_Init
 .text.MX_USART1_UART_Init
                0x0800b73c       0x40 Src/usart.o
                0x0800b73c                MX_USART1_UART_Init
 .text.HAL_UART_MspInit
                0x0800b77c       0xb4 Src/usart.o
                0x0800b77c                HAL_UART_MspInit
 .text.HAL_UART_MspDeInit
                0x0800b830       0x6c Src/usart.o
                0x0800b830                HAL_UART_MspDeInit
 .text.Reset_Handler
                0x0800b89c       0x50 startup/startup_stm32l053xx.o
                0x0800b89c                Reset_Handler
 .text.Default_Handler
                0x0800b8ec        0x2 startup/startup_stm32l053xx.o
                0x0800b8ec                TSC_IRQHandler
                0x0800b8ec                HardFault_Handler
                0x0800b8ec                PVD_IRQHandler
                0x0800b8ec                NMI_Handler
                0x0800b8ec                I2C1_IRQHandler
                0x0800b8ec                RCC_CRS_IRQHandler
                0x0800b8ec                SPI1_IRQHandler
                0x0800b8ec                EXTI2_3_IRQHandler
                0x0800b8ec                I2C2_IRQHandler
                0x0800b8ec                LCD_IRQHandler
                0x0800b8ec                DMA1_Channel4_5_6_7_IRQHandler
                0x0800b8ec                DMA1_Channel1_IRQHandler
                0x0800b8ec                Default_Handler
                0x0800b8ec                USB_IRQHandler
                0x0800b8ec                SPI2_IRQHandler
                0x0800b8ec                TIM21_IRQHandler
                0x0800b8ec                WWDG_IRQHandler
                0x0800b8ec                USART2_IRQHandler
                0x0800b8ec                FLASH_IRQHandler
                0x0800b8ec                LPTIM1_IRQHandler
 *fill*         0x0800b8ee        0x2 
 .text.log2     0x0800b8f0       0x18 c:/ac6/systemworkbench/plugins/fr.ac6.mcu.externaltools.arm-none.win32_1.13.3.201707031232/tools/compiler/bin/../lib/gcc/arm-none-eabi/5.4.1/../../../../arm-none-eabi/lib/armv6-m\libm.a(lib_a-s_log2.o)
                0x0800b8f0                log2
 .text.log      0x0800b908      0x110 c:/ac6/systemworkbench/plugins/fr.ac6.mcu.externaltools.arm-none.win32_1.13.3.201707031232/tools/compiler/bin/../lib/gcc/arm-none-eabi/5.4.1/../../../../arm-none-eabi/lib/armv6-m\libm.a(lib_a-w_log.o)
                0x0800b908                log
 .text.__ieee754_log
                0x0800ba18      0x404 c:/ac6/systemworkbench/plugins/fr.ac6.mcu.externaltools.arm-none.win32_1.13.3.201707031232/tools/compiler/bin/../lib/gcc/arm-none-eabi/5.4.1/../../../../arm-none-eabi/lib/armv6-m\libm.a(lib_a-e_log.o)
                0x0800ba18                __ieee754_log
 .text.matherr  0x0800be1c        0x4 c:/ac6/systemworkbench/plugins/fr.ac6.mcu.externaltools.arm-none.win32_1.13.3.201707031232/tools/compiler/bin/../lib/gcc/arm-none-eabi/5.4.1/../../../../arm-none-eabi/lib/armv6-m\libm.a(lib_a-s_matherr.o)
                0x0800be1c                matherr
 .text.nan      0x0800be20        0xc c:/ac6/systemworkbench/plugins/fr.ac6.mcu.externaltools.arm-none.win32_1.13.3.201707031232/tools/compiler/bin/../lib/gcc/arm-none-eabi/5.4.1/../../../../arm-none-eabi/lib/armv6-m\libm.a(lib_a-s_nan.o)
                0x0800be20                nan
 .text.__assert_func
                0x0800be2c       0x40 c:/ac6/systemworkbench/plugins/fr.ac6.mcu.externaltools.arm-none.win32_1.13.3.201707031232/tools/compiler/bin/../lib/gcc/arm-none-eabi/5.4.1/../../../../arm-none-eabi/lib/armv6-m\libc_nano.a(lib_a-assert.o)
                0x0800be2c                __assert_func
 .text.__errno  0x0800be6c        0xc c:/ac6/systemworkbench/plugins/fr.ac6.mcu.externaltools.arm-none.win32_1.13.3.201707031232/tools/compiler/bin/../lib/gcc/arm-none-eabi/5.4.1/../../../../arm-none-eabi/lib/armv6-m\libc_nano.a(lib_a-errno.o)
                0x0800be6c                __errno
 .text.fprintf  0x0800be78       0x20 c:/ac6/systemworkbench/plugins/fr.ac6.mcu.externaltools.arm-none.win32_1.13.3.201707031232/tools/compiler/bin/../lib/gcc/arm-none-eabi/5.4.1/../../../../arm-none-eabi/lib/armv6-m\libc_nano.a(lib_a-fprintf.o)
                0x0800be78                fiprintf
                0x0800be78                fprintf
 .text.__libc_init_array
                0x0800be98       0x4c c:/ac6/systemworkbench/plugins/fr.ac6.mcu.externaltools.arm-none.win32_1.13.3.201707031232/tools/compiler/bin/../lib/gcc/arm-none-eabi/5.4.1/../../../../arm-none-eabi/lib/armv6-m\libc_nano.a(lib_a-init.o)
                0x0800be98                __libc_init_array
 .text.memcpy   0x0800bee4       0x12 c:/ac6/systemworkbench/plugins/fr.ac6.mcu.externaltools.arm-none.win32_1.13.3.201707031232/tools/compiler/bin/../lib/gcc/arm-none-eabi/5.4.1/../../../../arm-none-eabi/lib/armv6-m\libc_nano.a(lib_a-memcpy-stub.o)
                0x0800bee4                memcpy
 .text.memset   0x0800bef6       0x10 c:/ac6/systemworkbench/plugins/fr.ac6.mcu.externaltools.arm-none.win32_1.13.3.201707031232/tools/compiler/bin/../lib/gcc/arm-none-eabi/5.4.1/../../../../arm-none-eabi/lib/armv6-m\libc_nano.a(lib_a-memset.o)
                0x0800bef6                memset
 .text.__sfputc_r
                0x0800bf06       0x2a c:/ac6/systemworkbench/plugins/fr.ac6.mcu.externaltools.arm-none.win32_1.13.3.201707031232/tools/compiler/bin/../lib/gcc/arm-none-eabi/5.4.1/../../../../arm-none-eabi/lib/armv6-m\libc_nano.a(lib_a-nano-vfprintf.o)
 .text.__sfputs_r
                0x0800bf30       0x24 c:/ac6/systemworkbench/plugins/fr.ac6.mcu.externaltools.arm-none.win32_1.13.3.201707031232/tools/compiler/bin/../lib/gcc/arm-none-eabi/5.4.1/../../../../arm-none-eabi/lib/armv6-m\libc_nano.a(lib_a-nano-vfprintf.o)
                0x0800bf30                __sfputs_r
 .text._vfprintf_r
                0x0800bf54      0x238 c:/ac6/systemworkbench/plugins/fr.ac6.mcu.externaltools.arm-none.win32_1.13.3.201707031232/tools/compiler/bin/../lib/gcc/arm-none-eabi/5.4.1/../../../../arm-none-eabi/lib/armv6-m\libc_nano.a(lib_a-nano-vfprintf.o)
                0x0800bf54                _vfprintf_r
                0x0800bf54                _vfiprintf_r
 .text._printf_common
                0x0800c18c       0xdc c:/ac6/systemworkbench/plugins/fr.ac6.mcu.externaltools.arm-none.win32_1.13.3.201707031232/tools/compiler/bin/../lib/gcc/arm-none-eabi/5.4.1/../../../../arm-none-eabi/lib/armv6-m\libc_nano.a(lib_a-nano-vfprintf_i.o)
                0x0800c18c                _printf_common
 .text._printf_i
                0x0800c268      0x244 c:/ac6/systemworkbench/plugins/fr.ac6.mcu.externaltools.arm-none.win32_1.13.3.201707031232/tools/compiler/bin/../lib/gcc/arm-none-eabi/5.4.1/../../../../arm-none-eabi/lib/armv6-m\libc_nano.a(lib_a-nano-vfprintf_i.o)
                0x0800c268                _printf_i
 .text.sprintf  0x0800c4ac       0x44 c:/ac6/systemworkbench/plugins/fr.ac6.mcu.externaltools.arm-none.win32_1.13.3.201707031232/tools/compiler/bin/../lib/gcc/arm-none-eabi/5.4.1/../../../../arm-none-eabi/lib/armv6-m\libc_nano.a(lib_a-sprintf.o)
                0x0800c4ac                siprintf
                0x0800c4ac                sprintf
 .text.__swbuf_r
                0x0800c4f0       0xac c:/ac6/systemworkbench/plugins/fr.ac6.mcu.externaltools.arm-none.win32_1.13.3.201707031232/tools/compiler/bin/../lib/gcc/arm-none-eabi/5.4.1/../../../../arm-none-eabi/lib/armv6-m\libc_nano.a(lib_a-wbuf.o)
                0x0800c4f0                __swbuf_r
 .text.__swsetup_r
                0x0800c59c       0xec c:/ac6/systemworkbench/plugins/fr.ac6.mcu.externaltools.arm-none.win32_1.13.3.201707031232/tools/compiler/bin/../lib/gcc/arm-none-eabi/5.4.1/../../../../arm-none-eabi/lib/armv6-m\libc_nano.a(lib_a-wsetup.o)
                0x0800c59c                __swsetup_r
 .text.abort    0x0800c688        0xe c:/ac6/systemworkbench/plugins/fr.ac6.mcu.externaltools.arm-none.win32_1.13.3.201707031232/tools/compiler/bin/../lib/gcc/arm-none-eabi/5.4.1/../../../../arm-none-eabi/lib/armv6-m\libc_nano.a(lib_a-abort.o)
                0x0800c688                abort
 *fill*         0x0800c696        0x2 
 .text.__sflush_r
                0x0800c698      0x10c c:/ac6/systemworkbench/plugins/fr.ac6.mcu.externaltools.arm-none.win32_1.13.3.201707031232/tools/compiler/bin/../lib/gcc/arm-none-eabi/5.4.1/../../../../arm-none-eabi/lib/armv6-m\libc_nano.a(lib_a-fflush.o)
                0x0800c698                __sflush_r
 .text._fflush_r
                0x0800c7a4       0x58 c:/ac6/systemworkbench/plugins/fr.ac6.mcu.externaltools.arm-none.win32_1.13.3.201707031232/tools/compiler/bin/../lib/gcc/arm-none-eabi/5.4.1/../../../../arm-none-eabi/lib/armv6-m\libc_nano.a(lib_a-fflush.o)
                0x0800c7a4                _fflush_r
 .text._cleanup_r
                0x0800c7fc       0x10 c:/ac6/systemworkbench/plugins/fr.ac6.mcu.externaltools.arm-none.win32_1.13.3.201707031232/tools/compiler/bin/../lib/gcc/arm-none-eabi/5.4.1/../../../../arm-none-eabi/lib/armv6-m\libc_nano.a(lib_a-findfp.o)
                0x0800c7fc                _cleanup_r
 .text.std.isra.0
                0x0800c80c       0x48 c:/ac6/systemworkbench/plugins/fr.ac6.mcu.externaltools.arm-none.win32_1.13.3.201707031232/tools/compiler/bin/../lib/gcc/arm-none-eabi/5.4.1/../../../../arm-none-eabi/lib/armv6-m\libc_nano.a(lib_a-findfp.o)
 .text.__sfmoreglue
                0x0800c854       0x2c c:/ac6/systemworkbench/plugins/fr.ac6.mcu.externaltools.arm-none.win32_1.13.3.201707031232/tools/compiler/bin/../lib/gcc/arm-none-eabi/5.4.1/../../../../arm-none-eabi/lib/armv6-m\libc_nano.a(lib_a-findfp.o)
                0x0800c854                __sfmoreglue
 .text.__sinit  0x0800c880       0x68 c:/ac6/systemworkbench/plugins/fr.ac6.mcu.externaltools.arm-none.win32_1.13.3.201707031232/tools/compiler/bin/../lib/gcc/arm-none-eabi/5.4.1/../../../../arm-none-eabi/lib/armv6-m\libc_nano.a(lib_a-findfp.o)
                0x0800c880                __sinit
 .text.__sfp    0x0800c8e8       0x7c c:/ac6/systemworkbench/plugins/fr.ac6.mcu.externaltools.arm-none.win32_1.13.3.201707031232/tools/compiler/bin/../lib/gcc/arm-none-eabi/5.4.1/../../../../arm-none-eabi/lib/armv6-m\libc_nano.a(lib_a-findfp.o)
                0x0800c8e8                __sfp
 .text._fwalk_reent
                0x0800c964       0x42 c:/ac6/systemworkbench/plugins/fr.ac6.mcu.externaltools.arm-none.win32_1.13.3.201707031232/tools/compiler/bin/../lib/gcc/arm-none-eabi/5.4.1/../../../../arm-none-eabi/lib/armv6-m\libc_nano.a(lib_a-fwalk.o)
                0x0800c964                _fwalk_reent
 *fill*         0x0800c9a6        0x2 
 .text.__swhatbuf_r
                0x0800c9a8       0x4c c:/ac6/systemworkbench/plugins/fr.ac6.mcu.externaltools.arm-none.win32_1.13.3.201707031232/tools/compiler/bin/../lib/gcc/arm-none-eabi/5.4.1/../../../../arm-none-eabi/lib/armv6-m\libc_nano.a(lib_a-makebuf.o)
                0x0800c9a8                __swhatbuf_r
 .text.__smakebuf_r
                0x0800c9f4       0x7c c:/ac6/systemworkbench/plugins/fr.ac6.mcu.externaltools.arm-none.win32_1.13.3.201707031232/tools/compiler/bin/../lib/gcc/arm-none-eabi/5.4.1/../../../../arm-none-eabi/lib/armv6-m\libc_nano.a(lib_a-makebuf.o)
                0x0800c9f4                __smakebuf_r
 .text.memchr   0x0800ca70       0x16 c:/ac6/systemworkbench/plugins/fr.ac6.mcu.externaltools.arm-none.win32_1.13.3.201707031232/tools/compiler/bin/../lib/gcc/arm-none-eabi/5.4.1/../../../../arm-none-eabi/lib/armv6-m\libc_nano.a(lib_a-memchr-stub.o)
                0x0800ca70                memchr
 .text.memmove  0x0800ca86       0x2a c:/ac6/systemworkbench/plugins/fr.ac6.mcu.externaltools.arm-none.win32_1.13.3.201707031232/tools/compiler/bin/../lib/gcc/arm-none-eabi/5.4.1/../../../../arm-none-eabi/lib/armv6-m\libc_nano.a(lib_a-memmove.o)
                0x0800ca86                memmove
 .text._free_r  0x0800cab0       0x98 c:/ac6/systemworkbench/plugins/fr.ac6.mcu.externaltools.arm-none.win32_1.13.3.201707031232/tools/compiler/bin/../lib/gcc/arm-none-eabi/5.4.1/../../../../arm-none-eabi/lib/armv6-m\libc_nano.a(lib_a-nano-freer.o)
                0x0800cab0                _free_r
 .text._malloc_r
                0x0800cb48       0xc0 c:/ac6/systemworkbench/plugins/fr.ac6.mcu.externaltools.arm-none.win32_1.13.3.201707031232/tools/compiler/bin/../lib/gcc/arm-none-eabi/5.4.1/../../../../arm-none-eabi/lib/armv6-m\libc_nano.a(lib_a-nano-mallocr.o)
                0x0800cb48                _malloc_r
 .text._realloc_r
                0x0800cc08       0x4c c:/ac6/systemworkbench/plugins/fr.ac6.mcu.externaltools.arm-none.win32_1.13.3.201707031232/tools/compiler/bin/../lib/gcc/arm-none-eabi/5.4.1/../../../../arm-none-eabi/lib/armv6-m\libc_nano.a(lib_a-nano-reallocr.o)
                0x0800cc08                _realloc_r
 .text.__ssputs_r
                0x0800cc54       0xc4 c:/ac6/systemworkbench/plugins/fr.ac6.mcu.externaltools.arm-none.win32_1.13.3.201707031232/tools/compiler/bin/../lib/gcc/arm-none-eabi/5.4.1/../../../../arm-none-eabi/lib/armv6-m\libc_nano.a(lib_a-nano-svfprintf.o)
                0x0800cc54                __ssputs_r
 .text._svfprintf_r
                0x0800cd18      0x1fc c:/ac6/systemworkbench/plugins/fr.ac6.mcu.externaltools.arm-none.win32_1.13.3.201707031232/tools/compiler/bin/../lib/gcc/arm-none-eabi/5.4.1/../../../../arm-none-eabi/lib/armv6-m\libc_nano.a(lib_a-nano-svfprintf.o)
                0x0800cd18                _svfiprintf_r
                0x0800cd18                _svfprintf_r
 .text._sbrk_r  0x0800cf14       0x24 c:/ac6/systemworkbench/plugins/fr.ac6.mcu.externaltools.arm-none.win32_1.13.3.201707031232/tools/compiler/bin/../lib/gcc/arm-none-eabi/5.4.1/../../../../arm-none-eabi/lib/armv6-m\libc_nano.a(lib_a-sbrkr.o)
                0x0800cf14                _sbrk_r
 .text._raise_r
                0x0800cf38       0x54 c:/ac6/systemworkbench/plugins/fr.ac6.mcu.externaltools.arm-none.win32_1.13.3.201707031232/tools/compiler/bin/../lib/gcc/arm-none-eabi/5.4.1/../../../../arm-none-eabi/lib/armv6-m\libc_nano.a(lib_a-signal.o)
                0x0800cf38                _raise_r
 .text.raise    0x0800cf8c       0x14 c:/ac6/systemworkbench/plugins/fr.ac6.mcu.externaltools.arm-none.win32_1.13.3.201707031232/tools/compiler/bin/../lib/gcc/arm-none-eabi/5.4.1/../../../../arm-none-eabi/lib/armv6-m\libc_nano.a(lib_a-signal.o)
                0x0800cf8c                raise
 .text._kill_r  0x0800cfa0       0x24 c:/ac6/systemworkbench/plugins/fr.ac6.mcu.externaltools.arm-none.win32_1.13.3.201707031232/tools/compiler/bin/../lib/gcc/arm-none-eabi/5.4.1/../../../../arm-none-eabi/lib/armv6-m\libc_nano.a(lib_a-signalr.o)
                0x0800cfa0                _kill_r
 .text._getpid_r
                0x0800cfc4        0x8 c:/ac6/systemworkbench/plugins/fr.ac6.mcu.externaltools.arm-none.win32_1.13.3.201707031232/tools/compiler/bin/../lib/gcc/arm-none-eabi/5.4.1/../../../../arm-none-eabi/lib/armv6-m\libc_nano.a(lib_a-signalr.o)
                0x0800cfc4                _getpid_r
 .text.__sread  0x0800cfcc       0x28 c:/ac6/systemworkbench/plugins/fr.ac6.mcu.externaltools.arm-none.win32_1.13.3.201707031232/tools/compiler/bin/../lib/gcc/arm-none-eabi/5.4.1/../../../../arm-none-eabi/lib/armv6-m\libc_nano.a(lib_a-stdio.o)
                0x0800cfcc                __sread
 .text.__swrite
                0x0800cff4       0x38 c:/ac6/systemworkbench/plugins/fr.ac6.mcu.externaltools.arm-none.win32_1.13.3.201707031232/tools/compiler/bin/../lib/gcc/arm-none-eabi/5.4.1/../../../../arm-none-eabi/lib/armv6-m\libc_nano.a(lib_a-stdio.o)
                0x0800cff4                __swrite
 .text.__sseek  0x0800d02c       0x2c c:/ac6/systemworkbench/plugins/fr.ac6.mcu.externaltools.arm-none.win32_1.13.3.201707031232/tools/compiler/bin/../lib/gcc/arm-none-eabi/5.4.1/../../../../arm-none-eabi/lib/armv6-m\libc_nano.a(lib_a-stdio.o)
                0x0800d02c                __sseek
 .text.__sclose
                0x0800d058        0xc c:/ac6/systemworkbench/plugins/fr.ac6.mcu.externaltools.arm-none.win32_1.13.3.201707031232/tools/compiler/bin/../lib/gcc/arm-none-eabi/5.4.1/../../../../arm-none-eabi/lib/armv6-m\libc_nano.a(lib_a-stdio.o)
                0x0800d058                __sclose
 .text._write_r
                0x0800d064       0x28 c:/ac6/systemworkbench/plugins/fr.ac6.mcu.externaltools.arm-none.win32_1.13.3.201707031232/tools/compiler/bin/../lib/gcc/arm-none-eabi/5.4.1/../../../../arm-none-eabi/lib/armv6-m\libc_nano.a(lib_a-writer.o)
                0x0800d064                _write_r
 .text._close_r
                0x0800d08c       0x24 c:/ac6/systemworkbench/plugins/fr.ac6.mcu.externaltools.arm-none.win32_1.13.3.201707031232/tools/compiler/bin/../lib/gcc/arm-none-eabi/5.4.1/../../../../arm-none-eabi/lib/armv6-m\libc_nano.a(lib_a-closer.o)
                0x0800d08c                _close_r
 .text._fstat_r
                0x0800d0b0       0x24 c:/ac6/systemworkbench/plugins/fr.ac6.mcu.externaltools.arm-none.win32_1.13.3.201707031232/tools/compiler/bin/../lib/gcc/arm-none-eabi/5.4.1/../../../../arm-none-eabi/lib/armv6-m\libc_nano.a(lib_a-fstatr.o)
                0x0800d0b0                _fstat_r
 .text._isatty_r
                0x0800d0d4       0x24 c:/ac6/systemworkbench/plugins/fr.ac6.mcu.externaltools.arm-none.win32_1.13.3.201707031232/tools/compiler/bin/../lib/gcc/arm-none-eabi/5.4.1/../../../../arm-none-eabi/lib/armv6-m\libc_nano.a(lib_a-isattyr.o)
                0x0800d0d4                _isatty_r
 .text._lseek_r
                0x0800d0f8       0x28 c:/ac6/systemworkbench/plugins/fr.ac6.mcu.externaltools.arm-none.win32_1.13.3.201707031232/tools/compiler/bin/../lib/gcc/arm-none-eabi/5.4.1/../../../../arm-none-eabi/lib/armv6-m\libc_nano.a(lib_a-lseekr.o)
                0x0800d0f8                _lseek_r
 .text.__malloc_lock
                0x0800d120        0x2 c:/ac6/systemworkbench/plugins/fr.ac6.mcu.externaltools.arm-none.win32_1.13.3.201707031232/tools/compiler/bin/../lib/gcc/arm-none-eabi/5.4.1/../../../../arm-none-eabi/lib/armv6-m\libc_nano.a(lib_a-mlock.o)
                0x0800d120                __malloc_lock
 .text.__malloc_unlock
                0x0800d122        0x2 c:/ac6/systemworkbench/plugins/fr.ac6.mcu.externaltools.arm-none.win32_1.13.3.201707031232/tools/compiler/bin/../lib/gcc/arm-none-eabi/5.4.1/../../../../arm-none-eabi/lib/armv6-m\libc_nano.a(lib_a-mlock.o)
                0x0800d122                __malloc_unlock
 .text._malloc_usable_size_r
                0x0800d124       0x16 c:/ac6/systemworkbench/plugins/fr.ac6.mcu.externaltools.arm-none.win32_1.13.3.201707031232/tools/compiler/bin/../lib/gcc/arm-none-eabi/5.4.1/../../../../arm-none-eabi/lib/armv6-m\libc_nano.a(lib_a-nano-msizer.o)
                0x0800d124                _malloc_usable_size_r
 *fill*         0x0800d13a        0x2 
 .text._read_r  0x0800d13c       0x28 c:/ac6/systemworkbench/plugins/fr.ac6.mcu.externaltools.arm-none.win32_1.13.3.201707031232/tools/compiler/bin/../lib/gcc/arm-none-eabi/5.4.1/../../../../arm-none-eabi/lib/armv6-m\libc_nano.a(lib_a-readr.o)
                0x0800d13c                _read_r
 .text._close   0x0800d164       0x10 c:/ac6/systemworkbench/plugins/fr.ac6.mcu.externaltools.arm-none.win32_1.13.3.201707031232/tools/compiler/bin/../lib/gcc/arm-none-eabi/5.4.1/../../../../arm-none-eabi/lib/armv6-m\libnosys.a(close.o)
                0x0800d164                _close
 .text._fstat   0x0800d174       0x10 c:/ac6/systemworkbench/plugins/fr.ac6.mcu.externaltools.arm-none.win32_1.13.3.201707031232/tools/compiler/bin/../lib/gcc/arm-none-eabi/5.4.1/../../../../arm-none-eabi/lib/armv6-m\libnosys.a(fstat.o)
                0x0800d174                _fstat
 .text._getpid  0x0800d184       0x10 c:/ac6/systemworkbench/plugins/fr.ac6.mcu.externaltools.arm-none.win32_1.13.3.201707031232/tools/compiler/bin/../lib/gcc/arm-none-eabi/5.4.1/../../../../arm-none-eabi/lib/armv6-m\libnosys.a(getpid.o)
                0x0800d184                _getpid
 .text._isatty  0x0800d194       0x10 c:/ac6/systemworkbench/plugins/fr.ac6.mcu.externaltools.arm-none.win32_1.13.3.201707031232/tools/compiler/bin/../lib/gcc/arm-none-eabi/5.4.1/../../../../arm-none-eabi/lib/armv6-m\libnosys.a(isatty.o)
                0x0800d194                _isatty
 .text._kill    0x0800d1a4       0x10 c:/ac6/systemworkbench/plugins/fr.ac6.mcu.externaltools.arm-none.win32_1.13.3.201707031232/tools/compiler/bin/../lib/gcc/arm-none-eabi/5.4.1/../../../../arm-none-eabi/lib/armv6-m\libnosys.a(kill.o)
                0x0800d1a4                _kill
 .text._lseek   0x0800d1b4       0x10 c:/ac6/systemworkbench/plugins/fr.ac6.mcu.externaltools.arm-none.win32_1.13.3.201707031232/tools/compiler/bin/../lib/gcc/arm-none-eabi/5.4.1/../../../../arm-none-eabi/lib/armv6-m\libnosys.a(lseek.o)
                0x0800d1b4                _lseek
 .text._read    0x0800d1c4       0x10 c:/ac6/systemworkbench/plugins/fr.ac6.mcu.externaltools.arm-none.win32_1.13.3.201707031232/tools/compiler/bin/../lib/gcc/arm-none-eabi/5.4.1/../../../../arm-none-eabi/lib/armv6-m\libnosys.a(read.o)
                0x0800d1c4                _read
 .text._sbrk    0x0800d1d4       0x1c c:/ac6/systemworkbench/plugins/fr.ac6.mcu.externaltools.arm-none.win32_1.13.3.201707031232/tools/compiler/bin/../lib/gcc/arm-none-eabi/5.4.1/../../../../arm-none-eabi/lib/armv6-m\libnosys.a(sbrk.o)
                0x0800d1d4                _sbrk
 .text._write   0x0800d1f0       0x10 c:/ac6/systemworkbench/plugins/fr.ac6.mcu.externaltools.arm-none.win32_1.13.3.201707031232/tools/compiler/bin/../lib/gcc/arm-none-eabi/5.4.1/../../../../arm-none-eabi/lib/armv6-m\libnosys.a(write.o)
                0x0800d1f0                _write
 .text._exit    0x0800d200        0x4 c:/ac6/systemworkbench/plugins/fr.ac6.mcu.externaltools.arm-none.win32_1.13.3.201707031232/tools/compiler/bin/../lib/gcc/arm-none-eabi/5.4.1/../../../../arm-none-eabi/lib/armv6-m\libnosys.a(_exit.o)
                0x0800d200                _exit
 *(.glue_7)
 .glue_7        0x0800d204        0x0 linker stubs
 *(.glue_7t)
 .glue_7t       0x0800d204        0x0 linker stubs
 *(.eh_frame)
 .eh_frame      0x0800d204        0x0 c:/ac6/systemworkbench/plugins/fr.ac6.mcu.externaltools.arm-none.win32_1.13.3.201707031232/tools/compiler/bin/../lib/gcc/arm-none-eabi/5.4.1/armv6-m/crtbegin.o
 *(.init)
 .init          0x0800d204        0x4 c:/ac6/systemworkbench/plugins/fr.ac6.mcu.externaltools.arm-none.win32_1.13.3.201707031232/tools/compiler/bin/../lib/gcc/arm-none-eabi/5.4.1/armv6-m/crti.o
                0x0800d204                _init
 .init          0x0800d208        0x8 c:/ac6/systemworkbench/plugins/fr.ac6.mcu.externaltools.arm-none.win32_1.13.3.201707031232/tools/compiler/bin/../lib/gcc/arm-none-eabi/5.4.1/armv6-m/crtn.o
 *(.fini)
 .fini          0x0800d210        0x4 c:/ac6/systemworkbench/plugins/fr.ac6.mcu.externaltools.arm-none.win32_1.13.3.201707031232/tools/compiler/bin/../lib/gcc/arm-none-eabi/5.4.1/armv6-m/crti.o
                0x0800d210                _fini
 .fini          0x0800d214        0x8 c:/ac6/systemworkbench/plugins/fr.ac6.mcu.externaltools.arm-none.win32_1.13.3.201707031232/tools/compiler/bin/../lib/gcc/arm-none-eabi/5.4.1/armv6-m/crtn.o
                0x0800d21c                . = ALIGN (0x4)
                0x0800d21c                _etext = .

.vfp11_veneer   0x0800d21c        0x0
 .vfp11_veneer  0x0800d21c        0x0 linker stubs

.v4_bx          0x0800d21c        0x0
 .v4_bx         0x0800d21c        0x0 linker stubs

.iplt           0x0800d21c        0x0
 .iplt          0x0800d21c        0x0 c:/ac6/systemworkbench/plugins/fr.ac6.mcu.externaltools.arm-none.win32_1.13.3.201707031232/tools/compiler/bin/../lib/gcc/arm-none-eabi/5.4.1/armv6-m/crtbegin.o

.rodata         0x0800d21c      0xd78
                0x0800d21c                . = ALIGN (0x4)
 *(.rodata)
 .rodata        0x0800d21c       0x48 Drivers/STM32L0xx_HAL_Driver/Src/stm32l0xx_hal_uart.o
 .rodata        0x0800d264       0x4e Drivers/freemodbus/modbus/rtu/mbrtu.o
 *fill*         0x0800d2b2        0x2 
 .rodata        0x0800d2b4      0x200 Drivers/freemodbus/port/mbcrc.o
 .rodata        0x0800d4b4      0x240 Src/lcd.o
 .rodata        0x0800d6f4       0x24 Src/system_stm32l0xx.o
                0x0800d6f4                PLLMulTable
                0x0800d700                AHBPrescTable
                0x0800d710                APBPrescTable
 .rodata        0x0800d718       0x80 c:/ac6/systemworkbench/plugins/fr.ac6.mcu.externaltools.arm-none.win32_1.13.3.201707031232/tools/compiler/bin/../lib/gcc/arm-none-eabi/5.4.1/armv6-m\libgcc.a(divsf3.o)
 .rodata        0x0800d798       0x40 c:/ac6/systemworkbench/plugins/fr.ac6.mcu.externaltools.arm-none.win32_1.13.3.201707031232/tools/compiler/bin/../lib/gcc/arm-none-eabi/5.4.1/armv6-m\libgcc.a(mulsf3.o)
 .rodata        0x0800d7d8       0x40 c:/ac6/systemworkbench/plugins/fr.ac6.mcu.externaltools.arm-none.win32_1.13.3.201707031232/tools/compiler/bin/../lib/gcc/arm-none-eabi/5.4.1/armv6-m\libgcc.a(divdf3.o)
 .rodata        0x0800d818       0x40 c:/ac6/systemworkbench/plugins/fr.ac6.mcu.externaltools.arm-none.win32_1.13.3.201707031232/tools/compiler/bin/../lib/gcc/arm-none-eabi/5.4.1/armv6-m\libgcc.a(muldf3.o)
 *(.rodata*)
 .rodata.str1.4
                0x0800d858       0x38 Drivers/STM32L0xx_HAL_Driver/Src/stm32l0xx_hal_adc.o
 .rodata.str1.4
                0x0800d890       0x39 Drivers/STM32L0xx_HAL_Driver/Src/stm32l0xx_hal_comp.o
 *fill*         0x0800d8c9        0x3 
 .rodata.str1.4
                0x0800d8cc       0x3b Drivers/STM32L0xx_HAL_Driver/Src/stm32l0xx_hal_cortex.o
 *fill*         0x0800d907        0x1 
 .rodata.str1.4
                0x0800d908       0x38 Drivers/STM32L0xx_HAL_Driver/Src/stm32l0xx_hal_dma.o
 .rodata.str1.4
                0x0800d940       0x3d Drivers/STM32L0xx_HAL_Driver/Src/stm32l0xx_hal_flash_ex.o
 *fill*         0x0800d97d        0x3 
 .rodata.str1.4
                0x0800d980       0x39 Drivers/STM32L0xx_HAL_Driver/Src/stm32l0xx_hal_gpio.o
 *fill*         0x0800d9b9        0x3 
 .rodata.str1.4
                0x0800d9bc       0x38 Drivers/STM32L0xx_HAL_Driver/Src/stm32l0xx_hal_i2c.o
 .rodata.str1.4
                0x0800d9f4       0x3b Drivers/STM32L0xx_HAL_Driver/Src/stm32l0xx_hal_i2c_ex.o
 *fill*         0x0800da2f        0x1 
 .rodata.str1.4
                0x0800da30       0x38 Drivers/STM32L0xx_HAL_Driver/Src/stm32l0xx_hal_pwr.o
 .rodata.str1.4
                0x0800da68       0x38 Drivers/STM32L0xx_HAL_Driver/Src/stm32l0xx_hal_rcc.o
 .rodata.str1.4
                0x0800daa0       0x3b Drivers/STM32L0xx_HAL_Driver/Src/stm32l0xx_hal_rcc_ex.o
 *fill*         0x0800dadb        0x1 
 .rodata.str1.4
                0x0800dadc       0x38 Drivers/STM32L0xx_HAL_Driver/Src/stm32l0xx_hal_rtc.o
 .rodata.str1.4
                0x0800db14       0x3b Drivers/STM32L0xx_HAL_Driver/Src/stm32l0xx_hal_rtc_ex.o
 *fill*         0x0800db4f        0x1 
 .rodata.str1.4
                0x0800db50       0x38 Drivers/STM32L0xx_HAL_Driver/Src/stm32l0xx_hal_spi.o
 .rodata.str1.4
                0x0800db88       0x38 Drivers/STM32L0xx_HAL_Driver/Src/stm32l0xx_hal_tim.o
 .rodata.str1.4
                0x0800dbc0       0x3b Drivers/STM32L0xx_HAL_Driver/Src/stm32l0xx_hal_tim_ex.o
 *fill*         0x0800dbfb        0x1 
 .rodata.str1.4
                0x0800dbfc       0x39 Drivers/STM32L0xx_HAL_Driver/Src/stm32l0xx_hal_uart.o
 *fill*         0x0800dc35        0x3 
 .rodata.str1.4
                0x0800dc38       0xef Drivers/freemodbus/modbus/rtu/mbrtu.o
 *fill*         0x0800dd27        0x1 
 .rodata.str1.4
                0x0800dd28        0xd Src/adc.o
 *fill*         0x0800dd35        0x3 
 .rodata.str1.4
                0x0800dd38        0xe Src/comp.o
 *fill*         0x0800dd46        0x2 
 .rodata.str1.4
                0x0800dd48        0xd Src/i2c.o
 *fill*         0x0800dd55        0x3 
 .rodata.str1.4
                0x0800dd58       0x14 Src/main.o
 .rodata.str1.4
                0x0800dd6c      0x10d Src/mbtask.o
 *fill*         0x0800de79        0x3 
 .rodata.str1.4
                0x0800de7c        0xd Src/rtc.o
 *fill*         0x0800de89        0x3 
 .rodata.str1.4
                0x0800de8c        0xd Src/spi.o
 *fill*         0x0800de99        0x3 
 .rodata.str1.4
                0x0800de9c        0xd Src/tim.o
 *fill*         0x0800dea9        0x3 
 .rodata.str1.4
                0x0800deac        0xf Src/usart.o
 *fill*         0x0800debb        0x1 
 .rodata.str1.4
                0x0800debc        0x4 c:/ac6/systemworkbench/plugins/fr.ac6.mcu.externaltools.arm-none.win32_1.13.3.201707031232/tools/compiler/bin/../lib/gcc/arm-none-eabi/5.4.1/../../../../arm-none-eabi/lib/armv6-m\libm.a(lib_a-w_log.o)
                                  0x5 (size before relaxing)
 .rodata.str1.1
                0x0800dec0       0x3c c:/ac6/systemworkbench/plugins/fr.ac6.mcu.externaltools.arm-none.win32_1.13.3.201707031232/tools/compiler/bin/../lib/gcc/arm-none-eabi/5.4.1/../../../../arm-none-eabi/lib/armv6-m\libc_nano.a(lib_a-assert.o)
                                 0x3d (size before relaxing)
 .rodata._global_impure_ptr
                0x0800defc        0x4 c:/ac6/systemworkbench/plugins/fr.ac6.mcu.externaltools.arm-none.win32_1.13.3.201707031232/tools/compiler/bin/../lib/gcc/arm-none-eabi/5.4.1/../../../../arm-none-eabi/lib/armv6-m\libc_nano.a(lib_a-impure.o)
                0x0800defc                _global_impure_ptr
 .rodata.str1.1
                0x0800df00       0x11 c:/ac6/systemworkbench/plugins/fr.ac6.mcu.externaltools.arm-none.win32_1.13.3.201707031232/tools/compiler/bin/../lib/gcc/arm-none-eabi/5.4.1/../../../../arm-none-eabi/lib/armv6-m\libc_nano.a(lib_a-nano-vfprintf.o)
 .rodata.str1.1
                0x0800df11       0x22 c:/ac6/systemworkbench/plugins/fr.ac6.mcu.externaltools.arm-none.win32_1.13.3.201707031232/tools/compiler/bin/../lib/gcc/arm-none-eabi/5.4.1/../../../../arm-none-eabi/lib/armv6-m\libc_nano.a(lib_a-nano-vfprintf_i.o)
 *fill*         0x0800df33        0x1 
 .rodata.__sf_fake_stdin
                0x0800df34       0x20 c:/ac6/systemworkbench/plugins/fr.ac6.mcu.externaltools.arm-none.win32_1.13.3.201707031232/tools/compiler/bin/../lib/gcc/arm-none-eabi/5.4.1/../../../../arm-none-eabi/lib/armv6-m\libc_nano.a(lib_a-findfp.o)
                0x0800df34                __sf_fake_stdin
 .rodata.__sf_fake_stdout
                0x0800df54       0x20 c:/ac6/systemworkbench/plugins/fr.ac6.mcu.externaltools.arm-none.win32_1.13.3.201707031232/tools/compiler/bin/../lib/gcc/arm-none-eabi/5.4.1/../../../../arm-none-eabi/lib/armv6-m\libc_nano.a(lib_a-findfp.o)
                0x0800df54                __sf_fake_stdout
 .rodata.__sf_fake_stderr
                0x0800df74       0x20 c:/ac6/systemworkbench/plugins/fr.ac6.mcu.externaltools.arm-none.win32_1.13.3.201707031232/tools/compiler/bin/../lib/gcc/arm-none-eabi/5.4.1/../../../../arm-none-eabi/lib/armv6-m\libc_nano.a(lib_a-findfp.o)
                0x0800df74                __sf_fake_stderr
 .rodata.str1.1
                0x0800df94       0x11 c:/ac6/systemworkbench/plugins/fr.ac6.mcu.externaltools.arm-none.win32_1.13.3.201707031232/tools/compiler/bin/../lib/gcc/arm-none-eabi/5.4.1/../../../../arm-none-eabi/lib/armv6-m\libc_nano.a(lib_a-nano-svfprintf.o)
                0x0800dfa8                . = ALIGN (0x4)

.ARM.extab
 *(.ARM.extab* .gnu.linkonce.armextab.*)

.ARM            0x0800df94        0x8
                0x0800df94                __exidx_start = .
 *(.ARM.exidx*)
 .ARM.exidx     0x0800df94        0x8 c:/ac6/systemworkbench/plugins/fr.ac6.mcu.externaltools.arm-none.win32_1.13.3.201707031232/tools/compiler/bin/../lib/gcc/arm-none-eabi/5.4.1/armv6-m\libgcc.a(_udivmoddi4.o)
                0x0800df9c                __exidx_end = .

.rel.dyn        0x0800df9c        0x0
 .rel.iplt      0x0800df9c        0x0 c:/ac6/systemworkbench/plugins/fr.ac6.mcu.externaltools.arm-none.win32_1.13.3.201707031232/tools/compiler/bin/../lib/gcc/arm-none-eabi/5.4.1/armv6-m/crtbegin.o

.preinit_array  0x0800df9c        0x0
                0x0800df9c                PROVIDE (__preinit_array_start, .)
 *(.preinit_array*)
                0x0800df9c                PROVIDE (__preinit_array_end, .)

.init_array     0x0800df9c        0x4
                0x0800df9c                PROVIDE (__init_array_start, .)
 *(SORT(.init_array.*))
 *(.init_array*)
 .init_array    0x0800df9c        0x4 c:/ac6/systemworkbench/plugins/fr.ac6.mcu.externaltools.arm-none.win32_1.13.3.201707031232/tools/compiler/bin/../lib/gcc/arm-none-eabi/5.4.1/armv6-m/crtbegin.o
                0x0800dfa0                PROVIDE (__init_array_end, .)

.fini_array     0x0800dfa0        0x4
                [!provide]                PROVIDE (__fini_array_start, .)
 *(SORT(.fini_array.*))
 *(.fini_array*)
 .fini_array    0x0800dfa0        0x4 c:/ac6/systemworkbench/plugins/fr.ac6.mcu.externaltools.arm-none.win32_1.13.3.201707031232/tools/compiler/bin/../lib/gcc/arm-none-eabi/5.4.1/armv6-m/crtbegin.o
                [!provide]                PROVIDE (__fini_array_end, .)
                0x0800dfa4                _sidata = LOADADDR (.data)

.data           0x20000000      0x110 load address 0x0800dfa4
                0x20000000                . = ALIGN (0x4)
                0x20000000                _sdata = .
 *(.data)
 .data          0x20000000       0x84 Drivers/freemodbus/modbus/mb.o
 .data          0x20000084        0x2 Src/BV1750FVI.o
 *fill*         0x20000086        0x2 
 .data          0x20000088        0x4 Src/SoilMoisture.o
 .data          0x2000008c        0x9 Src/co2.o
                0x2000008c                tab
 *fill*         0x20000095        0x3 
 .data          0x20000098        0xc Src/mbtask.o
                0x20000098                coils
 .data          0x200000a4        0x4 Src/system_stm32l0xx.o
                0x200000a4                SystemCoreClock
 *(.data*)
 .data.__fdlib_version
                0x200000a8        0x1 c:/ac6/systemworkbench/plugins/fr.ac6.mcu.externaltools.arm-none.win32_1.13.3.201707031232/tools/compiler/bin/../lib/gcc/arm-none-eabi/5.4.1/../../../../arm-none-eabi/lib/armv6-m\libm.a(lib_a-s_lib_ver.o)
                0x200000a8                __fdlib_version
 *fill*         0x200000a9        0x3 
 .data.impure_data
                0x200000ac       0x60 c:/ac6/systemworkbench/plugins/fr.ac6.mcu.externaltools.arm-none.win32_1.13.3.201707031232/tools/compiler/bin/../lib/gcc/arm-none-eabi/5.4.1/../../../../arm-none-eabi/lib/armv6-m\libc_nano.a(lib_a-impure.o)
 .data._impure_ptr
                0x2000010c        0x4 c:/ac6/systemworkbench/plugins/fr.ac6.mcu.externaltools.arm-none.win32_1.13.3.201707031232/tools/compiler/bin/../lib/gcc/arm-none-eabi/5.4.1/../../../../arm-none-eabi/lib/armv6-m\libc_nano.a(lib_a-impure.o)
                0x2000010c                _impure_ptr
                0x20000110                . = ALIGN (0x4)
                0x20000110                _edata = .

.jcr            0x20000110        0x0 load address 0x0800e0b4
 .jcr           0x20000110        0x0 c:/ac6/systemworkbench/plugins/fr.ac6.mcu.externaltools.arm-none.win32_1.13.3.201707031232/tools/compiler/bin/../lib/gcc/arm-none-eabi/5.4.1/armv6-m/crtbegin.o

.igot.plt       0x20000110        0x0 load address 0x0800e0b4
 .igot.plt      0x20000110        0x0 c:/ac6/systemworkbench/plugins/fr.ac6.mcu.externaltools.arm-none.win32_1.13.3.201707031232/tools/compiler/bin/../lib/gcc/arm-none-eabi/5.4.1/armv6-m/crtbegin.o
                0x20000110                . = ALIGN (0x4)

.bss            0x20000110      0x7a4 load address 0x0800e0b4
                0x20000110                _sbss = .
                0x20000110                __bss_start__ = _sbss
 *(.bss)
 .bss           0x20000110       0x1c c:/ac6/systemworkbench/plugins/fr.ac6.mcu.externaltools.arm-none.win32_1.13.3.201707031232/tools/compiler/bin/../lib/gcc/arm-none-eabi/5.4.1/armv6-m/crtbegin.o
 .bss           0x2000012c       0x24 Drivers/freemodbus/modbus/functions/mbfuncother.o
 .bss           0x20000150       0x23 Drivers/freemodbus/modbus/mb.o
 *fill*         0x20000173        0x1 
 .bss           0x20000174        0xb Drivers/freemodbus/modbus/rtu/mbrtu.o
 .bss           0x2000017f        0x2 Drivers/freemodbus/port/portevent.o
 *fill*         0x20000181        0x1 
 .bss           0x20000182        0x4 Drivers/freemodbus/port/porttimer.o
                0x20000184                downcounter
 .bss           0x20000186        0x1 Src/BV1750FVI.o
 *fill*         0x20000187        0x1 
 .bss           0x20000188        0x5 Src/SoilMoisture.o
                0x2000018c                lastCalibrated
 *fill*         0x2000018d        0x3 
 .bss           0x20000190        0x8 Src/lcd.o
                0x20000190                isOn
                0x20000194                cnt
 .bss           0x20000198       0x62 Src/mbtask.o
                0x200001a8                measurementRequested
                0x200001ac                printCoils
                0x200001b1                lcdPrintRequested
                0x200001b2                calibrationRequested
                0x200001d8                data
                0x200001f1                STOPRequested
                0x200001f4                LCD_request
                0x200001f8                timcnt
 *(.bss*)
 *fill*         0x200001fa        0x2 
 .bss.__malloc_sbrk_start
                0x200001fc        0x4 c:/ac6/systemworkbench/plugins/fr.ac6.mcu.externaltools.arm-none.win32_1.13.3.201707031232/tools/compiler/bin/../lib/gcc/arm-none-eabi/5.4.1/../../../../arm-none-eabi/lib/armv6-m\libc_nano.a(lib_a-nano-mallocr.o)
                0x200001fc                __malloc_sbrk_start
 .bss.__malloc_free_list
                0x20000200        0x4 c:/ac6/systemworkbench/plugins/fr.ac6.mcu.externaltools.arm-none.win32_1.13.3.201707031232/tools/compiler/bin/../lib/gcc/arm-none-eabi/5.4.1/../../../../arm-none-eabi/lib/armv6-m\libc_nano.a(lib_a-nano-mallocr.o)
                0x20000200                __malloc_free_list
 .bss.heap_end.4167
                0x20000204        0x4 c:/ac6/systemworkbench/plugins/fr.ac6.mcu.externaltools.arm-none.win32_1.13.3.201707031232/tools/compiler/bin/../lib/gcc/arm-none-eabi/5.4.1/../../../../arm-none-eabi/lib/armv6-m\libnosys.a(sbrk.o)
 *(COMMON)
 COMMON         0x20000208        0x4 Drivers/STM32L0xx_HAL_Driver/Src/stm32l0xx_hal.o
                0x20000208                uwTick
 COMMON         0x2000020c       0x18 Drivers/STM32L0xx_HAL_Driver/Src/stm32l0xx_hal_flash.o
                0x2000020c                pFlash
 COMMON         0x20000224       0x14 Drivers/freemodbus/modbus/mb.o
                0x20000224                pxMBFrameCBTransmitterEmpty